******************************************************************************
                  TI ARM Linker Unix v16.9.4                   
******************************************************************************
>> Linked Fri Nov 24 15:29:50 2017

OUTPUT FILE NAME:   <CSRobot_01.out>
ENTRY POINT SYMBOL: "_c_int00"  address: 00008081


MEMORY CONFIGURATION

         name            origin    length      used     unused   attr    fill
----------------------  --------  ---------  --------  --------  ----  --------
  MAIN                  00000000   00040000  0000d90b  000326f5  R  X
  INFO                  00200000   00004000  00000000  00004000  R  X
  SRAM_CODE             01000000   00010000  00000000  00010000  RW X
  SRAM_DATA             20000000   00010000  000067d7  00009829  RW  


SEGMENT ALLOCATION MAP

run origin  load origin   length   init length attrs members
----------  ----------- ---------- ----------- ----- -------
00000000    00000000    0000d918   0000d918    r-x
  00000000    00000000    0000003c   0000003c    r-- .resetVecs
  00000040    00000040    0000ab3a   0000ab3a    r-x .text
  0000ab7c    0000ab7c    00002a65   00002a65    r-- .const
  0000d5e8    0000d5e8    00000330   00000330    r-- .cinit
20000000    20000000    000064d7   00000000    rw-
  20000000    20000000    00000140   00000000    rw- .vecs
  20000140    20000140    00005b90   00000000    rw- .bss
  20005cd0    20005cd0    00000807   00000000    rw- .data
2000fd00    2000fd00    00000300   00000000    rw-
  2000fd00    2000fd00    00000300   00000000    rw- .stack


SECTION ALLOCATION MAP

 output                                  attributes/
section   page    origin      length       input sections
--------  ----  ----------  ----------   ----------------
.text      0    00000040    0000ab3a     
                  00000040    0000113e     rtsv7M4_T_le_v4SPD16_eabi.lib : _printfi.obj (.text)
                  0000117e    00000002     power_tirtos_MSP432P401R.aem4f : PowerMSP432_tirtos.oem4f (.text:PowerMSP432_initPolicy)
                  00001180    00000688     MotorControl.obj (.text:MotorControlTaskFxn)
                  00001808    00000492     string.obj (.text:Graphics_drawString)
                  00001c9a    00000002     rtsv7M4_T_le_v4SPD16_eabi.lib : i_div0.obj (.text)
                  00001c9c    00000468     screenTask.obj (.text:screenTaskFxn)
                  00002104    00000004     msp432p4xx_driverlib.lib : cpu.o (.text:CPU_wfi)
                  00002108    00000430     sysbios.aem4f : BIOS.obj (.text:ti_sysbios_family_arm_m3_Hwi_excDumpRegs__I)
                  00002538    00000420     rtsv7M4_T_le_v4SPD16_eabi.lib : e_acos.obj (.text)
                  00002958    0000034c     ti.targets.arm.rtsarm.aem4f : System.oem4f (.text:xdc_runtime_System_doPrint__I)
                  00002ca4    000002b0     sensorTask.obj (.text:sensorTaskFxn)
                  00002f54    00000004     msp432p4xx_driverlib.lib : spi.o (.text:EUSCI_A_SPI_transmitData)
                  00002f58    000002b0     sysbios.aem4f : BIOS.obj (.text:ti_sysbios_knl_Semaphore_pend__E)
                  00003208    00000264     drivers_MSP432P401R.aem4f : PowerMSP432.oem4f (.text:Power_sleep)
                  0000346c    00000004     msp432p4xx_driverlib.lib : spi.o (.text:EUSCI_B_SPI_transmitData)
                  00003470    00000258     sysbios.aem4f : BIOS.obj (.text:ti_sysbios_heaps_HeapMem_free__E)
                  000036c8    00000248                   : BIOS.obj (.text:ti_sysbios_heaps_HeapMem_alloc__E)
                  00003910    000001fc                   : BIOS.obj (.text:ti_sysbios_family_arm_m3_Hwi_excHandlerMax__I)
                  00003b0c    000001f4     rtsv7M4_T_le_v4SPD16_eabi.lib : ull_div_t2.obj (.text)
                  00003d00    000001c4     sysbios.aem4f : BIOS.obj (.text:ti_sysbios_knl_Task_sleep__E)
                  00003ec4    000001b6     rtsv7M4_T_le_v4SPD16_eabi.lib : fd_add_t2.obj (.text)
                  0000407a    000001a0     msp432p4xx_driverlib.lib : pcm.o (.text:__PCM_setPowerStateAdvanced)
                  0000421a    00000002     Robot_pem4f.oem4f (.text:ti_sysbios_BIOS_nullFunc__I)
                  0000421c    00000178     drivers_MSP432P401R.aem4f : I2CMSP432.oem4f (.text:I2CMSP432_open)
                  00004394    00000178     main.obj (.text:main)
                  0000450c    00000004     tirtosport.aem4f : HwiP_tirtos.oem4f (.text:HwiP_disable)
                  00004510    00000174     sysbios.aem4f : BIOS.obj (.text:ti_sysbios_family_arm_m3_Hwi_excBusFault__I)
                  00004684    00000170     rtsv7M4_T_le_v4SPD16_eabi.lib : e_sqrt.obj (.text)
                  000047f4    00000004     msp432p4xx_driverlib.lib : i2c.o (.text:I2C_setSlaveAddress)
                  000047f8    00000164     sysbios.aem4f : BIOS.obj (.text:ti_sysbios_family_arm_m3_Hwi_excUsageFault__I)
                  0000495c    00000158     Sharp96x96.obj (.text:Sharp96x96_RectFill)
                  00004ab4    00000004     drivers_MSP432P401R.aem4f : List.oem4f (.text:List_head)
                  00004ab8    00000148     sysbios.aem4f : BIOS.obj (.text:ti_sysbios_family_arm_m3_Hwi_excMemFault__I)
                  00004c00    00000140     drivers_MSP432P401R.aem4f : GPIOMSP432.oem4f (.text:GPIO_setConfig)
                  00004d40    0000013c     sysbios.aem4f : BIOS.obj (.text:ti_sysbios_heaps_HeapMem_Instance_init__E)
                  00004e7c    00000138     Sharp96x96.obj (.text:Sharp96x96_LineDrawH)
                  00004fb4    00000136     rtsv7M4_T_le_v4SPD16_eabi.lib : fd_div_t2.obj (.text)
                  000050ea    00000118     drivers_MSP432P401R.aem4f : I2CMSP432.oem4f (.text:I2CMSP432_hwiIntFxn)
                  00005202    00000002     --HOLE-- [fill = 0]
                  00005204    00000118     ti.targets.arm.rtsarm.aem4f : Error.oem4f (.text:xdc_runtime_Error_policyDefault__E)
                  0000531c    00000004     drivers_MSP432P401R.aem4f : List.oem4f (.text:List_next)
                  00005320    00000108     sysbios.aem4f : BIOS.obj (.text:ti_sysbios_knl_Clock_Instance_init__E)
                  00005428    00000100     ti.targets.arm.rtsarm.aem4f : Core-mem.oem4f (.text:xdc_runtime_Core_createObject__I)
                  00005528    000000fc     rtsv7M4_T_le_v4SPD16_eabi.lib : fd_mul_t2.obj (.text)
                  00005624    000000fc                                   : s_scalbn.obj (.text)
                  00005720    000000f8     ti.targets.arm.rtsarm.aem4f : Startup.oem4f (.text:xdc_runtime_Startup_startMods__I)
                  00005818    000000f8     Robot_pem4f.oem4f (.text:xdc_runtime_System_printfExtend__I)
                  00005910    000000f0     drivers_MSP432P401R.aem4f : PowerMSP432.oem4f (.text:initPerfControl)
                  00005a00    000000ec     sysbios.aem4f : m3_Hwi_asm.obj (.text:ti_sysbios_family_arm_m3_Hwi_dispatch__I)
                  00005aec    00000004     drivers_MSP432P401R.aem4f : PowerMSP432.oem4f (.text:PowerMSP432_getNumPerfLevels)
                  00005af0    000000ec     sysbios.aem4f : BIOS.obj (.text:ti_sysbios_knl_Semaphore_post__E)
                  00005bdc    000000e2     drivers_MSP432P401R.aem4f : PWMTimerMSP432.oem4f (.text:initHw)
                  00005cbe    00000002     --HOLE-- [fill = 0]
                  00005cc0    000000e0     msp432p4xx_driverlib.lib : cs.o (.text:CS_initClockSignal)
                  00005da0    000000dc                              : pcm.o (.text:__PCM_setPowerModeAdvanced)
                  00005e7c    000000d8     Sharp96x96.obj (.text:Sharp96x96_Flush)
                  00005f54    000000cc     ti.targets.arm.rtsarm.aem4f : Core-smem.oem4f (.text:xdc_runtime_Core_constructObject__I)
                  00006020    000000c4     speedTask.obj (.text:speedTaskFxn)
                  000060e4    00000004     Robot_pem4f.oem4f (.text:ti_sysbios_BIOS_RtsGateProxy_enter__E)
                  000060e8    000000bc     sysbios.aem4f : BIOS.obj (.text:ti_sysbios_family_arm_m3_Hwi_excDebugMon__I)
                  000061a4    00000004     Robot_pem4f.oem4f (.text:ti_sysbios_BIOS_RtsGateProxy_leave__E)
                  000061a8    000000bc     sysbios.aem4f : BIOS.obj (.text:ti_sysbios_family_arm_m3_Hwi_excHardFault__I)
                  00006264    00000004     Robot_pem4f.oem4f (.text:ti_sysbios_family_arm_m3_Hwi_destruct)
                  00006268    000000b4     sysbios.aem4f : BIOS.obj (.text:ti_sysbios_gates_GateMutex_enter__E)
                  0000631c    00000004     Robot_pem4f.oem4f (.text:ti_sysbios_family_arm_m3_TaskSupport_Module__startupDone__S)
                  00006320    000000b4     sysbios.aem4f : BIOS.obj (.text:ti_sysbios_knl_Task_checkStacks__E)
                  000063d4    000000b2     msp432p4xx_driverlib.lib : timer_a.o (.text:privateTimer_AProcessClockSourceDivider)
                  00006486    00000002     --HOLE-- [fill = 0]
                  00006488    000000b0                              : pcm.o (.text:__PCM_setCoreVoltageLevelAdvanced)
                  00006538    000000ac     MotorControl.obj (.text:PIDControllerLeft)
                  000065e4    000000ac     MotorControl.obj (.text:PIDControllerRight)
                  00006690    000000ac     drivers_MSP432P401R.aem4f : PWMTimerMSP432.oem4f (.text:PWMTimerMSP432_open)
                  0000673c    00000004     Robot_pem4f.oem4f (.text:ti_sysbios_heaps_HeapMem_Module_GateProxy_enter__E)
                  00006740    000000a8     sysbios.aem4f : BIOS.obj (.text:ti_sysbios_family_arm_msp432_Timer_periodicStub__E)
                  000067e8    000000a4     line.obj (.text:Graphics_drawLineH)
                  0000688c    000000a0     auto_init.aem4f : auto_init.oem4f (.text)
                  0000692c    000000a0     ti.targets.arm.rtsarm.aem4f : Text.oem4f (.text:xdc_runtime_Text_putMod__E)
                  000069cc    0000009c     rtsv7M4_T_le_v4SPD16_eabi.lib : memcpy_t2.obj (.text)
                  00006a68    0000009c     sysbios.aem4f : BIOS.obj (.text:ti_sysbios_knl_Semaphore_Instance_init__E)
                  00006b04    00000004     Robot_pem4f.oem4f (.text:ti_sysbios_heaps_HeapMem_Module_GateProxy_leave__E)
                  00006b08    0000009c     sysbios.aem4f : BIOS.obj (.text:ti_sysbios_knl_Task_postInit__I)
                  00006ba4    0000009a     ti.targets.arm.rtsarm.aem4f : Text.oem4f (.text:xdc_runtime_Text_putSite__E)
                  00006c3e    00000002     --HOLE-- [fill = 0]
                  00006c40    00000094     sysbios.aem4f : BIOS.obj (.text:ti_sysbios_family_arm_m3_Hwi_Instance_init__E)
                  00006cd4    00000004     Robot_pem4f.oem4f (.text:ti_sysbios_knl_Clock_TimerProxy_getMaxTicks__E)
                  00006cd8    00000094     sysbios.aem4f : BIOS.obj (.text:ti_sysbios_family_arm_m3_Hwi_initNVIC__E)
                  00006d6c    00000092     drivers_MSP432P401R.aem4f : I2CMSP432.oem4f (.text:I2CMSP432_cancel)
                  00006dfe    00000092                               : PWMTimerMSP432.oem4f (.text:PWMTimerMSP432_setPeriod)
                  00006e90    00000090     Sharp96x96.obj (.text:Sharp96x96_LineDrawV)
                  00006f20    0000008c     drivers_MSP432P401R.aem4f : I2CMSP432.oem4f (.text:I2CMSP432_transfer)
                  00006fac    0000008c     sysbios.aem4f : m3_TaskSupport_asm.obj (.text:ti_sysbios_family_arm_m3_TaskSupport_buildTaskStack)
                  00007038    00000088     msp432p4xx_driverlib.lib : spi.o (.text:SPI_initMaster)
                  000070c0    00000088     sysbios.aem4f : BIOS.obj (.text:ti_sysbios_family_arm_msp432_Timer_Module_startup__E)
                  00007148    00000086     rtsv7M4_T_le_v4SPD16_eabi.lib : fd_cmp_t2.obj (.text:__aeabi_cdcmple)
                  000071ce    00000086                                   : fd_cmp_t2.obj (.text:__aeabi_cdrcmple)
                  00007254    00000084     drivers_MSP432P401R.aem4f : PWMTimerMSP432.oem4f (.text:PWMTimerMSP432_setDuty)
                  000072d8    00000084     sysbios.aem4f : BIOS.obj (.text:ti_sysbios_family_arm_m3_Hwi_postInit__I)
                  0000735c    00000080     Sharp96x96.obj (.text:Sharp96x96_SendToggleVCOMCommand)
                  000073dc    0000007c     msp432p4xx_driverlib.lib : pcm.o (.text:PCM_gotoLPM3)
                  00007458    0000007c     Sharp96x96.obj (.text:Sharp96x96_ClearScreen)
                  000074d4    0000007c     Sharp96x96.obj (.text:Sharp96x96_DrawMultiple)
                  00007550    0000007a     rtsv7M4_T_le_v4SPD16_eabi.lib : memset_t2.obj (.text)
                  000075ca    00000006     drivers_MSP432P401R.aem4f : I2CMSP432.oem4f (.text:I2CMSP432_control)
                  000075d0    00000074     sysbios.aem4f : BIOS.obj (.text:ti_sysbios_knl_Clock_start__E)
                  00007644    00000004     Robot_pem4f.oem4f (.text:ti_sysbios_knl_Queue_destruct)
                  00007648    00000070     sysbios.aem4f : BIOS.obj (.text:ti_sysbios_knl_Task_exit__E)
                  000076b8    0000006d     ti.targets.arm.rtsarm.aem4f : System.oem4f (.text:xdc_runtime_System_formatNum__I)
                  00007725    00000003     --HOLE-- [fill = 0]
                  00007728    0000006c     sysbios.aem4f : BIOS.obj (.text:ti_sysbios_knl_Clock_workFunc__E)
                  00007794    00000004     Robot_pem4f.oem4f (.text:ti_sysbios_knl_Semaphore_destruct)
                  00007798    0000006c     sysbios.aem4f : BIOS.obj (.text:ti_sysbios_knl_Swi_restoreHwi__E)
                  00007804    0000006c     ti.targets.arm.rtsarm.aem4f : Error.oem4f (.text:xdc_runtime_Error_print__E)
                  00007870    0000006c                                 : Memory.oem4f (.text:xdc_runtime_Memory_alloc__E)
                  000078dc    00000068     Sharp96x96.obj (.text:Sharp96x96_PixelDraw)
                  00007944    00000068     rtsv7M4_T_le_v4SPD16_eabi.lib : copy_decompress_lzss.obj (.text:decompress:lzss)
                  000079ac    00000068     drivers_MSP432P401R.aem4f : I2CMSP432.oem4f (.text:primeTransfer)
                  00007a14    00000068     rtsv7M4_T_le_v4SPD16_eabi.lib : trgmsg.obj (.text)
                  00007a7c    00000066     drivers_MSP432P401R.aem4f : I2CMSP432.oem4f (.text:I2CMSP432_close)
                  00007ae2    00000066     ti.targets.arm.rtsarm.aem4f : Core-mem.oem4f (.text:xdc_runtime_Core_deleteObject__I)
                  00007b48    00000064     rtsv7M4_T_le_v4SPD16_eabi.lib : s_frexp.obj (.text)
                  00007bac    00000004     ti.targets.arm.rtsarm.aem4f : Error.oem4f (.text:xdc_runtime_Error_getSite__E)
                  00007bb0    00000064     sysbios.aem4f : BIOS.obj (.text:ti_sysbios_family_arm_m3_Hwi_dispatchC__I)
                  00007c14    00000062     tirtosport.aem4f : HwiP_tirtos.oem4f (.text:HwiP_create)
                  00007c76    00000062     Sharp96x96utils.obj (.text:reverse)
                  00007cd8    00000060     rtsv7M4_T_le_v4SPD16_eabi.lib : sprintf.obj (.text)
                  00007d38    00000060     sysbios.aem4f : BIOS.obj (.text:ti_sysbios_knl_Task_schedule__I)
                  00007d98    0000005c     drivers_MSP432P401R.aem4f : GPIOMSP432.oem4f (.text:GPIO_init)
                  00007df4    00000004     Robot_pem4f.oem4f (.text:xdc_runtime_System_Module_GateProxy_enter__E)
                  00007df8    0000005c     sysbios.aem4f : BIOS.obj (.text:ti_sysbios_knl_Swi_run__I)
                  00007e54    00000004     Robot_pem4f.oem4f (.text:xdc_runtime_System_Module_GateProxy_leave__E)
                  00007e58    0000005c     sysbios.aem4f : BIOS.obj (.text:ti_sysbios_knl_Swi_schedule__I)
                  00007eb4    00000004     ti.targets.arm.rtsarm.aem4f : System.oem4f (.text:xdc_runtime_System_aprintf_va__F)
                  00007eb8    0000005c     sysbios.aem4f : BIOS.obj (.text:ti_sysbios_knl_Task_Module_startup__E)
                  00007f14    00000004     ti.targets.arm.rtsarm.aem4f : System.oem4f (.text:xdc_runtime_System_printf_va__F)
                  00007f18    0000005c     sysbios.aem4f : BIOS.obj (.text:ti_sysbios_knl_Task_startCore__E)
                  00007f74    0000005b     ti.targets.arm.rtsarm.aem4f : Text.oem4f (.text:xdc_runtime_Text_putLab__E)
                  00007fcf    00000001     --HOLE-- [fill = 0]
                  00007fd0    00000058     tirtosport.aem4f : SemaphoreP_tirtos.oem4f (.text:SemaphoreP_create)
                  00008028    00000058     Sharp96x96.obj (.text:Sharp96x96_InitializeDisplayBuffer)
                  00008080    00000058     boot.aem4f : boot.oem4f (.text)
                  000080d8    00000058     MotorControl.obj (.text:forward)
                  00008130    00000058     MotorControl.obj (.text:left_slight)
                  00008188    00000058     MotorControl.obj (.text:right_slight)
                  000081e0    00000058     rtsv7M4_T_le_v4SPD16_eabi.lib : hostwrite.obj (.text)
                  00008238    00000058     Robot_pem4f.oem4f (.text:ti_sysbios_family_arm_m3_Hwi_construct)
                  00008290    00000058     sysbios.aem4f : m3_Hwi_asm_switch.obj (.text:ti_sysbios_family_arm_m3_Hwi_initStacks__E)
                  000082e8    00000054     drivers_MSP432P401R.aem4f : GPIOMSP432.oem4f (.text:GPIO_hwiIntFxn)
                  0000833c    00000054                               : GPIOMSP432.oem4f (.text:GPIO_setCallback)
                  00008390    00000054                               : PWMTimerMSP432.oem4f (.text:PWMTimerMSP432_stop)
                  000083e4    00000054     Sharp96x96.obj (.text:Sharp96x96_LCDInit)
                  00008438    00000054     drivers_MSP432P401R.aem4f : I2CMSP432.oem4f (.text:initHw)
                  0000848c    00000054     MotorControl.obj (.text:left_limit)
                  000084e0    00000054     MotorControl.obj (.text:right_limit)
                  00008534    00000054     rtsv7M4_T_le_v4SPD16_eabi.lib : exit.obj (.text)
                  00008588    00000054                                   : ltoa.obj (.text)
                  000085dc    00000004     --HOLE-- [fill = 0]
                  000085e0    00000054     sysbios.aem4f : BIOS.obj (.text:ti_sysbios_family_arm_msp432_Timer_initDevice__I)
                  00008634    00000004     --HOLE-- [fill = 0]
                  00008638    00000054                   : BIOS.obj (.text:ti_sysbios_family_arm_msp432_init_Boot_configureClocksHigh)
                  0000868c    00000054     ti.targets.arm.rtsarm.aem4f : Assert.oem4f (.text:xdc_runtime_Assert_raise__I)
                  000086e0    00000050     drivers_MSP432P401R.aem4f : GPIOMSP432.oem4f (.text:GPIO_write)
                  00008730    00000050     msp432p4xx_driverlib.lib : pcm.o (.text:PCM_shutdownDevice)
                  00008780    00000050     drivers_MSP432P401R.aem4f : PWMTimerMSP432.oem4f (.text:PWMTimerMSP432_close)
                  000087d0    00000050     MotorControl.obj (.text:stop)
                  00008820    00000050     sysbios.aem4f : BIOS.obj (.text:ti_sysbios_family_arm_m3_Hwi_Module_startup__E)
                  00008870    00000050     ti.targets.arm.rtsarm.aem4f : Startup.oem4f (.text:xdc_runtime_Startup_exec__E)
                  000088c0    00000050                                 : Text.oem4f (.text:xdc_runtime_Text_visitRope2__I)
                  00008910    0000004c     msp432p4xx_driverlib.lib : gpio.o (.text:GPIO_setAsPeripheralModuleFunctionOutputPin)
                  0000895c    0000004c     rtsv7M4_T_le_v4SPD16_eabi.lib : atoi.obj (.text)
                  000089a8    0000004c                                   : cpy_tbl.obj (.text)
                  000089f4    00000004     --HOLE-- [fill = 0]
                  000089f8    0000004c     sysbios.aem4f : BIOS.obj (.text:ti_sysbios_family_arm_msp432_Timer_start__E)
                  00008a44    00000004     --HOLE-- [fill = 0]
                  00008a48    0000004c                   : BIOS.obj (.text:ti_sysbios_heaps_HeapMem_getStats__E)
                  00008a94    00000004     --HOLE-- [fill = 0]
                  00008a98    0000004c                   : BIOS.obj (.text:ti_sysbios_knl_Swi_runLoop__I)
                  00008ae4    00000004     --HOLE-- [fill = 0]
                  00008ae8    0000004c                   : BIOS.obj (.text:ti_sysbios_knl_Task_allBlockedFunction__I)
                  00008b34    0000004a     context.obj (.text:Graphics_initContext)
                  00008b7e    00000048     msp432p4xx_driverlib.lib : timer_a.o (.text:Timer_A_generatePWM)
                  00008bc6    00000048     rtsv7M4_T_le_v4SPD16_eabi.lib : fd_toi_t2.obj (.text)
                  00008c0e    00000002     --HOLE-- [fill = 0]
                  00008c10    00000048     sysbios.aem4f : BIOS.obj (.text:ti_sysbios_family_arm_m3_Hwi_disableInterrupt__E)
                  00008c58    00000048                   : BIOS.obj (.text:ti_sysbios_family_arm_m3_Hwi_enableInterrupt__E)
                  00008ca0    00000048                   : BIOS.obj (.text:ti_sysbios_family_arm_m3_Hwi_excReserved__I)
                  00008ce8    00000046     ti.targets.arm.rtsarm.aem4f : Core-params.oem4f (.text:xdc_runtime_Core_assignParams__I)
                  00008d2e    00000002     --HOLE-- [fill = 0]
                  00008d30    00000044     MSP_EXP432P401R.obj (.text:MSP_EXP432P401R_initPWM)
                  00008d74    00000044     drivers_MSP432P401R.aem4f : PowerMSP432.oem4f (.text:Power_init)
                  00008db8    00000044     sysbios.aem4f : BIOS.obj (.text:ti_sysbios_family_arm_m3_Hwi_getStackInfo__E)
                  00008dfc    00000004     --HOLE-- [fill = 0]
                  00008e00    00000044                   : BIOS.obj (.text:ti_sysbios_knl_Swi_post__E)
                  00008e44    00000044     ti.targets.arm.rtsarm.aem4f : Error.oem4f (.text:xdc_runtime_Error_setX__E)
                  00008e88    00000044                                 : SysMin.oem4f (.text:xdc_runtime_SysMin_flush__E)
                  00008ecc    00000044                                 : Text.oem4f (.text:xdc_runtime_Text_xprintf__I)
                  00008f10    00000042     drivers_MSP432P401R.aem4f : I2CMSP432.oem4f (.text:completeTransfer)
                  00008f52    00000002     --HOLE-- [fill = 0]
                  00008f54    00000040     msp432p4xx_driverlib.lib : flash.o (.text:FlashCtl_disableReadBuffering)
                  00008f94    00000040     string.obj (.text:Graphics_getNumberOfLeadingZeros)
                  00008fd4    00000040     msp432p4xx_driverlib.lib : i2c.o (.text:I2C_masterSendMultiByteFinish)
                  00009014    00000040     drivers_MSP432P401R.aem4f : PWMTimerMSP432.oem4f (.text:PWMTimerMSP432_start)
                  00009054    00000040                               : PowerMSP432.oem4f (.text:notify)
                  00009094    00000040     rtsv7M4_T_le_v4SPD16_eabi.lib : u_divt2.obj (.text)
                  000090d4    00000004     --HOLE-- [fill = 0]
                  000090d8    00000040     sysbios.aem4f : BIOS.obj (.text:ti_sysbios_family_arm_msp432_Timer_startup__E)
                  00009118    0000003e     msp432p4xx_driverlib.lib : i2c.o (.text:I2C_initMaster)
                  00009156    00000002     --HOLE-- [fill = 0]
                  00009158    0000003c     MSP_EXP432P401R.obj (.text:MSP_EXP432P401R_initI2C)
                  00009194    0000003c     power_tirtos_MSP432P401R.aem4f : PowerMSP432_tirtos.oem4f (.text:PowerMSP432_sleepPolicy)
                  000091d0    0000003c     drivers_MSP432P401R.aem4f : PWMTimerMSP432.oem4f (.text:getPeriodCounts)
                  0000920c    00000004     --HOLE-- [fill = 0]
                  00009210    0000003c     sysbios.aem4f : BIOS.obj (.text:ti_sysbios_family_arm_m3_Hwi_excSvCall__I)
                  0000924c    00000004     --HOLE-- [fill = 0]
                  00009250    0000003c                   : BIOS.obj (.text:ti_sysbios_heaps_HeapMem_init__I)
                  0000928c    00000004     --HOLE-- [fill = 0]
                  00009290    0000003c                   : BIOS.obj (.text:ti_sysbios_knl_Swi_restore__E)
                  000092cc    00000038     drivers_MSP432P401R.aem4f : I2C.oem4f (.text:I2C_init)
                  00009304    00000038                               : PWM.oem4f (.text:PWM_init)
                  0000933c    00000038                               : PWMTimerMSP432.oem4f (.text:getDutyCounts)
                  00009374    00000038                               : I2CMSP432.oem4f (.text:perfChangeNotifyFxn)
                  000093ac    00000004     --HOLE-- [fill = 0]
                  000093b0    00000038     sysbios.aem4f : BIOS.obj (.text:ti_sysbios_family_arm_m3_Hwi_excNoIsr__I)
                  000093e8    00000038                   : BIOS.obj (.text:ti_sysbios_knl_Task_processVitalTaskFlag__I)
                  00009420    00000038     ti.targets.arm.rtsarm.aem4f : SysMin.oem4f (.text:xdc_runtime_SysMin_putch__E)
                  00009458    00000038                                 : System.oem4f (.text:xdc_runtime_System_atexit__E)
                  00009490    00000034     msp432p4xx_driverlib.lib : flash.o (.text:FlashCtl_enableReadBuffering)
                  000094c4    00000004     --HOLE-- [fill = 0]
                  000094c8    00000034     sysbios.aem4f : BIOS.obj (.text:ti_sysbios_family_arm_m3_Hwi_Instance_finalize__E)
                  000094fc    00000004     --HOLE-- [fill = 0]
                  00009500    00000034                   : BIOS.obj (.text:ti_sysbios_family_arm_m3_Hwi_excNmi__I)
                  00009534    00000004     --HOLE-- [fill = 0]
                  00009538    00000034                   : BIOS.obj (.text:ti_sysbios_hal_Hwi_checkStack)
                  0000956c    00000034     Robot_pem4f.oem4f (.text:ti_sysbios_knl_Clock_construct)
                  000095a0    00000034     ti.targets.arm.rtsarm.aem4f : Core-label.oem4f (.text:xdc_runtime_Core_assignLabel__I)
                  000095d4    00000033                                 : Text.oem4f (.text:xdc_runtime_Text_printVisFxn__I)
                  00009607    00000001     --HOLE-- [fill = 0]
                  00009608    00000032     sysbios.aem4f : BIOS.obj (.text:ti_sysbios_hal_Hwi_initStack)
                  0000963a    00000002     --HOLE-- [fill = 0]
                  0000963c    00000030     msp432p4xx_driverlib.lib : gpio.o (.text:GPIO_getEnabledInterruptStatus)
                  0000966c    00000030                              : gpio.o (.text:GPIO_setAsInputPinWithPullDownResistor)
                  0000969c    00000030                              : gpio.o (.text:GPIO_setAsInputPinWithPullUpResistor)
                  000096cc    00000030     drivers_MSP432P401R.aem4f : I2C.oem4f (.text:I2C_open)
                  000096fc    00000030                               : PWM.oem4f (.text:PWM_open)
                  0000972c    00000030     msp432p4xx_driverlib.lib : spi.o (.text:is_A_Module)
                  0000975c    00000030     Robot_pem4f.oem4f (.text:ti_sysbios_BIOS_atExitFunc__I)
                  0000978c    00000030     Robot_pem4f.oem4f (.text:ti_sysbios_BIOS_startFunc__I)
                  000097bc    00000004     --HOLE-- [fill = 0]
                  000097c0    00000030     sysbios.aem4f : BIOS.obj (.text:ti_sysbios_family_arm_m3_TaskSupport_start__E)
                  000097f0    00000030     Robot_pem4f.oem4f (.text:ti_sysbios_gates_GateHwi_Object__create__S)
                  00009820    00000030     Robot_pem4f.oem4f (.text:ti_sysbios_gates_GateMutex_Object__create__S)
                  00009850    00000030     Robot_pem4f.oem4f (.text:ti_sysbios_heaps_HeapMem_Object__create__S)
                  00009880    00000030     Robot_pem4f.oem4f (.text:ti_sysbios_knl_Semaphore_construct)
                  000098b0    00000030     sysbios.aem4f : BIOS.obj (.text:ti_sysbios_knl_Semaphore_pendTimeout__I)
                  000098e0    00000030                   : BIOS.obj (.text:ti_sysbios_knl_Task_unblockI__E)
                  00009910    00000030     ti.targets.arm.rtsarm.aem4f : SysMin.oem4f (.text:xdc_runtime_SysMin_abort__E)
                  00009940    00000030                                 : System.oem4f (.text:xdc_runtime_System_processAtExit__E)
                  00009970    0000002e     rtsv7M4_T_le_v4SPD16_eabi.lib : i_tofd_t2.obj (.text)
                  0000999e    00000002     --HOLE-- [fill = 0]
                  000099a0    0000002c     msp432p4xx_driverlib.lib : gpio.o (.text:GPIO_setAsInputPin)
                  000099cc    0000002c                              : pcm.o (.text:PCM_getCoreVoltageLevel)
                  000099f8    0000002c     power_tirtos_MSP432P401R.aem4f : PowerMSP432_tirtos.oem4f (.text:PowerMSP432_updateFreqs)
                  00009a24    0000002c     drivers_MSP432P401R.aem4f : PowerMSP432.oem4f (.text:Power_releaseConstraint)
                  00009a50    0000002c                               : PowerMSP432.oem4f (.text:Power_setConstraint)
                  00009a7c    0000002c     Robot_pem4f.oem4f (.text:ti_sysbios_knl_Clock_doTick__I)
                  00009aa8    0000002c     Robot_pem4f.oem4f (.text:ti_sysbios_knl_Queue_construct)
                  00009ad4    00000004     --HOLE-- [fill = 0]
                  00009ad8    0000002c     sysbios.aem4f : BIOS.obj (.text:ti_sysbios_knl_Task_restore__E)
                  00009b04    0000002c     ti.targets.arm.rtsarm.aem4f : Text.oem4f (.text:xdc_runtime_Text_cordText__E)
                  00009b30    0000002a     msp432p4xx_driverlib.lib : pcm.o (.text:PCM_getPowerMode)
                  00009b5a    0000002a     ti.targets.arm.rtsarm.aem4f : System.oem4f (.text:xdc_runtime_System_putchar__I)
                  00009b84    00000028     msp432p4xx_driverlib.lib : flash.o (.text:FlashCtl_setWaitState)
                  00009bac    00000028     drivers_MSP432P401R.aem4f : GPIOMSP432.oem4f (.text:GPIO_enableInt)
                  00009bd4    00000028     msp432p4xx_driverlib.lib : pcm.o (.text:PCM_gotoLPM0)
                  00009bfc    00000004     --HOLE-- [fill = 0]
                  00009c00    00000028     sysbios.aem4f : BIOS.obj (.text:ti_sysbios_knl_Clock_addI__E)
                  00009c28    00000028                   : BIOS.obj (.text:ti_sysbios_knl_Swi_Module_startup__E)
                  00009c50    00000026     drivers_MSP432P401R.aem4f : List.oem4f (.text:List_put)
                  00009c76    00000026     sysbios.aem4f : m3_Hwi_asm.obj (.text:ti_sysbios_family_arm_m3_Hwi_pendSV__I)
                  00009c9c    00000026     ti.targets.arm.rtsarm.aem4f : System.oem4f (.text:xdc_runtime_System_avprintf__E)
                  00009cc2    00000002     --HOLE-- [fill = 0]
                  00009cc4    00000024     msp432p4xx_driverlib.lib : cs.o (.text:CS_setDCOCenteredFrequency)
                  00009ce8    00000024                              : gpio.o (.text:GPIO_setAsOutputPin)
                  00009d0c    00000024                              : i2c.o (.text:I2C_masterSendMultiByteNext)
                  00009d30    00000024     Motor.obj (.text:LHMotorChannelAFallingFxn)
                  00009d54    00000024     Motor.obj (.text:RHMotorChannelAFallingFxn)
                  00009d78    00000024     msp432p4xx_driverlib.lib : rtc_c.o (.text:RTC_C_holdClock)
                  00009d9c    00000024                              : rtc_c.o (.text:RTC_C_startClock)
                  00009dc0    00000024     Robot_pem4f.oem4f (.text:ti_sysbios_BIOS_errorRaiseHook__I)
                  00009de4    00000024     Robot_pem4f.oem4f (.text:ti_sysbios_BIOS_registerRTSLock__I)
                  00009e08    00000024     Robot_pem4f.oem4f (.text:ti_sysbios_BIOS_removeRTSLock__I)
                  00009e2c    00000004     --HOLE-- [fill = 0]
                  00009e30    00000024     sysbios.aem4f : BIOS.obj (.text:ti_sysbios_family_arm_msp432_ClockFreqs_setFrequency__E)
                  00009e54    00000024     Robot_pem4f.oem4f (.text:ti_sysbios_gates_GateMutex_Object__delete__S)
                  00009e78    00000024     sysbios.aem4f : BIOS.obj (.text:ti_sysbios_knl_Clock_Module_startup__E)
                  00009e9c    00000004     --HOLE-- [fill = 0]
                  00009ea0    00000024                   : BIOS.obj (.text:ti_sysbios_knl_Task_restoreHwi__E)
                  00009ec4    00000024     ti.targets.arm.rtsarm.aem4f : System.oem4f (.text:xdc_runtime_System_vprintf__E)
                  00009ee8    00000022     Robot_pem4f.oem4f (.text:xdc_runtime_SysMin_output__I)
                  00009f0a    00000002     --HOLE-- [fill = 0]
                  00009f0c    00000020     msp432p4xx_driverlib.lib : gpio.o (.text:GPIO_interruptEdgeSelect)
                  00009f2c    00000020     drivers_MSP432P401R.aem4f : PowerMSP432.oem4f (.text:PowerMSP432_getFreqs)
                  00009f4c    00000020                               : PowerMSP432.oem4f (.text:Power_unregisterNotify)
                  00009f6c    00000020     msp432p4xx_driverlib.lib : spi.o (.text:SPI_transmitData)
                  00009f8c    00000020     main.obj (.text:clk0Fxn)
                  00009fac    00000020     Robot_pem4f.oem4f (.text:ti_sysbios_BIOS_rtsLock__I)
                  00009fcc    00000020     sysbios.aem4f : m3_Hwi_asm.obj (.text:ti_sysbios_family_arm_m3_Hwi_excHandlerAsm__I)
                  00009fec    00000004     --HOLE-- [fill = 0]
                  00009ff0    00000020                   : BIOS.obj (.text:ti_sysbios_family_arm_m3_Hwi_excHandler__I)
                  0000a010    00000020     Robot_pem4f.oem4f (.text:ti_sysbios_gates_GateHwi_Object__delete__S)
                  0000a030    00000020     Robot_pem4f.oem4f (.text:ti_sysbios_heaps_HeapMem_Object__delete__S)
                  0000a050    00000020     sysbios.aem4f : BIOS.obj (.text:ti_sysbios_knl_Idle_run__E)
                  0000a070    00000020     Robot_pem4f.oem4f (.text:ti_sysbios_knl_Semaphore_Object__destruct__S)
                  0000a090    00000020     ti.targets.arm.rtsarm.aem4f : Registry.oem4f (.text:xdc_runtime_Registry_findById__E)
                  0000a0b0    00000020                                 : SysMin.oem4f (.text:xdc_runtime_SysMin_Module_startup__E)
                  0000a0d0    0000001e     drivers_MSP432P401R.aem4f : PWMTimerMSP432.oem4f (.text:corroboratePeriod)
                  0000a0ee    0000001e     sysbios.aem4f : m3_Hwi_asm_switch.obj (.text:ti_sysbios_family_xxx_Hwi_switchAndRunFunc)
                  0000a10c    0000001c     msp432p4xx_driverlib.lib : spi.o (.text:EUSCI_B_SPI_isBusy)
                  0000a128    0000001c                              : pcm.o (.text:PCM_enableRudeMode)
                  0000a144    0000001c     drivers_MSP432P401R.aem4f : PowerMSP432.oem4f (.text:Power_registerNotify)
                  0000a160    0000001c     rtsv7M4_T_le_v4SPD16_eabi.lib : memccpy.obj (.text)
                  0000a17c    0000001c     Robot_pem4f.oem4f (.text:ti_sysbios_family_arm_m3_Hwi_Object__destruct__S)
                  0000a198    0000001c     sysbios.aem4f : BIOS.obj (.text:ti_sysbios_gates_GateMutex_Instance_init__E)
                  0000a1b4    0000001c     Robot_pem4f.oem4f (.text:ti_sysbios_knl_Queue_Object__destruct__S)
                  0000a1d0    0000001c     sysbios.aem4f : BIOS.obj (.text:ti_sysbios_knl_Queue_put__E)
                  0000a1ec    00000004     --HOLE-- [fill = 0]
                  0000a1f0    0000001c                   : BIOS.obj (.text:ti_sysbios_knl_Task_enter__I)
                  0000a20c    0000001c     ti.targets.arm.rtsarm.aem4f : Error.oem4f (.text:xdc_runtime_Error_raiseX__E)
                  0000a228    0000001c                                 : Memory.oem4f (.text:xdc_runtime_Memory_valloc__E)
                  0000a244    0000001c                                 : SysMin.oem4f (.text:xdc_runtime_SysMin_exit__E)
                  0000a260    0000001c                                 : System.oem4f (.text:xdc_runtime_System_abort__E)
                  0000a27c    0000001a     drivers_MSP432P401R.aem4f : List.oem4f (.text:List_remove)
                  0000a296    0000001a     msp432p4xx_driverlib.lib : spi.o (.text:SPI_enableModule)
                  0000a2b0    0000001a     Robot_pem4f.oem4f (.text:ti_sysbios_family_arm_m3_Hwi_Handle__label__S)
                  0000a2ca    0000001a     Robot_pem4f.oem4f (.text:ti_sysbios_gates_GateHwi_Handle__label__S)
                  0000a2e4    0000001a     Robot_pem4f.oem4f (.text:ti_sysbios_gates_GateMutex_Handle__label__S)
                  0000a2fe    0000001a     Robot_pem4f.oem4f (.text:ti_sysbios_heaps_HeapMem_Handle__label__S)
                  0000a318    0000001a     Robot_pem4f.oem4f (.text:ti_sysbios_knl_Swi_Handle__label__S)
                  0000a332    0000001a     Robot_pem4f.oem4f (.text:ti_sysbios_knl_Task_Handle__label__S)
                  0000a34c    0000001a     Robot_pem4f.oem4f (.text:xdc_runtime_System_aprintf__E)
                  0000a366    0000001a     Robot_pem4f.oem4f (.text:xdc_runtime_System_printf__E)
                  0000a380    00000018     msp432p4xx_driverlib.lib : gpio.o (.text:GPIO_clearInterruptFlag)
                  0000a398    00000018                              : gpio.o (.text:GPIO_getInputPinValue)
                  0000a3b0    00000018                              : gpio.o (.text:GPIO_setDriveStrengthLow)
                  0000a3c8    00000018                              : gpio.o (.text:GPIO_setOutputLowOnPin)
                  0000a3e0    00000018                              : i2c.o (.text:I2C_masterIsStartSent)
                  0000a3f8    00000018                              : wdt_a.o (.text:WDT_A_holdTimer)
                  0000a410    00000018     drivers_MSP432P401R.aem4f : PWMTimerMSP432.oem4f (.text:corroborateDuty)
                  0000a428    00000018     buttons.obj (.text:gpioButtonFxn0)
                  0000a440    00000018     rtsv7M4_T_le_v4SPD16_eabi.lib : args_main.obj (.text)
                  0000a458    00000018     Robot_pem4f.oem4f (.text:ti_sysbios_BIOS_rtsUnlock__I)
                  0000a470    00000018     Robot_pem4f.oem4f (.text:ti_sysbios_family_arm_m3_Hwi_Module__startupDone__F)
                  0000a488    00000018     sysbios.aem4f : m3_TaskSupport_asm.obj (.text:ti_sysbios_family_arm_m3_TaskSupport_swap__E)
                  0000a4a0    00000018     Robot_pem4f.oem4f (.text:ti_sysbios_family_arm_msp432_Timer_Module__startupDone__F)
                  0000a4b8    00000018     sysbios.aem4f : BIOS.obj (.text:ti_sysbios_gates_GateMutex_leave__E)
                  0000a4d0    00000018                   : BIOS.obj (.text:ti_sysbios_knl_Task_sleepTimeout__I)
                  0000a4e8    00000018     ti.targets.arm.rtsarm.aem4f : Error.oem4f (.text:xdc_runtime_Error_check__E)
                  0000a500    00000018                                 : System.oem4f (.text:xdc_runtime_System_exit__E)
                  0000a518    00000018                                 : Text.oem4f (.text:xdc_runtime_Text_ropeText__E)
                  0000a530    00000016     tirtosport.aem4f : HwiP_tirtos.oem4f (.text:HwiP_delete)
                  0000a546    00000016                      : SemaphoreP_tirtos.oem4f (.text:SemaphoreP_delete)
                  0000a55c    00000016     rtsv7M4_T_le_v4SPD16_eabi.lib : strchr.obj (.text)
                  0000a572    00000016     Robot_pem4f.oem4f (.text:ti_sysbios_BIOS_exitFunc__I)
                  0000a588    00000016     main.obj (.text:ti_sysbios_knl_Clock_Params_init)
                  0000a59e    00000002     --HOLE-- [fill = 0]
                  0000a5a0    00000014     msp432p4xx_driverlib.lib : gpio.o (.text:GPIO_enableInterrupt)
                  0000a5b4    00000014     drivers_MSP432P401R.aem4f : GPIOMSP432.oem4f (.text:GPIO_read)
                  0000a5c8    00000014     msp432p4xx_driverlib.lib : gpio.o (.text:GPIO_setDriveStrengthHigh)
                  0000a5dc    00000014                              : gpio.o (.text:GPIO_setOutputHighOnPin)
                  0000a5f0    00000014     drivers_MSP432P401R.aem4f : PWM.oem4f (.text:PWM_Params_init)
                  0000a604    00000014                               : PowerMSP432.oem4f (.text:Power_idleFunc)
                  0000a618    00000014     Sharp96x96.obj (.text:Sharp96x96_ClearBuffer)
                  0000a62c    00000014     msp432p4xx_driverlib.lib : wdt_a.o (.text:WDT_A_startTimer)
                  0000a640    00000014     buttons.obj (.text:gpioButtonFxn1)
                  0000a654    00000014     rtsv7M4_T_le_v4SPD16_eabi.lib : _lock.obj (.text)
                  0000a668    00000014                                   : s_copysign.obj (.text)
                  0000a67c    00000014                                   : strlen.obj (.text)
                  0000a690    00000014     Robot_pem4f.oem4f (.text:ti_sysbios_family_arm_m3_Hwi_Object__get__S)
                  0000a6a4    00000004     --HOLE-- [fill = 0]
                  0000a6a8    00000014     sysbios.aem4f : BIOS.obj (.text:ti_sysbios_family_arm_m3_Hwi_switchFromBootStack__E)
                  0000a6bc    00000014     Robot_pem4f.oem4f (.text:ti_sysbios_heaps_HeapMem_Object__get__S)
                  0000a6d0    00000014     Robot_pem4f.oem4f (.text:ti_sysbios_knl_Swi_Object__get__S)
                  0000a6e4    00000012     tirtosport.aem4f : SemaphoreP_tirtos.oem4f (.text:SemaphoreP_pend)
                  0000a6f6    00000012     Sharp96x96.obj (.text:Sharp96x96_ColorTranslate)
                  0000a708    00000012     heartBeatTask.obj (.text:heartBeatTaskFxn)
                  0000a71a    00000006     msp432p4xx_driverlib.lib : i2c.o (.text:I2C_getEnabledInterruptStatus)
                  0000a720    00000012     sysbios.aem4f : BIOS.obj (.text:ti_sysbios_hal_Hwi_Module_startup__E)
                  0000a732    00000012     Robot_pem4f.oem4f (.text:xdc_runtime_Startup_exec__I)
                  0000a744    00000010     msp432p4xx_driverlib.lib : gpio.o (.text:GPIO_getInterruptStatus)
                  0000a754    00000010     drivers_MSP432P401R.aem4f : I2C.oem4f (.text:I2C_Params_init)
                  0000a764    00000010     msp432p4xx_driverlib.lib : i2c.o (.text:I2C_masterReceiveMultiByteStop)
                  0000a774    00000010                              : i2c.o (.text:I2C_masterReceiveStart)
                  0000a784    00000010                              : i2c.o (.text:I2C_masterSendStart)
                  0000a794    00000010                              : pcm.o (.text:PCM_gotoLPM4)
                  0000a7a4    00000004     --HOLE-- [fill = 0]
                  0000a7a8    00000010     sysbios.aem4f : BIOS.obj (.text:ti_sysbios_BIOS_setCpuFreq__E)
                  0000a7b8    00000010                   : BIOS.obj (.text:ti_sysbios_BIOS_setThreadType__E)
                  0000a7c8    00000010                   : BIOS.obj (.text:ti_sysbios_BIOS_start__E)
                  0000a7d8    00000010                   : m3_TaskSupport_asm.obj (.text:ti_sysbios_family_arm_m3_TaskSupport_glue)
                  0000a7e8    00000010                   : BIOS.obj (.text:ti_sysbios_family_arm_msp432_init_Boot_disableWatchdog)
                  0000a7f8    00000010                   : BIOS.obj (.text:ti_sysbios_gates_GateMutex_Instance_finalize__E)
                  0000a808    00000010                   : BIOS.obj (.text:ti_sysbios_knl_Semaphore_Instance_finalize__E)
                  0000a818    00000010                   : BIOS.obj (.text:ti_sysbios_knl_Swi_disable__E)
                  0000a828    00000010     Robot_pem4f.oem4f (.text:ti_sysbios_knl_Task_Object__get__S)
                  0000a838    00000010     sysbios.aem4f : BIOS.obj (.text:ti_sysbios_knl_Task_disable__E)
                  0000a848    00000010     ti.targets.arm.rtsarm.aem4f : Gate.oem4f (.text:xdc_runtime_Gate_leaveSystem__E)
                  0000a858    00000010                                 : Memory.oem4f (.text:xdc_runtime_Memory_free__E)
                  0000a868    00000010                                 : SysMin.oem4f (.text:xdc_runtime_SysMin_ready__E)
                  0000a878    00000010                                 : System.oem4f (.text:xdc_runtime_System_vsnprintf__E)
                  0000a888    00000010     Robot_pem4f.oem4f (.text:xdc_runtime_Text_visitRope__I)
                  0000a898    0000000e     tirtosport.aem4f : HwiP_tirtos.oem4f (.text:HwiP_Params_init)
                  0000a8a6    0000000e     msp432p4xx_driverlib.lib : i2c.o (.text:I2C_clearInterruptFlag)
                  0000a8b4    0000000e                              : i2c.o (.text:I2C_disableInterrupt)
                  0000a8c2    0000000e                              : i2c.o (.text:I2C_setMode)
                  0000a8d0    0000000e                              : timer_a.o (.text:Timer_A_setCompareValue)
                  0000a8de    0000000e     rtsv7M4_T_le_v4SPD16_eabi.lib : copy_decompress_none.obj (.text:decompress:none)
                  0000a8ec    00000004     --HOLE-- [fill = 0]
                  0000a8f0    0000000e     sysbios.aem4f : BIOS.obj (.text:ti_sysbios_knl_Idle_loop__E)
                  0000a8fe    00000002     --HOLE-- [fill = 0]
                  0000a900    0000000e                   : BIOS.obj (.text:ti_sysbios_knl_Queue_empty__E)
                  0000a90e    0000000c     Robot_pem4f.oem4f (.text:.bootCodeSection:ti_sysbios_family_arm_msp432_init_Boot_init__I)
                  0000a91a    0000000c     msp432p4xx_driverlib.lib : cpu.o (.text:CPU_cpsid)
                  0000a926    0000000c                              : cpu.o (.text:CPU_cpsie)
                  0000a932    0000000c                              : spi.o (.text:EUSCI_A_SPI_enable)
                  0000a93e    0000000c                              : spi.o (.text:EUSCI_B_SPI_enable)
                  0000a94a    0000000c                              : i2c.o (.text:I2C_disableModule)
                  0000a956    0000000c                              : i2c.o (.text:I2C_enableModule)
                  0000a962    00000002     --HOLE-- [fill = 0]
                  0000a964    0000000c                              : pcm.o (.text:PCM_getPowerState)
                  0000a970    0000000c     drivers_MSP432P401R.aem4f : PowerMSP432.oem4f (.text:Power_getConstraintMask)
                  0000a97c    0000000c                               : PowerMSP432.oem4f (.text:Power_getPerformanceLevel)
                  0000a988    0000000c     msp432p4xx_driverlib.lib : timer_a.o (.text:Timer_A_stopTimer)
                  0000a994    0000000c     rtsv7M4_T_le_v4SPD16_eabi.lib : copy_zero_init.obj (.text:decompress:ZI)
                  0000a9a0    0000000c     Robot_pem4f.oem4f (.text:ti_sysbios_family_arm_m3_Hwi_Params__init__S)
                  0000a9ac    00000004     --HOLE-- [fill = 0]
                  0000a9b0    0000000c     sysbios.aem4f : BIOS.obj (.text:ti_sysbios_family_arm_m3_Hwi_disableFxn__E)
                  0000a9bc    00000004     --HOLE-- [fill = 0]
                  0000a9c0    0000000c                   : BIOS.obj (.text:ti_sysbios_family_arm_m3_TaskSupport_checkStack__E)
                  0000a9cc    00000004     --HOLE-- [fill = 0]
                  0000a9d0    0000000c                   : BIOS.obj (.text:ti_sysbios_family_arm_msp432_Timer_getMaxTicks__E)
                  0000a9dc    00000004     --HOLE-- [fill = 0]
                  0000a9e0    0000000c                   : BIOS.obj (.text:ti_sysbios_gates_GateHwi_enter__E)
                  0000a9ec    0000000c     Robot_pem4f.oem4f (.text:ti_sysbios_knl_Clock_Params__init__S)
                  0000a9f8    0000000c     sysbios.aem4f : BIOS.obj (.text:ti_sysbios_knl_Clock_getTicks__E)
                  0000aa04    0000000c     main.obj (.text:ti_sysbios_knl_Clock_handle)
                  0000aa10    0000000c     Robot_pem4f.oem4f (.text:ti_sysbios_knl_Queue_Object__get__S)
                  0000aa1c    0000000c     Robot_pem4f.oem4f (.text:ti_sysbios_knl_Semaphore_Params__init__S)
                  0000aa28    0000000c     ti.targets.arm.rtsarm.aem4f : Error.oem4f (.text:xdc_runtime_Error_init__E)
                  0000aa34    0000000c                                 : Gate.oem4f (.text:xdc_runtime_Gate_enterSystem__E)
                  0000aa40    0000000c                                 : Memory.oem4f (.text:xdc_runtime_Memory_calloc__E)
                  0000aa4c    0000000c                                 : Memory.oem4f (.text:xdc_runtime_Memory_getMaxDefaultTypeAlign__E)
                  0000aa58    0000000c                                 : Startup.oem4f (.text:xdc_runtime_Startup_rtsDone__E)
                  0000aa64    0000000a     drivers_MSP432P401R.aem4f : I2CMSP432.oem4f (.text:I2CMSP432_init)
                  0000aa6e    0000000a                               : I2C.oem4f (.text:I2C_transfer)
                  0000aa78    0000000a                               : PWM.oem4f (.text:PWM_setDuty)
                  0000aa82    0000000a                               : PWM.oem4f (.text:PWM_start)
                  0000aa8c    0000000a     tirtosport.aem4f : SemaphoreP_tirtos.oem4f (.text:SemaphoreP_post)
                  0000aa96    0000000a     Robot_pem4f.oem4f (.text:xdc_runtime_IHeap_alloc)
                  0000aaa0    0000000a     Robot_pem4f.oem4f (.text:xdc_runtime_IHeap_free)
                  0000aaaa    00000008     msp432p4xx_driverlib.lib : i2c.o (.text:I2C_enableInterrupt)
                  0000aab2    00000008     MSP_EXP432P401R.obj (.text:MSP_EXP432P401R_initGPIO)
                  0000aaba    00000008     MSP_EXP432P401R.obj (.text:MSP_EXP432P401R_initGeneral)
                  0000aac2    00000008     msp432p4xx_driverlib.lib : pcm.o (.text:PCM_setPowerMode)
                  0000aaca    00000008                              : pcm.o (.text:PCM_setPowerState)
                  0000aad2    00000008     drivers_MSP432P401R.aem4f : PWMTimerMSP432.oem4f (.text:PWMTimerMSP432_init)
                  0000aada    00000008     tirtosport.aem4f : SemaphoreP_tirtos.oem4f (.text:SemaphoreP_Params_init)
                  0000aae2    00000008     msp432p4xx_driverlib.lib : timer_a.o (.text:Timer_A_startCounter)
                  0000aaea    00000008     drivers_MSP432P401R.aem4f : I2CMSP432.oem4f (.text:blockingTransferCallback)
                  0000aaf2    00000006     msp432p4xx_driverlib.lib : i2c.o (.text:I2C_getInterruptStatus)
                  0000aaf8    00000008     sysbios.aem4f : BIOS.obj (.text:ti_sysbios_family_arm_m3_Hwi_doSwiRestore__I)
                  0000ab00    00000008                   : BIOS.obj (.text:ti_sysbios_family_arm_m3_Hwi_startup__E)
                  0000ab08    00000006     msp432p4xx_driverlib.lib : i2c.o (.text:I2C_masterReceiveMultiByteNext)
                  0000ab0e    00000006     drivers_MSP432P401R.aem4f : PWMTimerMSP432.oem4f (.text:PWMTimerMSP432_control)
                  0000ab14    00000004     --HOLE-- [fill = 0]
                  0000ab18    00000006     sysbios.aem4f : BIOS.obj (.text:ti_sysbios_family_arm_m3_Hwi_doTaskRestore__I)
                  0000ab1e    00000002     --HOLE-- [fill = 0]
                  0000ab20    00000006                   : BIOS.obj (.text:ti_sysbios_family_arm_m3_Hwi_restoreFxn__E)
                  0000ab26    00000002     --HOLE-- [fill = 0]
                  0000ab28    00000006                   : BIOS.obj (.text:ti_sysbios_gates_GateHwi_leave__E)
                  0000ab2e    00000002     --HOLE-- [fill = 0]
                  0000ab30    00000006                   : BIOS.obj (.text:ti_sysbios_heaps_HeapMem_isBlocking__E)
                  0000ab36    00000002     --HOLE-- [fill = 0]
                  0000ab38    00000006                   : BIOS.obj (.text:ti_sysbios_knl_Queue_Instance_init__E)
                  0000ab3e    00000002     --HOLE-- [fill = 0]
                  0000ab40    00000006                   : BIOS.obj (.text:ti_sysbios_knl_Swi_startup__E)
                  0000ab46    00000006     ti.targets.arm.rtsarm.aem4f : System.oem4f (.text:xdc_runtime_System_Module_startup__E)
                  0000ab4c    00000004     --HOLE-- [fill = 0]
                  0000ab50    00000004     sysbios.aem4f : BIOS.obj (.text:ti_sysbios_gates_GateHwi_query__E)
                  0000ab54    00000004     --HOLE-- [fill = 0]
                  0000ab58    00000004                   : BIOS.obj (.text:ti_sysbios_gates_GateMutex_query__E)
                  0000ab5c    00000004     --HOLE-- [fill = 0]
                  0000ab60    00000004                   : BIOS.obj (.text:ti_sysbios_knl_Task_startup__E)
                  0000ab64    00000004     --HOLE-- [fill = 0]
                  0000ab68    00000002                   : BIOS.obj (.text:ti_sysbios_BIOS_linkedWithIncorrectBootLibrary__E)
                  0000ab6a    00000006     --HOLE-- [fill = 0]
                  0000ab70    00000002                   : BIOS.obj (.text:ti_sysbios_gates_GateHwi_Instance_init__E)
                  0000ab72    00000006     --HOLE-- [fill = 0]
                  0000ab78    00000002                   : BIOS.obj (.text:ti_sysbios_knl_Clock_logTick__E)

.const     0    0000ab7c    00002a65     
                  0000ab7c    0000185a     Robot_pem4f.oem4f (.const:xdc_runtime_Text_charTab__A)
                  0000c3d6    0000094d     fontcm20b.obj (.const:.string:g_pucCm20bData)
                  0000cd23    00000101     rtsv7M4_T_le_v4SPD16_eabi.lib : ctype.obj (.const:.string:_ctypes_)
                  0000ce24    000000c8     fontcm20b.obj (.const:g_sFontCm20b)
                  0000ceec    000000b0     Robot_pem4f.oem4f (.const:xdc_runtime_Text_nodeTab__A)
                  0000cf9c    00000048     Robot_pem4f.oem4f (.const:.string)
                  0000cfe4    0000003c     MSP_EXP432P401R.obj (.const:PWM_config)
                  0000d020    00000030     MSP_EXP432P401R.obj (.const:I2C_config)
                  0000d050    00000030     Sharp96x96.obj (.const:g_sharp96x96LCD)
                  0000d080    00000030     MSP_EXP432P401R.obj (.const:i2cMSP432HWAttrs)
                  0000d0b0    00000030     MSP_EXP432P401R.obj (.const:pwmTimerMSP432HWAttrs)
                  0000d0e0    00000030     Robot_pem4f.oem4f (.const:ti_sysbios_family_arm_m3_Hwi_Object__PARAMS__C)
                  0000d110    00000028     drivers_MSP432P401R.aem4f : PWMTimerMSP432.oem4f (.const)
                  0000d138    00000028     Robot_pem4f.oem4f (.const:ti_sysbios_heaps_HeapMem_Module__FXNS__C)
                  0000d160    00000024     Robot_pem4f.oem4f (.const:ti_sysbios_gates_GateHwi_Module__FXNS__C)
                  0000d184    00000024     Robot_pem4f.oem4f (.const:ti_sysbios_gates_GateMutex_Module__FXNS__C)
                  0000d1a8    00000024     Robot_pem4f.oem4f (.const:ti_sysbios_heaps_HeapMem_Object__PARAMS__C)
                  0000d1cc    00000024     Robot_pem4f.oem4f (.const:ti_sysbios_knl_Clock_Object__PARAMS__C)
                  0000d1f0    00000024     Robot_pem4f.oem4f (.const:ti_sysbios_knl_Semaphore_Object__PARAMS__C)
                  0000d214    00000020     drivers_MSP432P401R.aem4f : I2CMSP432.oem4f (.const)
                  0000d234    00000020     Robot_pem4f.oem4f (.const:ti_sysbios_family_arm_m3_Hwi_Object__DESC__C)
                  0000d254    00000020     Robot_pem4f.oem4f (.const:ti_sysbios_gates_GateHwi_Object__DESC__C)
                  0000d274    00000020     Robot_pem4f.oem4f (.const:ti_sysbios_gates_GateMutex_Object__DESC__C)
                  0000d294    00000020     Robot_pem4f.oem4f (.const:ti_sysbios_heaps_HeapMem_Object__DESC__C)
                  0000d2b4    00000020     Robot_pem4f.oem4f (.const:ti_sysbios_knl_Clock_Object__DESC__C)
                  0000d2d4    00000020     Robot_pem4f.oem4f (.const:ti_sysbios_knl_Queue_Object__DESC__C)
                  0000d2f4    00000020     Robot_pem4f.oem4f (.const:ti_sysbios_knl_Semaphore_Object__DESC__C)
                  0000d314    00000020     Robot_pem4f.oem4f (.const:xdc_runtime_Startup_sfxnTab__A)
                  0000d334    0000001c     Sharp96x96.obj (.const:$P$T0$1)
                  0000d350    00000018     drivers_MSP432P401R.aem4f : PWM.oem4f (.const)
                  0000d368    00000018     Robot_pem4f.oem4f (.const:ti_sysbios_gates_GateHwi_Object__PARAMS__C)
                  0000d380    00000018     Robot_pem4f.oem4f (.const:ti_sysbios_gates_GateMutex_Object__PARAMS__C)
                  0000d398    00000018     Robot_pem4f.oem4f (.const:ti_sysbios_knl_Queue_Object__PARAMS__C)
                  0000d3b0    00000014     MSP_EXP432P401R.obj (.const:GPIOMSP432_config)
                  0000d3c4    00000010     MSP_EXP432P401R.obj (.const:PowerMSP432_config)
                  0000d3d4    00000010     drivers_MSP432P401R.aem4f : I2C.oem4f (.const)
                  0000d3e4    00000010     Robot_pem4f.oem4f (.const:xdc_runtime_Startup_sfxnRts__A)
                  0000d3f4    0000000c     drivers_MSP432P401R.aem4f : GPIOMSP432.oem4f (.const:.string)
                  0000d400    0000000c     Robot_pem4f.oem4f (.const:xdc_runtime_Startup_firstFxns__A)
                  0000d40c    00000008     MSP_EXP432P401R.obj (.const:.string:$P$T0$1)
                  0000d414    00000008     Robot_pem4f.oem4f (.const:ti_sysbios_family_arm_m3_Hwi_excHookFuncs__A)
                  0000d41c    00000008     Robot_pem4f.oem4f (.const:ti_sysbios_knl_Idle_funcList__A)
                  0000d424    00000008     Robot_pem4f.oem4f (.const:ti_sysbios_knl_Idle_funcList__C)
                  0000d42c    00000008     Robot_pem4f.oem4f (.const:xdc_runtime_Startup_firstFxns__C)
                  0000d434    00000008     Robot_pem4f.oem4f (.const:xdc_runtime_Startup_lastFxns__C)
                  0000d43c    00000004     Robot_pem4f.oem4f (.const:ti_sysbios_family_arm_m3_Hwi_E_NMI__C)
                  0000d440    00000004     Robot_pem4f.oem4f (.const:ti_sysbios_family_arm_m3_Hwi_E_alreadyDefined__C)
                  0000d444    00000004     Robot_pem4f.oem4f (.const:ti_sysbios_family_arm_m3_Hwi_E_busFault__C)
                  0000d448    00000004     Robot_pem4f.oem4f (.const:ti_sysbios_family_arm_m3_Hwi_E_debugMon__C)
                  0000d44c    00000004     Robot_pem4f.oem4f (.const:ti_sysbios_family_arm_m3_Hwi_E_hardFault__C)
                  0000d450    00000004     Robot_pem4f.oem4f (.const:ti_sysbios_family_arm_m3_Hwi_E_memFault__C)
                  0000d454    00000004     Robot_pem4f.oem4f (.const:ti_sysbios_family_arm_m3_Hwi_E_noIsr__C)
                  0000d458    00000004     Robot_pem4f.oem4f (.const:ti_sysbios_family_arm_m3_Hwi_E_reserved__C)
                  0000d45c    00000004     Robot_pem4f.oem4f (.const:ti_sysbios_family_arm_m3_Hwi_E_svCall__C)
                  0000d460    00000004     Robot_pem4f.oem4f (.const:ti_sysbios_family_arm_m3_Hwi_E_usageFault__C)
                  0000d464    00000004     Robot_pem4f.oem4f (.const:ti_sysbios_family_arm_m3_Hwi_NUM_INTERRUPTS__C)
                  0000d468    00000004     Robot_pem4f.oem4f (.const:ti_sysbios_family_arm_m3_Hwi_Object__count__C)
                  0000d46c    00000004     Robot_pem4f.oem4f (.const:ti_sysbios_family_arm_m3_Hwi_ccr__C)
                  0000d470    00000004     Robot_pem4f.oem4f (.const:ti_sysbios_family_arm_m3_Hwi_excHandlerFunc__C)
                  0000d474    00000004     Robot_pem4f.oem4f (.const:ti_sysbios_family_arm_m3_Hwi_excHookFuncs__C)
                  0000d478    00000004     Robot_pem4f.oem4f (.const:ti_sysbios_family_arm_m3_Hwi_nullIsrFunc__C)
                  0000d47c    00000004     Robot_pem4f.oem4f (.const:ti_sysbios_family_arm_m3_Hwi_priGroup__C)
                  0000d480    00000004     Robot_pem4f.oem4f (.const:ti_sysbios_family_arm_msp432_Timer_numTimerDevices__C)
                  0000d484    00000004     Robot_pem4f.oem4f (.const:ti_sysbios_family_arm_msp432_Timer_startupNeeded__C)
                  0000d488    00000004     Robot_pem4f.oem4f (.const:ti_sysbios_gates_GateMutex_A_badContext__C)
                  0000d48c    00000004     Robot_pem4f.oem4f (.const:ti_sysbios_gates_GateMutex_Instance_State_sem__O)
                  0000d490    00000004     Robot_pem4f.oem4f (.const:ti_sysbios_gates_GateMutex_Module__diagsEnabled__C)
                  0000d494    00000004     Robot_pem4f.oem4f (.const:ti_sysbios_gates_GateMutex_Module__diagsIncluded__C)
                  0000d498    00000004     Robot_pem4f.oem4f (.const:ti_sysbios_gates_GateMutex_Module__diagsMask__C)
                  0000d49c    00000004     Robot_pem4f.oem4f (.const:ti_sysbios_hal_Hwi_E_stackOverflow__C)
                  0000d4a0    00000004     Robot_pem4f.oem4f (.const:ti_sysbios_heaps_HeapMem_A_align__C)
                  0000d4a4    00000004     Robot_pem4f.oem4f (.const:ti_sysbios_heaps_HeapMem_A_heapSize__C)
                  0000d4a8    00000004     Robot_pem4f.oem4f (.const:ti_sysbios_heaps_HeapMem_A_invalidFree__C)
                  0000d4ac    00000004     Robot_pem4f.oem4f (.const:ti_sysbios_heaps_HeapMem_A_zeroBlock__C)
                  0000d4b0    00000004     Robot_pem4f.oem4f (.const:ti_sysbios_heaps_HeapMem_E_memory__C)
                  0000d4b4    00000004     Robot_pem4f.oem4f (.const:ti_sysbios_heaps_HeapMem_Module__diagsEnabled__C)
                  0000d4b8    00000004     Robot_pem4f.oem4f (.const:ti_sysbios_heaps_HeapMem_Module__diagsIncluded__C)
                  0000d4bc    00000004     Robot_pem4f.oem4f (.const:ti_sysbios_heaps_HeapMem_Module__diagsMask__C)
                  0000d4c0    00000004     Robot_pem4f.oem4f (.const:ti_sysbios_heaps_HeapMem_Module__gateObj__C)
                  0000d4c4    00000004     Robot_pem4f.oem4f (.const:ti_sysbios_heaps_HeapMem_Object__count__C)
                  0000d4c8    00000004     Robot_pem4f.oem4f (.const:ti_sysbios_heaps_HeapMem_reqAlign__C)
                  0000d4cc    00000004     Robot_pem4f.oem4f (.const:ti_sysbios_knl_Clock_A_badThreadType__C)
                  0000d4d0    00000004     Robot_pem4f.oem4f (.const:ti_sysbios_knl_Clock_Module_State_clockQ__O)
                  0000d4d4    00000004     Robot_pem4f.oem4f (.const:ti_sysbios_knl_Clock_Module__diagsEnabled__C)
                  0000d4d8    00000004     Robot_pem4f.oem4f (.const:ti_sysbios_knl_Clock_Module__diagsIncluded__C)
                  0000d4dc    00000004     Robot_pem4f.oem4f (.const:ti_sysbios_knl_Clock_Module__diagsMask__C)
                  0000d4e0    00000004     Robot_pem4f.oem4f (.const:ti_sysbios_knl_Clock_tickPeriod__C)
                  0000d4e4    00000004     Robot_pem4f.oem4f (.const:ti_sysbios_knl_Semaphore_A_badContext__C)
                  0000d4e8    00000004     Robot_pem4f.oem4f (.const:ti_sysbios_knl_Semaphore_A_noEvents__C)
                  0000d4ec    00000004     Robot_pem4f.oem4f (.const:ti_sysbios_knl_Semaphore_A_overflow__C)
                  0000d4f0    00000004     Robot_pem4f.oem4f (.const:ti_sysbios_knl_Semaphore_A_pendTaskDisabled__C)
                  0000d4f4    00000004     Robot_pem4f.oem4f (.const:ti_sysbios_knl_Semaphore_Instance_State_pendQ__O)
                  0000d4f8    00000004     Robot_pem4f.oem4f (.const:ti_sysbios_knl_Semaphore_Module__diagsEnabled__C)
                  0000d4fc    00000004     Robot_pem4f.oem4f (.const:ti_sysbios_knl_Semaphore_Module__diagsIncluded__C)
                  0000d500    00000004     Robot_pem4f.oem4f (.const:ti_sysbios_knl_Semaphore_Module__diagsMask__C)
                  0000d504    00000004     Robot_pem4f.oem4f (.const:ti_sysbios_knl_Swi_Object__count__C)
                  0000d508    00000004     Robot_pem4f.oem4f (.const:ti_sysbios_knl_Task_A_badTimeout__C)
                  0000d50c    00000004     Robot_pem4f.oem4f (.const:ti_sysbios_knl_Task_A_sleepTaskDisabled__C)
                  0000d510    00000004     Robot_pem4f.oem4f (.const:ti_sysbios_knl_Task_E_spOutOfBounds__C)
                  0000d514    00000004     Robot_pem4f.oem4f (.const:ti_sysbios_knl_Task_E_stackOverflow__C)
                  0000d518    00000004     Robot_pem4f.oem4f (.const:ti_sysbios_knl_Task_Module_State_inactiveQ__O)
                  0000d51c    00000004     Robot_pem4f.oem4f (.const:ti_sysbios_knl_Task_Module__diagsEnabled__C)
                  0000d520    00000004     Robot_pem4f.oem4f (.const:ti_sysbios_knl_Task_Module__diagsIncluded__C)
                  0000d524    00000004     Robot_pem4f.oem4f (.const:ti_sysbios_knl_Task_Module__diagsMask__C)
                  0000d528    00000004     Robot_pem4f.oem4f (.const:ti_sysbios_knl_Task_Object__count__C)
                  0000d52c    00000004     Robot_pem4f.oem4f (.const:ti_sysbios_knl_Task_allBlockedFunc__C)
                  0000d530    00000004     Robot_pem4f.oem4f (.const:ti_sysbios_knl_Task_numConstructedTasks__C)
                  0000d534    00000004     Robot_pem4f.oem4f (.const:xdc_runtime_Assert_E_assertFailed__C)
                  0000d538    00000004     Robot_pem4f.oem4f (.const:xdc_runtime_Core_A_initializedParams__C)
                  0000d53c    00000004     Robot_pem4f.oem4f (.const:xdc_runtime_Core_Module__diagsEnabled__C)
                  0000d540    00000004     Robot_pem4f.oem4f (.const:xdc_runtime_Core_Module__diagsIncluded__C)
                  0000d544    00000004     Robot_pem4f.oem4f (.const:xdc_runtime_Core_Module__diagsMask__C)
                  0000d548    00000004     Robot_pem4f.oem4f (.const:xdc_runtime_Error_E_memory__C)
                  0000d54c    00000004     Robot_pem4f.oem4f (.const:xdc_runtime_Error_Module__diagsEnabled__C)
                  0000d550    00000004     Robot_pem4f.oem4f (.const:xdc_runtime_Error_Module__diagsIncluded__C)
                  0000d554    00000004     Robot_pem4f.oem4f (.const:xdc_runtime_Error_Module__diagsMask__C)
                  0000d558    00000004     Robot_pem4f.oem4f (.const:xdc_runtime_Error_Module__loggerFxn8__C)
                  0000d55c    00000004     Robot_pem4f.oem4f (.const:xdc_runtime_Error_Module__loggerObj__C)
                  0000d560    00000004     Robot_pem4f.oem4f (.const:xdc_runtime_Error_policyFxn__C)
                  0000d564    00000004     Robot_pem4f.oem4f (.const:xdc_runtime_Error_raiseHook__C)
                  0000d568    00000004     Robot_pem4f.oem4f (.const:xdc_runtime_IGateProvider_Interface__BASE__C)
                  0000d56c    00000004     Robot_pem4f.oem4f (.const:xdc_runtime_IHeap_Interface__BASE__C)
                  0000d570    00000004     Robot_pem4f.oem4f (.const:xdc_runtime_IModule_Interface__BASE__C)
                  0000d574    00000004     Robot_pem4f.oem4f (.const:xdc_runtime_Log_L_error__C)
                  0000d578    00000004     Robot_pem4f.oem4f (.const:xdc_runtime_Memory_defaultHeapInstance__C)
                  0000d57c    00000004     Robot_pem4f.oem4f (.const:xdc_runtime_Startup_execImpl__C)
                  0000d580    00000004     Robot_pem4f.oem4f (.const:xdc_runtime_Startup_maxPasses__C)
                  0000d584    00000004     Robot_pem4f.oem4f (.const:xdc_runtime_Startup_sfxnRts__C)
                  0000d588    00000004     Robot_pem4f.oem4f (.const:xdc_runtime_Startup_sfxnTab__C)
                  0000d58c    00000004     Robot_pem4f.oem4f (.const:xdc_runtime_SysMin_bufSize__C)
                  0000d590    00000004     Robot_pem4f.oem4f (.const:xdc_runtime_SysMin_outputFunc__C)
                  0000d594    00000004     Robot_pem4f.oem4f (.const:xdc_runtime_System_Module__gateObj__C)
                  0000d598    00000004     Robot_pem4f.oem4f (.const:xdc_runtime_System_abortFxn__C)
                  0000d59c    00000004     Robot_pem4f.oem4f (.const:xdc_runtime_System_exitFxn__C)
                  0000d5a0    00000004     Robot_pem4f.oem4f (.const:xdc_runtime_System_extendFxn__C)
                  0000d5a4    00000004     Robot_pem4f.oem4f (.const:xdc_runtime_System_maxAtexitHandlers__C)
                  0000d5a8    00000004     Robot_pem4f.oem4f (.const:xdc_runtime_Text_charTab__C)
                  0000d5ac    00000004     Robot_pem4f.oem4f (.const:xdc_runtime_Text_nameEmpty__C)
                  0000d5b0    00000004     Robot_pem4f.oem4f (.const:xdc_runtime_Text_nameStatic__C)
                  0000d5b4    00000004     Robot_pem4f.oem4f (.const:xdc_runtime_Text_nameUnknown__C)
                  0000d5b8    00000004     Robot_pem4f.oem4f (.const:xdc_runtime_Text_nodeTab__C)
                  0000d5bc    00000004     Robot_pem4f.oem4f (.const:xdc_runtime_Text_visitRopeFxn__C)
                  0000d5c0    00000002     Robot_pem4f.oem4f (.const:ti_sysbios_family_arm_m3_Hwi_Module__id__C)
                  0000d5c2    00000002     Robot_pem4f.oem4f (.const:ti_sysbios_gates_GateMutex_Module__id__C)
                  0000d5c4    00000002     Robot_pem4f.oem4f (.const:ti_sysbios_hal_Hwi_Module__id__C)
                  0000d5c6    00000002     Robot_pem4f.oem4f (.const:ti_sysbios_heaps_HeapMem_Module__id__C)
                  0000d5c8    00000002     Robot_pem4f.oem4f (.const:ti_sysbios_knl_Clock_Module__id__C)
                  0000d5ca    00000002     Robot_pem4f.oem4f (.const:ti_sysbios_knl_Semaphore_Module__id__C)
                  0000d5cc    00000002     Robot_pem4f.oem4f (.const:ti_sysbios_knl_Task_Module__id__C)
                  0000d5ce    00000002     Robot_pem4f.oem4f (.const:xdc_runtime_Core_Module__id__C)
                  0000d5d0    00000002     Robot_pem4f.oem4f (.const:xdc_runtime_Error_Module__loggerDefined__C)
                  0000d5d2    00000002     Robot_pem4f.oem4f (.const:xdc_runtime_Error_maxDepth__C)
                  0000d5d4    00000002     Robot_pem4f.oem4f (.const:xdc_runtime_Memory_Module__id__C)
                  0000d5d6    00000002     Robot_pem4f.oem4f (.const:xdc_runtime_SysMin_flushAtExit__C)
                  0000d5d8    00000002     Robot_pem4f.oem4f (.const:xdc_runtime_Text_charCnt__C)
                  0000d5da    00000002     Robot_pem4f.oem4f (.const:xdc_runtime_Text_isLoaded__C)
                  0000d5dc    00000002     Robot_pem4f.oem4f (.const:xdc_runtime_Text_registryModsLastId__C)
                  0000d5de    00000002     Robot_pem4f.oem4f (.const:xdc_runtime_Text_unnamedModsLastId__C)
                  0000d5e0    00000001     Robot_pem4f.oem4f (.const:xdc_runtime_Error_policy__C)

.cinit     0    0000d5e8    00000330     
                  0000d5e8    000002fc     (.cinit..data.load) [load image, compression = lzss]
                  0000d8e4    0000000c     (__TI_handler_table)
                  0000d8f0    00000008     (.cinit..bss.load) [load image, compression = zero_init]
                  0000d8f8    00000008     (.cinit..vecs.load) [load image, compression = zero_init]
                  0000d900    00000018     (__TI_cinit_table)

.resetVecs 
*          0    00000000    0000003c     
                  00000000    0000003c     Robot_pem4f.oem4f (.resetVecs)

.bss       0    20000140    00005b90     UNINITIALIZED
                  20000140    00002ee0     (.common:DisplayBuffer)
                  20003020    00002400     Robot_pem4f.oem4f (.bss:taskStackSection)
                  20005420    00000400     (.common:ti_sysbios_heaps_HeapMem_Instance_State_0_buf__A)
                  20005820    00000140     (.common:ti_sysbios_family_arm_m3_Hwi_dispatchTable)
                  20005960    00000120     rtsv7M4_T_le_v4SPD16_eabi.lib : trgmsg.obj (.bss:_CIOBUF_)
                  20005a80    000000d8     (.common:i2cMSP432Objects)
                  20005b58    00000080     (.common:xdc_runtime_SysMin_Module_State_0_outbuf__A)
                  20005bd8    00000030     drivers_MSP432P401R.aem4f : GPIOMSP432.oem4f (.bss:gpioCallbackInfo)
                  20005c08    00000030     (.common:pwmTimerMSP432Objects)
                  20005c38    00000024     (.common:clk0Struct)
                  20005c5c    00000018     (.common:params)
                  20005c74    00000010     (.common:range)
                  20005c84    00000008     (.common:parmbuf)
                  20005c8c    00000004     (.common:Ldistance)
                  20005c90    00000004     (.common:Lspeed)
                  20005c94    00000004     (.common:Rdistance)
                  20005c98    00000004     (.common:Rspeed)
                  20005c9c    00000004     (.common:clk2Handle)
                  20005ca0    00000004     (.common:count_time)
                  20005ca4    00000004     (.common:derivative_right)
                  20005ca8    00000004     (.common:end)
                  20005cac    00000004     (.common:error_right)
                  20005cb0    00000004     (.common:flag)
                  20005cb4    00000004     (.common:integral_right)
                  20005cb8    00000004     (.common:previous_error_right)
                  20005cbc    00000004     (.common:pwm1)
                  20005cc0    00000004     (.common:pwm2)
                  20005cc4    00000004     (.common:pwm3)
                  20005cc8    00000004     (.common:pwm4)
                  20005ccc    00000004     (.common:start)

.data      0    20005cd0    00000807     UNINITIALIZED
                  20005cd0    000001c8     Robot_pem4f.oem4f (.data:ti_sysbios_knl_Task_Object__table__V)
                  20005e98    0000009c     drivers_MSP432P401R.aem4f : PowerMSP432.oem4f (.data:PowerMSP432_perfLevels)
                  20005f34    00000080                               : PWMTimerMSP432.oem4f (.data:pwmTimerStatus)
                  20005fb4    00000080     Robot_pem4f.oem4f (.data:ti_sysbios_knl_Swi_Module_State_0_readyQ__A)
                  20006034    00000080     Robot_pem4f.oem4f (.data:ti_sysbios_knl_Task_Module_State_0_readyQ__A)
                  200060b4    0000006c     MSP_EXP432P401R.obj (.data:gpioCallbackFunctions)
                  20006120    0000006c     MSP_EXP432P401R.obj (.data:gpioPinConfigs)
                  2000618c    0000004c     Robot_pem4f.oem4f (.data:ti_sysbios_family_arm_msp432_Timer_Object__table__V)
                  200061d8    00000044     Robot_pem4f.oem4f (.data:ti_sysbios_knl_Task_Module__state__V)
                  2000621c    00000038     Robot_pem4f.oem4f (.data:ti_sysbios_gates_GateMutex_Object__table__V)
                  20006254    00000034     Robot_pem4f.oem4f (.data:ti_sysbios_family_arm_m3_Hwi_Module__state__V)
                  20006288    00000030     msp432p4xx_driverlib.lib : gpio.o (.data:GPIO_PORT_TO_BASE)
                  200062b8    00000030     Robot_pem4f.oem4f (.data:ti_sysbios_knl_Swi_Object__table__V)
                  200062e8    0000002c     Robot_pem4f.oem4f (.data:ti_sysbios_knl_Clock_Module__state__V)
                  20006314    00000028     drivers_MSP432P401R.aem4f : PowerMSP432.oem4f (.data:PowerMSP432_module)
                  2000633c    00000024     MotorControl.obj (.data)
                  20006360    00000024     Robot_pem4f.oem4f (.data:ti_sysbios_BIOS_Module__state__V)
                  20006384    00000020     Robot_pem4f.oem4f (.data:ti_sysbios_family_arm_msp432_Timer_Module_State_0_device__A)
                  200063a4    0000001c     main.obj (.data)
                  200063c0    0000001c     Robot_pem4f.oem4f (.data:ti_sysbios_knl_Swi_Module__state__V)
                  200063dc    00000018     Robot_pem4f.oem4f (.data:ti_sysbios_family_arm_m3_Hwi_Object__table__V)
                  200063f4    00000018     Robot_pem4f.oem4f (.data:ti_sysbios_heaps_HeapMem_Object__table__V)
                  2000640c    00000010     Robot_pem4f.oem4f (.data:ti_sysbios_family_arm_msp432_Timer_Module_State_0_handles__A)
                  2000641c    0000000c     rtsv7M4_T_le_v4SPD16_eabi.lib : exit.obj (.data:$O1$$)
                  20006428    0000000c     Robot_pem4f.oem4f (.data:ti_sysbios_family_arm_msp432_ClockFreqs_Module__state__V)
                  20006434    0000000c     Robot_pem4f.oem4f (.data:ti_sysbios_family_arm_msp432_Timer_Module__state__V)
                  20006440    0000000c     Robot_pem4f.oem4f (.data:xdc_runtime_SysMin_Module__state__V)
                  2000644c    00000008     rtsv7M4_T_le_v4SPD16_eabi.lib : _lock.obj (.data:$O1$$)
                  20006454    00000008     Robot_pem4f.oem4f (.data:ti_sysbios_family_arm_m3_Hwi_Module__root__V)
                  2000645c    00000008     Robot_pem4f.oem4f (.data:ti_sysbios_gates_GateHwi_Module__root__V)
                  20006464    00000008     Robot_pem4f.oem4f (.data:ti_sysbios_gates_GateMutex_Module__root__V)
                  2000646c    00000008     Robot_pem4f.oem4f (.data:ti_sysbios_heaps_HeapMem_Module__root__V)
                  20006474    00000008     Robot_pem4f.oem4f (.data:ti_sysbios_knl_Clock_Module__root__V)
                  2000647c    00000008     Robot_pem4f.oem4f (.data:ti_sysbios_knl_Queue_Module__root__V)
                  20006484    00000008     Robot_pem4f.oem4f (.data:ti_sysbios_knl_Semaphore_Module__root__V)
                  2000648c    00000008     Robot_pem4f.oem4f (.data:xdc_runtime_Registry_Module__state__V)
                  20006494    00000008     Robot_pem4f.oem4f (.data:xdc_runtime_Startup_Module__state__V)
                  2000649c    00000008     Robot_pem4f.oem4f (.data:xdc_runtime_System_Module_State_0_atexitHandlers__A)
                  200064a4    00000008     Robot_pem4f.oem4f (.data:xdc_runtime_System_Module__state__V)
                  200064ac    00000004     drivers_MSP432P401R.aem4f : I2C.oem4f (.data)
                  200064b0    00000004                               : PWM.oem4f (.data)
                  200064b4    00000004     rtsv7M4_T_le_v4SPD16_eabi.lib : errno.obj (.data)
                  200064b8    00000004                                   : stkdepth_vars.obj (.data)
                  200064bc    00000004     Robot_pem4f.oem4f (.data:ti_sysbios_family_arm_m3_Hwi_Module_State_0_excContext__A)
                  200064c0    00000004     Robot_pem4f.oem4f (.data:ti_sysbios_family_arm_m3_Hwi_Module_State_0_excStack__A)
                  200064c4    00000004     Robot_pem4f.oem4f (.data:ti_sysbios_gates_GateHwi_Object__table__V)
                  200064c8    00000004     Robot_pem4f.oem4f (.data:ti_sysbios_knl_Task_Module_State_0_idleTask__A)
                  200064cc    00000004     Robot_pem4f.oem4f (.data:xdc_runtime_Memory_Module__state__V)
                  200064d0    00000002     Sharp96x96.obj (.data)
                  200064d2    00000002     Robot_pem4f.oem4f (.data:ti_sysbios_family_arm_m3_Hwi_Module_State_0_excActive__A)
                  200064d4    00000002     Robot_pem4f.oem4f (.data:xdc_runtime_Error_Module__state__V)
                  200064d6    00000001     drivers_MSP432P401R.aem4f : GPIOMSP432.oem4f (.data)

.stack     0    2000fd00    00000300     UNINITIALIZED
                  2000fd00    00000300     --HOLE--

.bootVecs 
*          0    00000000    00000008     DSECT
                  00000000    00000008     boot.aem4f : boot.oem4f (.bootVecs)

.vecs      0    20000000    00000140     UNINITIALIZED
                  20000000    00000140     Robot_pem4f.oem4f (.vecs)

xdc.meta   0    00000000    000000d8     COPY SECTION
                  00000000    000000d8     Robot_pem4f.oem4f (xdc.meta)

.binit     0    00000000    00000000     

MODULE SUMMARY

       Module                     code    ro data   rw data
       ------                     ----    -------   -------
    ./
       MotorControl.obj           2528    0         124    
       screenTask.obj             1128    0         0      
       MSP_EXP432P401R.obj        144     248       480    
       sensorTask.obj             688     0         0      
       main.obj                   442     0         68     
       speedTask.obj              196     0         16     
       Motor.obj                  72      0         0      
       buttons.obj                44      0         0      
[...]
0000ab59  ti_sysbios_BIOS_RtsGateProxy_query__E                       
0000ab59  ti_sysbios_gates_GateMutex_query__E                         
0000ab59  ti_sysbios_heaps_HeapMem_Module_GateProxy_query__E          
0000ab61  ti_sysbios_knl_Task_startup__E                              
0000ab69  ti_sysbios_BIOS_linkedWithIncorrectBootLibrary__E           
0000ab71  ti_sysbios_gates_GateHwi_Instance_init__E                   
0000ab79  ti_sysbios_knl_Clock_logTick__E                             
0000ab7c  xdc_runtime_Text_charTab__A                                 
0000cd23  _ctypes_                                                    
0000ce24  g_sFontCm20b                                                
0000ceec  xdc_runtime_Text_nodeTab__A                                 
0000cfe4  PWM_config                                                  
0000d020  I2C_config                                                  
0000d050  g_sharp96x96LCD                                             
0000d080  i2cMSP432HWAttrs                                            
0000d0b0  pwmTimerMSP432HWAttrs                                       
0000d0e0  ti_sysbios_family_arm_m3_Hwi_Object__PARAMS__C              
0000d110  PWMTimerMSP432_fxnTable                                     
0000d138  ti_sysbios_heaps_HeapMem_Module__FXNS__C                    
0000d160  ti_sysbios_gates_GateHwi_Module__FXNS__C                    
0000d184  ti_sysbios_gates_GateMutex_Module__FXNS__C                  
0000d1a8  ti_sysbios_heaps_HeapMem_Object__PARAMS__C                  
0000d1cc  ti_sysbios_knl_Clock_Object__PARAMS__C                      
0000d1f0  ti_sysbios_knl_Semaphore_Object__PARAMS__C                  
0000d214  I2CMSP432_fxnTable                                          
0000d234  ti_sysbios_family_arm_m3_Hwi_Object__DESC__C                
0000d254  ti_sysbios_gates_GateHwi_Object__DESC__C                    
0000d274  ti_sysbios_gates_GateMutex_Object__DESC__C                  
0000d294  ti_sysbios_heaps_HeapMem_Object__DESC__C                    
0000d2b4  ti_sysbios_knl_Clock_Object__DESC__C                        
0000d2d4  ti_sysbios_knl_Queue_Object__DESC__C                        
0000d2f4  ti_sysbios_knl_Semaphore_Object__DESC__C                    
0000d314  xdc_runtime_Startup_sfxnTab__A                              
0000d350  PWM_defaultParams                                           
0000d368  ti_sysbios_gates_GateHwi_Object__PARAMS__C                  
0000d380  ti_sysbios_gates_GateMutex_Object__PARAMS__C                
0000d398  ti_sysbios_knl_Queue_Object__PARAMS__C                      
0000d3b0  GPIOMSP432_config                                           
0000d3c4  PowerMSP432_config                                          
0000d3d4  I2C_defaultParams                                           
0000d3e4  xdc_runtime_Startup_sfxnRts__A                              
0000d400  xdc_runtime_Startup_firstFxns__A                            
0000d414  ti_sysbios_family_arm_m3_Hwi_excHookFuncs__A                
0000d41c  ti_sysbios_knl_Idle_funcList__A                             
0000d424  ti_sysbios_knl_Idle_funcList__C                             
0000d42c  xdc_runtime_Startup_firstFxns__C                            
0000d434  xdc_runtime_Startup_lastFxns__C                             
0000d43c  ti_sysbios_family_arm_m3_Hwi_E_NMI__C                       
0000d440  ti_sysbios_family_arm_m3_Hwi_E_alreadyDefined__C            
0000d444  ti_sysbios_family_arm_m3_Hwi_E_busFault__C                  
0000d448  ti_sysbios_family_arm_m3_Hwi_E_debugMon__C                  
0000d44c  ti_sysbios_family_arm_m3_Hwi_E_hardFault__C                 
0000d450  ti_sysbios_family_arm_m3_Hwi_E_memFault__C                  
0000d454  ti_sysbios_family_arm_m3_Hwi_E_noIsr__C                     
0000d458  ti_sysbios_family_arm_m3_Hwi_E_reserved__C                  
0000d45c  ti_sysbios_family_arm_m3_Hwi_E_svCall__C                    
0000d460  ti_sysbios_family_arm_m3_Hwi_E_usageFault__C                
0000d464  ti_sysbios_family_arm_m3_Hwi_NUM_INTERRUPTS__C              
0000d468  ti_sysbios_family_arm_m3_Hwi_Object__count__C               
0000d46c  ti_sysbios_family_arm_m3_Hwi_ccr__C                         
0000d470  ti_sysbios_family_arm_m3_Hwi_excHandlerFunc__C              
0000d474  ti_sysbios_family_arm_m3_Hwi_excHookFuncs__C                
0000d478  ti_sysbios_family_arm_m3_Hwi_nullIsrFunc__C                 
0000d47c  ti_sysbios_family_arm_m3_Hwi_priGroup__C                    
0000d480  ti_sysbios_family_arm_msp432_Timer_numTimerDevices__C       
0000d484  ti_sysbios_family_arm_msp432_Timer_startupNeeded__C         
0000d488  ti_sysbios_gates_GateMutex_A_badContext__C                  
0000d48c  ti_sysbios_gates_GateMutex_Instance_State_sem__O            
0000d490  ti_sysbios_gates_GateMutex_Module__diagsEnabled__C          
0000d494  ti_sysbios_gates_GateMutex_Module__diagsIncluded__C         
0000d498  ti_sysbios_gates_GateMutex_Module__diagsMask__C             
0000d49c  ti_sysbios_hal_Hwi_E_stackOverflow__C                       
0000d4a0  ti_sysbios_heaps_HeapMem_A_align__C                         
0000d4a4  ti_sysbios_heaps_HeapMem_A_heapSize__C                      
0000d4a8  ti_sysbios_heaps_HeapMem_A_invalidFree__C                   
0000d4ac  ti_sysbios_heaps_HeapMem_A_zeroBlock__C                     
0000d4b0  ti_sysbios_heaps_HeapMem_E_memory__C                        
0000d4b4  ti_sysbios_heaps_HeapMem_Module__diagsEnabled__C            
0000d4b8  ti_sysbios_heaps_HeapMem_Module__diagsIncluded__C           
0000d4bc  ti_sysbios_heaps_HeapMem_Module__diagsMask__C               
0000d4c0  ti_sysbios_heaps_HeapMem_Module__gateObj__C                 
0000d4c4  ti_sysbios_heaps_HeapMem_Object__count__C                   
0000d4c8  ti_sysbios_heaps_HeapMem_reqAlign__C                        
0000d4cc  ti_sysbios_knl_Clock_A_badThreadType__C                     
0000d4d0  ti_sysbios_knl_Clock_Module_State_clockQ__O                 
0000d4d4  ti_sysbios_knl_Clock_Module__diagsEnabled__C                
0000d4d8  ti_sysbios_knl_Clock_Module__diagsIncluded__C               
0000d4dc  ti_sysbios_knl_Clock_Module__diagsMask__C                   
0000d4e0  ti_sysbios_knl_Clock_tickPeriod__C                          
0000d4e4  ti_sysbios_knl_Semaphore_A_badContext__C                    
0000d4e8  ti_sysbios_knl_Semaphore_A_noEvents__C                      
0000d4ec  ti_sysbios_knl_Semaphore_A_overflow__C                      
0000d4f0  ti_sysbios_knl_Semaphore_A_pendTaskDisabled__C              
0000d4f4  ti_sysbios_knl_Semaphore_Instance_State_pendQ__O            
0000d4f8  ti_sysbios_knl_Semaphore_Module__diagsEnabled__C            
0000d4fc  ti_sysbios_knl_Semaphore_Module__diagsIncluded__C           
0000d500  ti_sysbios_knl_Semaphore_Module__diagsMask__C               
0000d504  ti_sysbios_knl_Swi_Object__count__C                         
0000d508  ti_sysbios_knl_Task_A_badTimeout__C                         
0000d50c  ti_sysbios_knl_Task_A_sleepTaskDisabled__C                  
0000d510  ti_sysbios_knl_Task_E_spOutOfBounds__C                      
0000d514  ti_sysbios_knl_Task_E_stackOverflow__C                      
0000d518  ti_sysbios_knl_Task_Module_State_inactiveQ__O               
0000d51c  ti_sysbios_knl_Task_Module__diagsEnabled__C                 
0000d520  ti_sysbios_knl_Task_Module__diagsIncluded__C                
0000d524  ti_sysbios_knl_Task_Module__diagsMask__C                    
0000d528  ti_sysbios_knl_Task_Object__count__C                        
0000d52c  ti_sysbios_knl_Task_allBlockedFunc__C                       
0000d530  ti_sysbios_knl_Task_numConstructedTasks__C                  
0000d534  xdc_runtime_Assert_E_assertFailed__C                        
0000d538  xdc_runtime_Core_A_initializedParams__C                     
0000d53c  xdc_runtime_Core_Module__diagsEnabled__C                    
0000d540  xdc_runtime_Core_Module__diagsIncluded__C                   
0000d544  xdc_runtime_Core_Module__diagsMask__C                       
0000d548  xdc_runtime_Error_E_memory__C                               
0000d54c  xdc_runtime_Error_Module__diagsEnabled__C                   
0000d550  xdc_runtime_Error_Module__diagsIncluded__C                  
0000d554  xdc_runtime_Error_Module__diagsMask__C                      
0000d558  xdc_runtime_Error_Module__loggerFxn8__C                     
0000d55c  xdc_runtime_Error_Module__loggerObj__C                      
0000d560  xdc_runtime_Error_policyFxn__C                              
0000d564  xdc_runtime_Error_raiseHook__C                              
0000d568  xdc_runtime_IGateProvider_Interface__BASE__C                
0000d56c  xdc_runtime_IHeap_Interface__BASE__C                        
0000d570  xdc_runtime_IModule_Interface__BASE__C                      
0000d574  xdc_runtime_Log_L_error__C                                  
0000d578  xdc_runtime_Memory_defaultHeapInstance__C                   
0000d57c  xdc_runtime_Startup_execImpl__C                             
0000d580  xdc_runtime_Startup_maxPasses__C                            
0000d584  xdc_runtime_Startup_sfxnRts__C                              
0000d588  xdc_runtime_Startup_sfxnTab__C                              
0000d58c  xdc_runtime_SysMin_bufSize__C                               
0000d590  xdc_runtime_SysMin_outputFunc__C                            
0000d594  xdc_runtime_System_Module__gateObj__C                       
0000d598  xdc_runtime_System_abortFxn__C                              
0000d59c  xdc_runtime_System_exitFxn__C                               
0000d5a0  xdc_runtime_System_extendFxn__C                             
0000d5a4  xdc_runtime_System_maxAtexitHandlers__C                     
0000d5a8  xdc_runtime_Text_charTab__C                                 
0000d5ac  xdc_runtime_Text_nameEmpty__C                               
0000d5b0  xdc_runtime_Text_nameStatic__C                              
0000d5b4  xdc_runtime_Text_nameUnknown__C                             
0000d5b8  xdc_runtime_Text_nodeTab__C                                 
0000d5bc  xdc_runtime_Text_visitRopeFxn__C                            
0000d5c0  ti_sysbios_family_arm_m3_Hwi_Module__id__C                  
0000d5c2  ti_sysbios_gates_GateMutex_Module__id__C                    
0000d5c4  ti_sysbios_hal_Hwi_Module__id__C                            
0000d5c6  ti_sysbios_heaps_HeapMem_Module__id__C                      
0000d5c8  ti_sysbios_knl_Clock_Module__id__C                          
0000d5ca  ti_sysbios_knl_Semaphore_Module__id__C                      
0000d5cc  ti_sysbios_knl_Task_Module__id__C                           
0000d5ce  xdc_runtime_Core_Module__id__C                              
0000d5d0  xdc_runtime_Error_Module__loggerDefined__C                  
0000d5d2  xdc_runtime_Error_maxDepth__C                               
0000d5d4  xdc_runtime_Memory_Module__id__C                            
0000d5d6  xdc_runtime_SysMin_flushAtExit__C                           
0000d5d8  xdc_runtime_Text_charCnt__C                                 
0000d5da  xdc_runtime_Text_isLoaded__C                                
0000d5dc  xdc_runtime_Text_registryModsLastId__C                      
0000d5de  xdc_runtime_Text_unnamedModsLastId__C                       
0000d5e0  xdc_runtime_Error_policy__C                                 
0000d5e8  __TI_static_base__                                          
0000d8e4  __TI_Handler_Table_Base                                     
0000d8f0  __TI_Handler_Table_Limit                                    
0000d900  __TI_CINIT_Base                                             
0000d918  __TI_CINIT_Limit                                            
20000000  ti_sysbios_family_arm_m3_Hwi_ramVectors                     
20000140  DisplayBuffer                                               
20003020  ti_sysbios_knl_Task_Instance_State_0_stack__A               
20003220  ti_sysbios_knl_Task_Instance_State_1_stack__A               
20003a20  ti_sysbios_knl_Task_Instance_State_2_stack__A               
20004220  ti_sysbios_knl_Task_Instance_State_3_stack__A               
20004a20  ti_sysbios_knl_Task_Instance_State_4_stack__A               
20005220  ti_sysbios_knl_Task_Instance_State_5_stack__A               
20005420  ti_sysbios_heaps_HeapMem_Instance_State_0_buf__A            
20005820  ti_sysbios_family_arm_m3_Hwi_dispatchTable                  
20005960  __CIOBUF_                                                   
20005a80  i2cMSP432Objects                                            
20005b58  xdc_runtime_SysMin_Module_State_0_outbuf__A                 
20005c08  pwmTimerMSP432Objects                                       
20005c38  clk0Struct                                                  
20005c5c  params                                                      
20005c74  range                                                       
20005c84  parmbuf                                                     
20005c8c  Ldistance                                                   
20005c90  Lspeed                                                      
20005c94  Rdistance                                                   
20005c98  Rspeed                                                      
20005c9c  clk2Handle                                                  
20005ca0  count_time                                                  
20005ca4  derivative_right                                            
20005ca8  end                                                         
20005cac  error_right                                                 
20005cb0  flag                                                        
20005cb4  integral_right                                              
20005cb8  previous_error_right                                        
20005cbc  pwm1                                                        
20005cc0  pwm2                                                        
20005cc4  pwm3                                                        
20005cc8  pwm4                                                        
20005ccc  start                                                       
20005cd0  ti_sysbios_knl_Task_Object__table__V                        
20005e98  PowerMSP432_perfLevels                                      
20005fb4  ti_sysbios_knl_Swi_Module_State_0_readyQ__A                 
20006034  ti_sysbios_knl_Task_Module_State_0_readyQ__A                
200060b4  gpioCallbackFunctions                                       
20006120  gpioPinConfigs                                              
2000618c  ti_sysbios_family_arm_msp432_Timer_Object__table__V         
200061d8  ti_sysbios_knl_Task_Module__state__V                        
2000621c  ti_sysbios_gates_GateMutex_Object__table__V                 
20006254  ti_sysbios_family_arm_m3_Hwi_Module__state__V               
200062b8  ti_sysbios_knl_Swi_Object__table__V                         
200062e8  ti_sysbios_knl_Clock_Module__state__V                       
20006314  PowerMSP432_module                                          
2000633c  pwmPeriod                                                   
2000633e  dutyInc                                                     
20006340  duty1                                                       
20006342  duty2                                                       
20006344  duty3                                                       
20006346  duty4                                                       
20006348  duty                                                        
2000634c  count                                                       
20006350  previous_error_left                                         
20006354  error_left                                                  
20006358  integral_left                                               
2000635c  derivative_left                                             
20006360  ti_sysbios_BIOS_Module__state__V                            
20006384  ti_sysbios_family_arm_msp432_Timer_Module_State_0_device__A 
200063a4  state                                                       
200063a8  RHMotorState                                                
200063ac  LHMotorState                                                
200063b0  prevRHMotorState                                            
200063b4  prevLHMotorState                                            
200063b8  time                                                        
200063bc  prevTime                                                    
200063c0  ti_sysbios_knl_Swi_Module__state__V                         
200063dc  ti_sysbios_family_arm_m3_Hwi_Object__table__V               
200063f4  ti_sysbios_heaps_HeapMem_Object__table__V                   
2000640c  ti_sysbios_family_arm_msp432_Timer_Module_State_0_handles__A
2000641c  __TI_cleanup_ptr                                            
20006420  __TI_dtors_ptr                                              
20006424  __TI_enable_exit_profile_output                             
20006428  ti_sysbios_family_arm_msp432_ClockFreqs_Module__state__V    
20006434  ti_sysbios_family_arm_msp432_Timer_Module__state__V         
20006440  xdc_runtime_SysMin_Module__state__V                         
2000644c  _lock                                                       
20006450  _unlock                                                     
20006454  ti_sysbios_family_arm_m3_Hwi_Module__root__V                
2000645c  ti_sysbios_gates_GateHwi_Module__root__V                    
20006464  ti_sysbios_gates_GateMutex_Module__root__V                  
2000646c  ti_sysbios_heaps_HeapMem_Module__root__V                    
20006474  ti_sysbios_knl_Clock_Module__root__V                        
2000647c  ti_sysbios_knl_Queue_Module__root__V                        
20006484  ti_sysbios_knl_Semaphore_Module__root__V                    
2000648c  xdc_runtime_Registry_Module__state__V                       
20006494  xdc_runtime_Startup_Module__state__V                        
2000649c  xdc_runtime_System_Module_State_0_atexitHandlers__A         
200064a4  xdc_runtime_System_Module__state__V                         
200064b4  errno                                                       
200064b8  main_func_sp                                                
200064bc  ti_sysbios_family_arm_m3_Hwi_Module_State_0_excContext__A   
200064c0  ti_sysbios_family_arm_m3_Hwi_Module_State_0_excStack__A     
200064c4  ti_sysbios_gates_GateHwi_Object__table__V                   
200064c8  ti_sysbios_knl_Task_Module_State_0_idleTask__A              
200064cc  xdc_runtime_Memory_Module__state__V                         
200064d0  VCOMbit                                                     
200064d1  flagSendToggleVCOMCommand                                   
200064d2  ti_sysbios_family_arm_m3_Hwi_Module_State_0_excActive__A    
200064d4  xdc_runtime_Error_Module__state__V                          
2000fd00  __stack                                                     
20010000  __STACK_END                                                 
4000480c  WDTCTL_SYM                                                  
e000e000  ti_sysbios_family_arm_m3_Hwi_nvic                           
ffffffff  __TI_pprof_out_hndl                                         
ffffffff  __TI_prof_data_size                                         
ffffffff  __TI_prof_data_start                                        
ffffffff  __binit__                                                   
ffffffff  __c_args__                                                  
ffffffff  binit                                                       
UNDEFED   SHT$$INIT_ARRAY$$Base                                       
UNDEFED   SHT$$INIT_ARRAY$$Limit                                      

[764 symbols]
