******************************************************************************
                  TI ARM Linker PC v16.9.4                     
******************************************************************************
>> Linked Thu Oct 05 09:18:31 2017

OUTPUT FILE NAME:   <CSRobot_01.out>
ENTRY POINT SYMBOL: "_c_int00"  address: 00006ae9


MEMORY CONFIGURATION

         name            origin    length      used     unused   attr    fill
----------------------  --------  ---------  --------  --------  ----  --------
  MAIN                  00000000   00040000  0000bed3  0003412d  R  X
  INFO                  00200000   00004000  00000000  00004000  R  X
  SRAM_CODE             01000000   00010000  00000000  00010000  RW X
  SRAM_DATA             20000000   00010000  00004e1c  0000b1e4  RW  


SEGMENT ALLOCATION MAP

run origin  load origin   length   init length attrs members
----------  ----------- ---------- ----------- ----- -------
00000000    00000000    0000bee0   0000bee0    r-x
  00000000    00000000    0000003c   0000003c    r-- .resetVecs
  00000040    00000040    000091f2   000091f2    r-x .text
  00009234    00009234    000029bd   000029bd    r-- .const
  0000bbf8    0000bbf8    000002e8   000002e8    r-- .cinit
20000000    20000000    00004b1c   00000000    rw-
  20000000    20000000    00000140   00000000    rw- .vecs
  20000140    20000140    00004300   00000000    rw- .bss
  20004440    20004440    000006dc   00000000    rw- .data
2000fd00    2000fd00    00000300   00000000    rw-
  2000fd00    2000fd00    00000300   00000000    rw- .stack


SECTION ALLOCATION MAP

 output                                  attributes/
section   page    origin      length       input sections
--------  ----  ----------  ----------   ----------------
.text      0    00000040    000091f2     
                  00000040    0000113e     rtsv7M4_T_le_v4SPD16_eabi.lib : _printfi.obj (.text)
                  0000117e    00000492     string.obj (.text:Graphics_drawString)
                  00001610    00000430     sysbios.aem4f : BIOS.obj (.text:ti_sysbios_family_arm_m3_Hwi_excDumpRegs__I)
                  00001a40    0000034c     ti.targets.arm.rtsarm.aem4f : System.oem4f (.text:xdc_runtime_System_doPrint__I)
                  00001d8c    00000004     msp432p4xx_driverlib.lib : cpu.o (.text:CPU_wfi)
                  00001d90    000002b0     sysbios.aem4f : BIOS.obj (.text:ti_sysbios_knl_Semaphore_pend__E)
                  00002040    00000264     drivers_MSP432P401R.aem4f : PowerMSP432.oem4f (.text:Power_sleep)
                  000022a4    00000004     msp432p4xx_driverlib.lib : spi.o (.text:EUSCI_A_SPI_transmitData)
                  000022a8    00000258     sysbios.aem4f : BIOS.obj (.text:ti_sysbios_heaps_HeapMem_free__E)
                  00002500    00000248                   : BIOS.obj (.text:ti_sysbios_heaps_HeapMem_alloc__E)
                  00002748    000001fc                   : BIOS.obj (.text:ti_sysbios_family_arm_m3_Hwi_excHandlerMax__I)
                  00002944    000001f4     rtsv7M4_T_le_v4SPD16_eabi.lib : ull_div_t2.obj (.text)
                  00002b38    000001e4     screenTask.obj (.text:screenTaskFxn)
                  00002d1c    00000004     msp432p4xx_driverlib.lib : spi.o (.text:EUSCI_B_SPI_transmitData)
                  00002d20    000001c4     sysbios.aem4f : BIOS.obj (.text:ti_sysbios_knl_Task_sleep__E)
                  00002ee4    000001b6     rtsv7M4_T_le_v4SPD16_eabi.lib : fd_add_t2.obj (.text)
                  0000309a    000001a0     msp432p4xx_driverlib.lib : pcm.o (.text:__PCM_setPowerStateAdvanced)
                  0000323a    00000002     power_tirtos_MSP432P401R.aem4f : PowerMSP432_tirtos.oem4f (.text:PowerMSP432_initPolicy)
                  0000323c    00000178     drivers_MSP432P401R.aem4f : I2CMSP432.oem4f (.text:I2CMSP432_open)
                  000033b4    00000004     tirtosport.aem4f : HwiP_tirtos.oem4f (.text:HwiP_disable)
                  000033b8    00000174     sysbios.aem4f : BIOS.obj (.text:ti_sysbios_family_arm_m3_Hwi_excBusFault__I)
                  0000352c    00000004     msp432p4xx_driverlib.lib : i2c.o (.text:I2C_setSlaveAddress)
                  00003530    00000164     sysbios.aem4f : BIOS.obj (.text:ti_sysbios_family_arm_m3_Hwi_excUsageFault__I)
                  00003694    00000158     Sharp96x96.obj (.text:Sharp96x96_RectFill)
                  000037ec    00000004     drivers_MSP432P401R.aem4f : List.oem4f (.text:List_head)
                  000037f0    00000148     sysbios.aem4f : BIOS.obj (.text:ti_sysbios_family_arm_m3_Hwi_excMemFault__I)
                  00003938    00000140     drivers_MSP432P401R.aem4f : GPIOMSP432.oem4f (.text:GPIO_setConfig)
                  00003a78    0000013c     sysbios.aem4f : BIOS.obj (.text:ti_sysbios_heaps_HeapMem_Instance_init__E)
                  00003bb4    00000138     Sharp96x96.obj (.text:Sharp96x96_LineDrawH)
                  00003cec    00000136     rtsv7M4_T_le_v4SPD16_eabi.lib : fd_div_t2.obj (.text)
                  00003e22    00000118     drivers_MSP432P401R.aem4f : I2CMSP432.oem4f (.text:I2CMSP432_hwiIntFxn)
                  00003f3a    00000002     rtsv7M4_T_le_v4SPD16_eabi.lib : i_div0.obj (.text)
                  00003f3c    00000118     ti.targets.arm.rtsarm.aem4f : Error.oem4f (.text:xdc_runtime_Error_policyDefault__E)
                  00004054    00000100                                 : Core-mem.oem4f (.text:xdc_runtime_Core_createObject__I)
                  00004154    000000fc     rtsv7M4_T_le_v4SPD16_eabi.lib : fd_mul_t2.obj (.text)
                  00004250    000000fc                                   : s_scalbn.obj (.text)
                  0000434c    000000f8     ti.targets.arm.rtsarm.aem4f : Startup.oem4f (.text:xdc_runtime_Startup_startMods__I)
                  00004444    000000f8     Robot_pem4f.oem4f (.text:xdc_runtime_System_printfExtend__I)
                  0000453c    000000f0     drivers_MSP432P401R.aem4f : PowerMSP432.oem4f (.text:initPerfControl)
                  0000462c    000000ec     sysbios.aem4f : m3_Hwi_asm.obj (.text:ti_sysbios_family_arm_m3_Hwi_dispatch__I)
                  00004718    000000ec                   : BIOS.obj (.text:ti_sysbios_knl_Semaphore_post__E)
                  00004804    000000e2     drivers_MSP432P401R.aem4f : PWMTimerMSP432.oem4f (.text:initHw)
                  000048e6    00000002     Robot_pem4f.oem4f (.text:ti_sysbios_BIOS_nullFunc__I)
                  000048e8    000000e0     msp432p4xx_driverlib.lib : cs.o (.text:CS_initClockSignal)
                  000049c8    000000dc                              : pcm.o (.text:__PCM_setPowerModeAdvanced)
                  00004aa4    000000d8     Sharp96x96.obj (.text:Sharp96x96_Flush)
                  00004b7c    000000d4     main.obj (.text:main)
                  00004c50    000000cc     ti.targets.arm.rtsarm.aem4f : Core-smem.oem4f (.text:xdc_runtime_Core_constructObject__I)
                  00004d1c    00000004     drivers_MSP432P401R.aem4f : List.oem4f (.text:List_next)
                  00004d20    000000bc     sysbios.aem4f : BIOS.obj (.text:ti_sysbios_family_arm_m3_Hwi_excDebugMon__I)
                  00004ddc    00000004     drivers_MSP432P401R.aem4f : PowerMSP432.oem4f (.text:PowerMSP432_getNumPerfLevels)
                  00004de0    000000bc     sysbios.aem4f : BIOS.obj (.text:ti_sysbios_family_arm_m3_Hwi_excHardFault__I)
                  00004e9c    00000004     Robot_pem4f.oem4f (.text:ti_sysbios_BIOS_RtsGateProxy_enter__E)
                  00004ea0    000000b4     sysbios.aem4f : BIOS.obj (.text:ti_sysbios_gates_GateMutex_enter__E)
                  00004f54    00000004     Robot_pem4f.oem4f (.text:ti_sysbios_BIOS_RtsGateProxy_leave__E)
                  00004f58    000000b4     sysbios.aem4f : BIOS.obj (.text:ti_sysbios_knl_Task_checkStacks__E)
                  0000500c    000000b2     msp432p4xx_driverlib.lib : timer_a.o (.text:privateTimer_AProcessClockSourceDivider)
                  000050be    00000002     --HOLE-- [fill = 0]
                  000050c0    000000b0                              : pcm.o (.text:__PCM_setCoreVoltageLevelAdvanced)
                  00005170    000000ac     drivers_MSP432P401R.aem4f : PWMTimerMSP432.oem4f (.text:PWMTimerMSP432_open)
                  0000521c    00000004     Robot_pem4f.oem4f (.text:ti_sysbios_family_arm_m3_Hwi_destruct)
                  00005220    000000a8     sysbios.aem4f : BIOS.obj (.text:ti_sysbios_family_arm_msp432_Timer_periodicStub__E)
                  000052c8    000000a4     line.obj (.text:Graphics_drawLineH)
                  0000536c    000000a0     auto_init.aem4f : auto_init.oem4f (.text)
                  0000540c    000000a0     ti.targets.arm.rtsarm.aem4f : Text.oem4f (.text:xdc_runtime_Text_putMod__E)
                  000054ac    0000009c     rtsv7M4_T_le_v4SPD16_eabi.lib : memcpy_t2.obj (.text)
                  00005548    0000009c     sysbios.aem4f : BIOS.obj (.text:ti_sysbios_knl_Semaphore_Instance_init__E)
                  000055e4    00000004     Robot_pem4f.oem4f (.text:ti_sysbios_family_arm_m3_TaskSupport_Module__startupDone__S)
                  000055e8    0000009c     sysbios.aem4f : BIOS.obj (.text:ti_sysbios_knl_Task_postInit__I)
                  00005684    0000009a     ti.targets.arm.rtsarm.aem4f : Text.oem4f (.text:xdc_runtime_Text_putSite__E)
                  0000571e    00000002     --HOLE-- [fill = 0]
                  00005720    00000094     sysbios.aem4f : BIOS.obj (.text:ti_sysbios_family_arm_m3_Hwi_Instance_init__E)
                  000057b4    00000004     Robot_pem4f.oem4f (.text:ti_sysbios_heaps_HeapMem_Module_GateProxy_enter__E)
                  000057b8    00000094     sysbios.aem4f : BIOS.obj (.text:ti_sysbios_family_arm_m3_Hwi_initNVIC__E)
                  0000584c    00000092     drivers_MSP432P401R.aem4f : I2CMSP432.oem4f (.text:I2CMSP432_cancel)
                  000058de    00000092                               : PWMTimerMSP432.oem4f (.text:PWMTimerMSP432_setPeriod)
                  00005970    00000090     Sharp96x96.obj (.text:Sharp96x96_LineDrawV)
                  00005a00    0000008c     drivers_MSP432P401R.aem4f : I2CMSP432.oem4f (.text:I2CMSP432_transfer)
                  00005a8c    0000008c     sysbios.aem4f : m3_TaskSupport_asm.obj (.text:ti_sysbios_family_arm_m3_TaskSupport_buildTaskStack)
                  00005b18    00000088     msp432p4xx_driverlib.lib : spi.o (.text:SPI_initMaster)
                  00005ba0    00000088     sysbios.aem4f : BIOS.obj (.text:ti_sysbios_family_arm_msp432_Timer_Module_startup__E)
                  00005c28    00000086     rtsv7M4_T_le_v4SPD16_eabi.lib : fd_cmp_t2.obj (.text:__aeabi_cdcmple)
                  00005cae    00000086                                   : fd_cmp_t2.obj (.text:__aeabi_cdrcmple)
                  00005d34    00000084     drivers_MSP432P401R.aem4f : PWMTimerMSP432.oem4f (.text:PWMTimerMSP432_setDuty)
                  00005db8    00000084     sysbios.aem4f : BIOS.obj (.text:ti_sysbios_family_arm_m3_Hwi_postInit__I)
                  00005e3c    00000080     Sharp96x96.obj (.text:Sharp96x96_SendToggleVCOMCommand)
                  00005ebc    0000007c     msp432p4xx_driverlib.lib : pcm.o (.text:PCM_gotoLPM3)
                  00005f38    0000007c     Sharp96x96.obj (.text:Sharp96x96_ClearScreen)
                  00005fb4    0000007c     Sharp96x96.obj (.text:Sharp96x96_DrawMultiple)
                  00006030    0000007a     rtsv7M4_T_le_v4SPD16_eabi.lib : memset_t2.obj (.text)
                  000060aa    00000006     drivers_MSP432P401R.aem4f : I2CMSP432.oem4f (.text:I2CMSP432_control)
                  000060b0    00000070     sysbios.aem4f : BIOS.obj (.text:ti_sysbios_knl_Task_exit__E)
                  00006120    0000006d     ti.targets.arm.rtsarm.aem4f : System.oem4f (.text:xdc_runtime_System_formatNum__I)
                  0000618d    00000003     --HOLE-- [fill = 0]
                  00006190    0000006c     sysbios.aem4f : BIOS.obj (.text:ti_sysbios_knl_Clock_workFunc__E)
                  000061fc    00000004     Robot_pem4f.oem4f (.text:ti_sysbios_heaps_HeapMem_Module_GateProxy_leave__E)
                  00006200    0000006c     sysbios.aem4f : BIOS.obj (.text:ti_sysbios_knl_Swi_restoreHwi__E)
                  0000626c    0000006c     ti.targets.arm.rtsarm.aem4f : Error.oem4f (.text:xdc_runtime_Error_print__E)
                  000062d8    0000006c                                 : Memory.oem4f (.text:xdc_runtime_Memory_alloc__E)
                  00006344    00000068     Sharp96x96.obj (.text:Sharp96x96_PixelDraw)
                  000063ac    00000068     rtsv7M4_T_le_v4SPD16_eabi.lib : copy_decompress_lzss.obj (.text:decompress:lzss)
                  00006414    00000068     drivers_MSP432P401R.aem4f : I2CMSP432.oem4f (.text:primeTransfer)
                  0000647c    00000068     rtsv7M4_T_le_v4SPD16_eabi.lib : trgmsg.obj (.text)
                  000064e4    00000066     drivers_MSP432P401R.aem4f : I2CMSP432.oem4f (.text:I2CMSP432_close)
                  0000654a    00000066     ti.targets.arm.rtsarm.aem4f : Core-mem.oem4f (.text:xdc_runtime_Core_deleteObject__I)
                  000065b0    00000064     rtsv7M4_T_le_v4SPD16_eabi.lib : s_frexp.obj (.text)
                  00006614    00000004     Robot_pem4f.oem4f (.text:ti_sysbios_knl_Clock_TimerProxy_getMaxTicks__E)
                  00006618    00000064     sysbios.aem4f : BIOS.obj (.text:ti_sysbios_family_arm_m3_Hwi_dispatchC__I)
                  0000667c    00000062     tirtosport.aem4f : HwiP_tirtos.oem4f (.text:HwiP_create)
                  000066de    00000062     Sharp96x96utils.obj (.text:reverse)
                  00006740    00000060     rtsv7M4_T_le_v4SPD16_eabi.lib : sprintf.obj (.text)
                  000067a0    00000060     sysbios.aem4f : BIOS.obj (.text:ti_sysbios_knl_Task_schedule__I)
                  00006800    0000005c     drivers_MSP432P401R.aem4f : GPIOMSP432.oem4f (.text:GPIO_init)
                  0000685c    00000004     Robot_pem4f.oem4f (.text:ti_sysbios_knl_Queue_destruct)
                  00006860    0000005c     sysbios.aem4f : BIOS.obj (.text:ti_sysbios_knl_Swi_run__I)
                  000068bc    00000004     Robot_pem4f.oem4f (.text:ti_sysbios_knl_Semaphore_destruct)
                  000068c0    0000005c     sysbios.aem4f : BIOS.obj (.text:ti_sysbios_knl_Swi_schedule__I)
                  0000691c    00000004     ti.targets.arm.rtsarm.aem4f : Error.oem4f (.text:xdc_runtime_Error_getSite__E)
                  00006920    0000005c     sysbios.aem4f : BIOS.obj (.text:ti_sysbios_knl_Task_Module_startup__E)
                  0000697c    00000004     Robot_pem4f.oem4f (.text:xdc_runtime_System_Module_GateProxy_enter__E)
                  00006980    0000005c     sysbios.aem4f : BIOS.obj (.text:ti_sysbios_knl_Task_startCore__E)
                  000069dc    0000005b     ti.targets.arm.rtsarm.aem4f : Text.oem4f (.text:xdc_runtime_Text_putLab__E)
                  00006a37    00000001     --HOLE-- [fill = 0]
                  00006a38    00000058     tirtosport.aem4f : SemaphoreP_tirtos.oem4f (.text:SemaphoreP_create)
                  00006a90    00000058     Sharp96x96.obj (.text:Sharp96x96_InitializeDisplayBuffer)
                  00006ae8    00000058     boot.aem4f : boot.oem4f (.text)
                  00006b40    00000058     rtsv7M4_T_le_v4SPD16_eabi.lib : hostwrite.obj (.text)
                  00006b98    00000058     Robot_pem4f.oem4f (.text:ti_sysbios_family_arm_m3_Hwi_construct)
                  00006bf0    00000058     sysbios.aem4f : m3_Hwi_asm_switch.obj (.text:ti_sysbios_family_arm_m3_Hwi_initStacks__E)
                  00006c48    00000054     drivers_MSP432P401R.aem4f : GPIOMSP432.oem4f (.text:GPIO_hwiIntFxn)
                  00006c9c    00000054                               : GPIOMSP432.oem4f (.text:GPIO_setCallback)
                  00006cf0    00000054                               : PWMTimerMSP432.oem4f (.text:PWMTimerMSP432_stop)
                  00006d44    00000054     Sharp96x96.obj (.text:Sharp96x96_LCDInit)
                  00006d98    00000054     drivers_MSP432P401R.aem4f : I2CMSP432.oem4f (.text:initHw)
                  00006dec    00000054     rtsv7M4_T_le_v4SPD16_eabi.lib : exit.obj (.text)
                  00006e40    00000054                                   : ltoa.obj (.text)
                  00006e94    00000004     Robot_pem4f.oem4f (.text:xdc_runtime_System_Module_GateProxy_leave__E)
                  00006e98    00000054     sysbios.aem4f : BIOS.obj (.text:ti_sysbios_family_arm_msp432_Timer_initDevice__I)
                  00006eec    00000004     ti.targets.arm.rtsarm.aem4f : System.oem4f (.text:xdc_runtime_System_aprintf_va__F)
                  00006ef0    00000054     sysbios.aem4f : BIOS.obj (.text:ti_sysbios_family_arm_msp432_init_Boot_configureClocksHigh)
                  00006f44    00000054     ti.targets.arm.rtsarm.aem4f : Assert.oem4f (.text:xdc_runtime_Assert_raise__I)
                  00006f98    00000050     drivers_MSP432P401R.aem4f : GPIOMSP432.oem4f (.text:GPIO_write)
                  00006fe8    00000050     msp432p4xx_driverlib.lib : pcm.o (.text:PCM_shutdownDevice)
                  00007038    00000050     drivers_MSP432P401R.aem4f : PWMTimerMSP432.oem4f (.text:PWMTimerMSP432_close)
                  00007088    00000050     sysbios.aem4f : BIOS.obj (.text:ti_sysbios_family_arm_m3_Hwi_Module_startup__E)
                  000070d8    00000050     ti.targets.arm.rtsarm.aem4f : Startup.oem4f (.text:xdc_runtime_Startup_exec__E)
                  00007128    00000050                                 : Text.oem4f (.text:xdc_runtime_Text_visitRope2__I)
                  00007178    0000004c     msp432p4xx_driverlib.lib : gpio.o (.text:GPIO_setAsPeripheralModuleFunctionOutputPin)
                  000071c4    0000004c     rtsv7M4_T_le_v4SPD16_eabi.lib : atoi.obj (.text)
                  00007210    0000004c                                   : cpy_tbl.obj (.text)
                  0000725c    00000004     ti.targets.arm.rtsarm.aem4f : System.oem4f (.text:xdc_runtime_System_printf_va__F)
                  00007260    0000004c     sysbios.aem4f : BIOS.obj (.text:ti_sysbios_family_arm_msp432_Timer_start__E)
                  000072ac    00000004     --HOLE-- [fill = 0]
                  000072b0    0000004c                   : BIOS.obj (.text:ti_sysbios_heaps_HeapMem_getStats__E)
                  000072fc    00000004     --HOLE-- [fill = 0]
                  00007300    0000004c                   : BIOS.obj (.text:ti_sysbios_knl_Swi_runLoop__I)
                  0000734c    00000004     --HOLE-- [fill = 0]
                  00007350    0000004c                   : BIOS.obj (.text:ti_sysbios_knl_Task_allBlockedFunction__I)
                  0000739c    0000004a     context.obj (.text:Graphics_initContext)
                  000073e6    00000048     msp432p4xx_driverlib.lib : timer_a.o (.text:Timer_A_generatePWM)
                  0000742e    00000048     rtsv7M4_T_le_v4SPD16_eabi.lib : fd_toi_t2.obj (.text)
                  00007476    00000002     --HOLE-- [fill = 0]
                  00007478    00000048     sysbios.aem4f : BIOS.obj (.text:ti_sysbios_family_arm_m3_Hwi_disableInterrupt__E)
                  000074c0    00000048                   : BIOS.obj (.text:ti_sysbios_family_arm_m3_Hwi_enableInterrupt__E)
                  00007508    00000048                   : BIOS.obj (.text:ti_sysbios_family_arm_m3_Hwi_excReserved__I)
                  00007550    00000046     ti.targets.arm.rtsarm.aem4f : Core-params.oem4f (.text:xdc_runtime_Core_assignParams__I)
                  00007596    00000002     --HOLE-- [fill = 0]
                  00007598    00000044     MSP_EXP432P401R.obj (.text:MSP_EXP432P401R_initPWM)
                  000075dc    00000044     drivers_MSP432P401R.aem4f : PowerMSP432.oem4f (.text:Power_init)
                  00007620    00000044     sysbios.aem4f : BIOS.obj (.text:ti_sysbios_family_arm_m3_Hwi_getStackInfo__E)
                  00007664    00000004     --HOLE-- [fill = 0]
                  00007668    00000044                   : BIOS.obj (.text:ti_sysbios_knl_Swi_post__E)
                  000076ac    00000044     ti.targets.arm.rtsarm.aem4f : Error.oem4f (.text:xdc_runtime_Error_setX__E)
                  000076f0    00000044                                 : SysMin.oem4f (.text:xdc_runtime_SysMin_flush__E)
                  00007734    00000044                                 : Text.oem4f (.text:xdc_runtime_Text_xprintf__I)
                  00007778    00000042     drivers_MSP432P401R.aem4f : I2CMSP432.oem4f (.text:completeTransfer)
                  000077ba    00000002     --HOLE-- [fill = 0]
                  000077bc    00000040     msp432p4xx_driverlib.lib : flash.o (.text:FlashCtl_disableReadBuffering)
                  000077fc    00000040     string.obj (.text:Graphics_getNumberOfLeadingZeros)
                  0000783c    00000040     msp432p4xx_driverlib.lib : i2c.o (.text:I2C_masterSendMultiByteFinish)
                  0000787c    00000040     drivers_MSP432P401R.aem4f : PWMTimerMSP432.oem4f (.text:PWMTimerMSP432_start)
                  000078bc    00000040                               : PowerMSP432.oem4f (.text:notify)
                  000078fc    00000040     rtsv7M4_T_le_v4SPD16_eabi.lib : u_divt2.obj (.text)
                  0000793c    00000004     --HOLE-- [fill = 0]
                  00007940    00000040     sysbios.aem4f : BIOS.obj (.text:ti_sysbios_family_arm_msp432_Timer_startup__E)
                  00007980    0000003e     msp432p4xx_driverlib.lib : i2c.o (.text:I2C_initMaster)
                  000079be    00000002     --HOLE-- [fill = 0]
                  000079c0    0000003c     MSP_EXP432P401R.obj (.text:MSP_EXP432P401R_initI2C)
                  000079fc    0000003c     power_tirtos_MSP432P401R.aem4f : PowerMSP432_tirtos.oem4f (.text:PowerMSP432_sleepPolicy)
                  00007a38    0000003c     drivers_MSP432P401R.aem4f : PWMTimerMSP432.oem4f (.text:getPeriodCounts)
                  00007a74    00000004     --HOLE-- [fill = 0]
                  00007a78    0000003c     sysbios.aem4f : BIOS.obj (.text:ti_sysbios_family_arm_m3_Hwi_excSvCall__I)
                  00007ab4    00000004     --HOLE-- [fill = 0]
                  00007ab8    0000003c                   : BIOS.obj (.text:ti_sysbios_heaps_HeapMem_init__I)
                  00007af4    00000004     --HOLE-- [fill = 0]
                  00007af8    0000003c                   : BIOS.obj (.text:ti_sysbios_knl_Swi_restore__E)
                  00007b34    00000038     drivers_MSP432P401R.aem4f : I2C.oem4f (.text:I2C_init)
                  00007b6c    00000038                               : PWM.oem4f (.text:PWM_init)
                  00007ba4    00000038                               : PWMTimerMSP432.oem4f (.text:getDutyCounts)
                  00007bdc    00000038                               : I2CMSP432.oem4f (.text:perfChangeNotifyFxn)
                  00007c14    00000004     --HOLE-- [fill = 0]
                  00007c18    00000038     sysbios.aem4f : BIOS.obj (.text:ti_sysbios_family_arm_m3_Hwi_excNoIsr__I)
                  00007c50    00000038                   : BIOS.obj (.text:ti_sysbios_knl_Task_processVitalTaskFlag__I)
                  00007c88    00000038     ti.targets.arm.rtsarm.aem4f : SysMin.oem4f (.text:xdc_runtime_SysMin_putch__E)
                  00007cc0    00000038                                 : System.oem4f (.text:xdc_runtime_System_atexit__E)
                  00007cf8    00000034     msp432p4xx_driverlib.lib : flash.o (.text:FlashCtl_enableReadBuffering)
                  00007d2c    00000004     --HOLE-- [fill = 0]
                  00007d30    00000034     sysbios.aem4f : BIOS.obj (.text:ti_sysbios_family_arm_m3_Hwi_Instance_finalize__E)
                  00007d64    00000004     --HOLE-- [fill = 0]
                  00007d68    00000034                   : BIOS.obj (.text:ti_sysbios_family_arm_m3_Hwi_excNmi__I)
                  00007d9c    00000004     --HOLE-- [fill = 0]
                  00007da0    00000034                   : BIOS.obj (.text:ti_sysbios_hal_Hwi_checkStack)
                  00007dd4    00000034     ti.targets.arm.rtsarm.aem4f : Core-label.oem4f (.text:xdc_runtime_Core_assignLabel__I)
                  00007e08    00000033                                 : Text.oem4f (.text:xdc_runtime_Text_printVisFxn__I)
                  00007e3b    00000005     --HOLE-- [fill = 0]
                  00007e40    00000032     sysbios.aem4f : BIOS.obj (.text:ti_sysbios_hal_Hwi_initStack)
                  00007e72    00000002     --HOLE-- [fill = 0]
                  00007e74    00000030     msp432p4xx_driverlib.lib : gpio.o (.text:GPIO_getEnabledInterruptStatus)
                  00007ea4    00000030                              : gpio.o (.text:GPIO_setAsInputPinWithPullDownResistor)
                  00007ed4    00000030                              : gpio.o (.text:GPIO_setAsInputPinWithPullUpResistor)
                  00007f04    00000030                              : spi.o (.text:is_A_Module)
                  00007f34    00000030     Robot_pem4f.oem4f (.text:ti_sysbios_BIOS_atExitFunc__I)
                  00007f64    00000030     Robot_pem4f.oem4f (.text:ti_sysbios_BIOS_startFunc__I)
                  00007f94    00000004     --HOLE-- [fill = 0]
                  00007f98    00000030     sysbios.aem4f : BIOS.obj (.text:ti_sysbios_family_arm_m3_TaskSupport_start__E)
                  00007fc8    00000030     Robot_pem4f.oem4f (.text:ti_sysbios_gates_GateHwi_Object__create__S)
                  00007ff8    00000030     Robot_pem4f.oem4f (.text:ti_sysbios_gates_GateMutex_Object__create__S)
                  00008028    00000030     Robot_pem4f.oem4f (.text:ti_sysbios_heaps_HeapMem_Object__create__S)
                  00008058    00000030     Robot_pem4f.oem4f (.text:ti_sysbios_knl_Semaphore_construct)
                  00008088    00000030     sysbios.aem4f : BIOS.obj (.text:ti_sysbios_knl_Semaphore_pendTimeout__I)
                  000080b8    00000030                   : BIOS.obj (.text:ti_sysbios_knl_Task_unblockI__E)
                  000080e8    00000030     ti.targets.arm.rtsarm.aem4f : SysMin.oem4f (.text:xdc_runtime_SysMin_abort__E)
                  00008118    00000030                                 : System.oem4f (.text:xdc_runtime_System_processAtExit__E)
                  00008148    0000002e     rtsv7M4_T_le_v4SPD16_eabi.lib : i_tofd_t2.obj (.text)
                  00008176    00000002     --HOLE-- [fill = 0]
                  00008178    0000002c     msp432p4xx_driverlib.lib : gpio.o (.text:GPIO_setAsInputPin)
                  000081a4    0000002c                              : pcm.o (.text:PCM_getCoreVoltageLevel)
                  000081d0    0000002c     power_tirtos_MSP432P401R.aem4f : PowerMSP432_tirtos.oem4f (.text:PowerMSP432_updateFreqs)
                  000081fc    0000002c     drivers_MSP432P401R.aem4f : PowerMSP432.oem4f (.text:Power_releaseConstraint)
                  00008228    0000002c                               : PowerMSP432.oem4f (.text:Power_setConstraint)
                  00008254    0000002c     Robot_pem4f.oem4f (.text:ti_sysbios_knl_Clock_doTick__I)
                  00008280    0000002c     Robot_pem4f.oem4f (.text:ti_sysbios_knl_Queue_construct)
                  000082ac    00000004     --HOLE-- [fill = 0]
                  000082b0    0000002c     sysbios.aem4f : BIOS.obj (.text:ti_sysbios_knl_Task_restore__E)
                  000082dc    0000002c     ti.targets.arm.rtsarm.aem4f : Text.oem4f (.text:xdc_runtime_Text_cordText__E)
                  00008308    0000002a     msp432p4xx_driverlib.lib : pcm.o (.text:PCM_getPowerMode)
                  00008332    0000002a     ti.targets.arm.rtsarm.aem4f : System.oem4f (.text:xdc_runtime_System_putchar__I)
                  0000835c    00000028     msp432p4xx_driverlib.lib : flash.o (.text:FlashCtl_setWaitState)
                  00008384    00000028     drivers_MSP432P401R.aem4f : GPIOMSP432.oem4f (.text:GPIO_enableInt)
                  000083ac    00000028     msp432p4xx_driverlib.lib : pcm.o (.text:PCM_gotoLPM0)
                  000083d4    00000004     --HOLE-- [fill = 0]
                  000083d8    00000028     sysbios.aem4f : BIOS.obj (.text:ti_sysbios_knl_Clock_addI__E)
                  00008400    00000028                   : BIOS.obj (.text:ti_sysbios_knl_Swi_Module_startup__E)
                  00008428    00000026     drivers_MSP432P401R.aem4f : List.oem4f (.text:List_put)
                  0000844e    00000026     sysbios.aem4f : m3_Hwi_asm.obj (.text:ti_sysbios_family_arm_m3_Hwi_pendSV__I)
                  00008474    00000026     ti.targets.arm.rtsarm.aem4f : System.oem4f (.text:xdc_runtime_System_avprintf__E)
                  0000849a    00000002     --HOLE-- [fill = 0]
                  0000849c    00000024     msp432p4xx_driverlib.lib : cs.o (.text:CS_setDCOCenteredFrequency)
                  000084c0    00000024                              : gpio.o (.text:GPIO_setAsOutputPin)
                  000084e4    00000024                              : i2c.o (.text:I2C_masterSendMultiByteNext)
                  00008508    00000024                              : rtc_c.o (.text:RTC_C_holdClock)
                  0000852c    00000024                              : rtc_c.o (.text:RTC_C_startClock)
                  00008550    00000024     Robot_pem4f.oem4f (.text:ti_sysbios_BIOS_errorRaiseHook__I)
                  00008574    00000024     Robot_pem4f.oem4f (.text:ti_sysbios_BIOS_registerRTSLock__I)
                  00008598    00000024     Robot_pem4f.oem4f (.text:ti_sysbios_BIOS_removeRTSLock__I)
                  000085bc    00000004     --HOLE-- [fill = 0]
                  000085c0    00000024     sysbios.aem4f : BIOS.obj (.text:ti_sysbios_family_arm_msp432_ClockFreqs_setFrequency__E)
                  000085e4    00000024     Robot_pem4f.oem4f (.text:ti_sysbios_gates_GateMutex_Object__delete__S)
                  00008608    00000024     sysbios.aem4f : BIOS.obj (.text:ti_sysbios_knl_Clock_Module_startup__E)
                  0000862c    00000004     --HOLE-- [fill = 0]
                  00008630    00000024                   : BIOS.obj (.text:ti_sysbios_knl_Task_restoreHwi__E)
                  00008654    00000024     ti.targets.arm.rtsarm.aem4f : System.oem4f (.text:xdc_runtime_System_vprintf__E)
                  00008678    00000022     Robot_pem4f.oem4f (.text:xdc_runtime_SysMin_output__I)
                  0000869a    00000002     --HOLE-- [fill = 0]
                  0000869c    00000020     msp432p4xx_driverlib.lib : gpio.o (.text:GPIO_interruptEdgeSelect)
                  000086bc    00000020     drivers_MSP432P401R.aem4f : PowerMSP432.oem4f (.text:PowerMSP432_getFreqs)
                  000086dc    00000020                               : PowerMSP432.oem4f (.text:Power_unregisterNotify)
                  000086fc    00000020     msp432p4xx_driverlib.lib : spi.o (.text:SPI_transmitData)
                  0000871c    00000020     Robot_pem4f.oem4f (.text:ti_sysbios_BIOS_rtsLock__I)
                  0000873c    00000020     sysbios.aem4f : m3_Hwi_asm.obj (.text:ti_sysbios_family_arm_m3_Hwi_excHandlerAsm__I)
                  0000875c    00000004     --HOLE-- [fill = 0]
                  00008760    00000020                   : BIOS.obj (.text:ti_sysbios_family_arm_m3_Hwi_excHandler__I)
                  00008780    00000020     Robot_pem4f.oem4f (.text:ti_sysbios_gates_GateHwi_Object__delete__S)
                  000087a0    00000020     Robot_pem4f.oem4f (.text:ti_sysbios_heaps_HeapMem_Object__delete__S)
                  000087c0    00000020     sysbios.aem4f : BIOS.obj (.text:ti_sysbios_knl_Idle_run__E)
                  000087e0    00000020     Robot_pem4f.oem4f (.text:ti_sysbios_knl_Semaphore_Object__destruct__S)
                  00008800    00000020     ti.targets.arm.rtsarm.aem4f : Registry.oem4f (.text:xdc_runtime_Registry_findById__E)
                  00008820    00000020                                 : SysMin.oem4f (.text:xdc_runtime_SysMin_Module_startup__E)
                  00008840    0000001e     drivers_MSP432P401R.aem4f : PWMTimerMSP432.oem4f (.text:corroboratePeriod)
                  0000885e    0000001e     sysbios.aem4f : m3_Hwi_asm_switch.obj (.text:ti_sysbios_family_xxx_Hwi_switchAndRunFunc)
                  0000887c    0000001c     msp432p4xx_driverlib.lib : spi.o (.text:EUSCI_B_SPI_isBusy)
                  00008898    0000001c                              : pcm.o (.text:PCM_enableRudeMode)
                  000088b4    0000001c     drivers_MSP432P401R.aem4f : PowerMSP432.oem4f (.text:Power_registerNotify)
                  000088d0    0000001c     rtsv7M4_T_le_v4SPD16_eabi.lib : memccpy.obj (.text)
                  000088ec    0000001c     Robot_pem4f.oem4f (.text:ti_sysbios_family_arm_m3_Hwi_Object__destruct__S)
                  00008908    0000001c     sysbios.aem4f : BIOS.obj (.text:ti_sysbios_gates_GateMutex_Instance_init__E)
                  00008924    0000001c     Robot_pem4f.oem4f (.text:ti_sysbios_knl_Queue_Object__destruct__S)
                  00008940    0000001c     sysbios.aem4f : BIOS.obj (.text:ti_sysbios_knl_Queue_put__E)
                  0000895c    00000004     --HOLE-- [fill = 0]
                  00008960    0000001c                   : BIOS.obj (.text:ti_sysbios_knl_Task_enter__I)
                  0000897c    0000001c     ti.targets.arm.rtsarm.aem4f : Error.oem4f (.text:xdc_runtime_Error_raiseX__E)
                  00008998    0000001c                                 : Memory.oem4f (.text:xdc_runtime_Memory_valloc__E)
                  000089b4    0000001c                                 : SysMin.oem4f (.text:xdc_runtime_SysMin_exit__E)
                  000089d0    0000001c                                 : System.oem4f (.text:xdc_runtime_System_abort__E)
                  000089ec    0000001a     drivers_MSP432P401R.aem4f : List.oem4f (.text:List_remove)
                  00008a06    0000001a     msp432p4xx_driverlib.lib : spi.o (.text:SPI_enableModule)
                  00008a20    0000001a     Robot_pem4f.oem4f (.text:ti_sysbios_family_arm_m3_Hwi_Handle__label__S)
                  00008a3a    0000001a     Robot_pem4f.oem4f (.text:ti_sysbios_gates_GateHwi_Handle__label__S)
                  00008a54    0000001a     Robot_pem4f.oem4f (.text:ti_sysbios_gates_GateMutex_Handle__label__S)
                  00008a6e    0000001a     Robot_pem4f.oem4f (.text:ti_sysbios_heaps_HeapMem_Handle__label__S)
                  00008a88    0000001a     Robot_pem4f.oem4f (.text:ti_sysbios_knl_Swi_Handle__label__S)
                  00008aa2    0000001a     Robot_pem4f.oem4f (.text:ti_sysbios_knl_Task_Handle__label__S)
                  00008abc    0000001a     Robot_pem4f.oem4f (.text:xdc_runtime_System_aprintf__E)
                  00008ad6    0000001a     Robot_pem4f.oem4f (.text:xdc_runtime_System_printf__E)
                  00008af0    00000018     msp432p4xx_driverlib.lib : gpio.o (.text:GPIO_clearInterruptFlag)
                  00008b08    00000018                              : gpio.o (.text:GPIO_setDriveStrengthLow)
                  00008b20    00000018                              : gpio.o (.text:GPIO_setOutputLowOnPin)
                  00008b38    00000018                              : i2c.o (.text:I2C_masterIsStartSent)
                  00008b50    00000018                              : wdt_a.o (.text:WDT_A_holdTimer)
                  00008b68    00000018     drivers_MSP432P401R.aem4f : PWMTimerMSP432.oem4f (.text:corroborateDuty)
                  00008b80    00000018     rtsv7M4_T_le_v4SPD16_eabi.lib : args_main.obj (.text)
                  00008b98    00000018     Robot_pem4f.oem4f (.text:ti_sysbios_BIOS_rtsUnlock__I)
                  00008bb0    00000018     Robot_pem4f.oem4f (.text:ti_sysbios_family_arm_m3_Hwi_Module__startupDone__F)
                  00008bc8    00000018     sysbios.aem4f : m3_TaskSupport_asm.obj (.text:ti_sysbios_family_arm_m3_TaskSupport_swap__E)
                  00008be0    00000018     Robot_pem4f.oem4f (.text:ti_sysbios_family_arm_msp432_Timer_Module__startupDone__F)
                  00008bf8    00000018     sysbios.aem4f : BIOS.obj (.text:ti_sysbios_gates_GateMutex_leave__E)
                  00008c10    00000018                   : BIOS.obj (.text:ti_sysbios_knl_Task_sleepTimeout__I)
                  00008c28    00000018     ti.targets.arm.rtsarm.aem4f : Error.oem4f (.text:xdc_runtime_Error_check__E)
                  00008c40    00000018                                 : System.oem4f (.text:xdc_runtime_System_exit__E)
                  00008c58    00000018                                 : Text.oem4f (.text:xdc_runtime_Text_ropeText__E)
                  00008c70    00000016     tirtosport.aem4f : HwiP_tirtos.oem4f (.text:HwiP_delete)
                  00008c86    00000016                      : SemaphoreP_tirtos.oem4f (.text:SemaphoreP_delete)
                  00008c9c    00000016     rtsv7M4_T_le_v4SPD16_eabi.lib : strchr.obj (.text)
                  00008cb2    00000016     Robot_pem4f.oem4f (.text:ti_sysbios_BIOS_exitFunc__I)
                  00008cc8    00000014     msp432p4xx_driverlib.lib : gpio.o (.text:GPIO_enableInterrupt)
                  00008cdc    00000014                              : gpio.o (.text:GPIO_setDriveStrengthHigh)
                  00008cf0    00000014                              : gpio.o (.text:GPIO_setOutputHighOnPin)
                  00008d04    00000014     drivers_MSP432P401R.aem4f : PowerMSP432.oem4f (.text:Power_idleFunc)
                  00008d18    00000014     Sharp96x96.obj (.text:Sharp96x96_ClearBuffer)
                  00008d2c    00000014     msp432p4xx_driverlib.lib : wdt_a.o (.text:WDT_A_startTimer)
                  00008d40    00000014     buttons.obj (.text:gpioButtonFxn0)
                  00008d54    00000014     buttons.obj (.text:gpioButtonFxn1)
                  00008d68    00000014     rtsv7M4_T_le_v4SPD16_eabi.lib : _lock.obj (.text)
                  00008d7c    00000014                                   : s_copysign.obj (.text)
                  00008d90    00000014                                   : strlen.obj (.text)
                  00008da4    00000014     Robot_pem4f.oem4f (.text:ti_sysbios_family_arm_m3_Hwi_Object__get__S)
                  00008db8    00000014     sysbios.aem4f : BIOS.obj (.text:ti_sysbios_family_arm_m3_Hwi_switchFromBootStack__E)
                  00008dcc    00000014     Robot_pem4f.oem4f (.text:ti_sysbios_heaps_HeapMem_Object__get__S)
                  00008de0    00000014     Robot_pem4f.oem4f (.text:ti_sysbios_knl_Swi_Object__get__S)
                  00008df4    00000012     tirtosport.aem4f : SemaphoreP_tirtos.oem4f (.text:SemaphoreP_pend)
                  00008e06    00000012     Sharp96x96.obj (.text:Sharp96x96_ColorTranslate)
                  00008e18    00000012     heartBeatTask.obj (.text:heartBeatTaskFxn)
                  00008e2a    00000006     msp432p4xx_driverlib.lib : i2c.o (.text:I2C_getEnabledInterruptStatus)
                  00008e30    00000012     sysbios.aem4f : BIOS.obj (.text:ti_sysbios_hal_Hwi_Module_startup__E)
                  00008e42    00000012     Robot_pem4f.oem4f (.text:xdc_runtime_Startup_exec__I)
                  00008e54    00000010     msp432p4xx_driverlib.lib : gpio.o (.text:GPIO_getInterruptStatus)
                  00008e64    00000010                              : i2c.o (.text:I2C_masterReceiveMultiByteStop)
                  00008e74    00000010                              : i2c.o (.text:I2C_masterReceiveStart)
                  00008e84    00000010                              : i2c.o (.text:I2C_masterSendStart)
                  00008e94    00000010                              : pcm.o (.text:PCM_gotoLPM4)
                  00008ea4    00000004     --HOLE-- [fill = 0]
                  00008ea8    00000010     sysbios.aem4f : BIOS.obj (.text:ti_sysbios_BIOS_setCpuFreq__E)
                  00008eb8    00000010                   : BIOS.obj (.text:ti_sysbios_BIOS_setThreadType__E)
                  00008ec8    00000010                   : BIOS.obj (.text:ti_sysbios_BIOS_start__E)
                  00008ed8    00000010                   : m3_TaskSupport_asm.obj (.text:ti_sysbios_family_arm_m3_TaskSupport_glue)
                  00008ee8    00000010                   : BIOS.obj (.text:ti_sysbios_family_arm_msp432_init_Boot_disableWatchdog)
                  00008ef8    00000010                   : BIOS.obj (.text:ti_sysbios_gates_GateMutex_Instance_finalize__E)
                  00008f08    00000010                   : BIOS.obj (.text:ti_sysbios_knl_Semaphore_Instance_finalize__E)
                  00008f18    00000010                   : BIOS.obj (.text:ti_sysbios_knl_Swi_disable__E)
                  00008f28    00000010     Robot_pem4f.oem4f (.text:ti_sysbios_knl_Task_Object__get__S)
                  00008f38    00000010     sysbios.aem4f : BIOS.obj (.text:ti_sysbios_knl_Task_disable__E)
                  00008f48    00000010     ti.targets.arm.rtsarm.aem4f : Gate.oem4f (.text:xdc_runtime_Gate_leaveSystem__E)
                  00008f58    00000010                                 : Memory.oem4f (.text:xdc_runtime_Memory_free__E)
                  00008f68    00000010                                 : SysMin.oem4f (.text:xdc_runtime_SysMin_ready__E)
                  00008f78    00000010                                 : System.oem4f (.text:xdc_runtime_System_vsnprintf__E)
                  00008f88    00000010     Robot_pem4f.oem4f (.text:xdc_runtime_Text_visitRope__I)
                  00008f98    0000000e     tirtosport.aem4f : HwiP_tirtos.oem4f (.text:HwiP_Params_init)
                  00008fa6    0000000e     msp432p4xx_driverlib.lib : i2c.o (.text:I2C_clearInterruptFlag)
                  00008fb4    0000000e                              : i2c.o (.text:I2C_disableInterrupt)
                  00008fc2    0000000e                              : i2c.o (.text:I2C_setMode)
                  00008fd0    0000000e                              : timer_a.o (.text:Timer_A_setCompareValue)
                  00008fde    0000000e     rtsv7M4_T_le_v4SPD16_eabi.lib : copy_decompress_none.obj (.text:decompress:none)
                  00008fec    00000004     --HOLE-- [fill = 0]
                  00008ff0    0000000e     sysbios.aem4f : BIOS.obj (.text:ti_sysbios_knl_Idle_loop__E)
                  00008ffe    00000002     --HOLE-- [fill = 0]
                  00009000    0000000e                   : BIOS.obj (.text:ti_sysbios_knl_Queue_empty__E)
                  0000900e    0000000c     Robot_pem4f.oem4f (.text:.bootCodeSection:ti_sysbios_family_arm_msp432_init_Boot_init__I)
                  0000901a    0000000c     msp432p4xx_driverlib.lib : cpu.o (.text:CPU_cpsid)
                  00009026    0000000c                              : cpu.o (.text:CPU_cpsie)
                  00009032    0000000c                              : spi.o (.text:EUSCI_A_SPI_enable)
                  0000903e    0000000c                              : spi.o (.text:EUSCI_B_SPI_enable)
                  0000904a    0000000c                              : i2c.o (.text:I2C_disableModule)
                  00009056    0000000c                              : i2c.o (.text:I2C_enableModule)
                  00009062    00000002     --HOLE-- [fill = 0]
                  00009064    0000000c                              : pcm.o (.text:PCM_getPowerState)
                  00009070    0000000c     drivers_MSP432P401R.aem4f : PowerMSP432.oem4f (.text:Power_getConstraintMask)
                  0000907c    0000000c                               : PowerMSP432.oem4f (.text:Power_getPerformanceLevel)
                  00009088    0000000c     msp432p4xx_driverlib.lib : timer_a.o (.text:Timer_A_stopTimer)
                  00009094    0000000c     rtsv7M4_T_le_v4SPD16_eabi.lib : copy_zero_init.obj (.text:decompress:ZI)
                  000090a0    0000000c     Robot_pem4f.oem4f (.text:ti_sysbios_family_arm_m3_Hwi_Params__init__S)
                  000090ac    00000004     --HOLE-- [fill = 0]
                  000090b0    0000000c     sysbios.aem4f : BIOS.obj (.text:ti_sysbios_family_arm_m3_Hwi_disableFxn__E)
                  000090bc    00000004     --HOLE-- [fill = 0]
                  000090c0    0000000c                   : BIOS.obj (.text:ti_sysbios_family_arm_m3_TaskSupport_checkStack__E)
                  000090cc    00000004     --HOLE-- [fill = 0]
                  000090d0    0000000c                   : BIOS.obj (.text:ti_sysbios_family_arm_msp432_Timer_getMaxTicks__E)
                  000090dc    00000004     --HOLE-- [fill = 0]
                  000090e0    0000000c                   : BIOS.obj (.text:ti_sysbios_gates_GateHwi_enter__E)
                  000090ec    0000000c     Robot_pem4f.oem4f (.text:ti_sysbios_knl_Queue_Object__get__S)
                  000090f8    0000000c     Robot_pem4f.oem4f (.text:ti_sysbios_knl_Semaphore_Params__init__S)
                  00009104    0000000c     ti.targets.arm.rtsarm.aem4f : Error.oem4f (.text:xdc_runtime_Error_init__E)
                  00009110    0000000c                                 : Gate.oem4f (.text:xdc_runtime_Gate_enterSystem__E)
                  0000911c    0000000c                                 : Memory.oem4f (.text:xdc_runtime_Memory_calloc__E)
                  00009128    0000000c                                 : Memory.oem4f (.text:xdc_runtime_Memory_getMaxDefaultTypeAlign__E)
                  00009134    0000000c                                 : Startup.oem4f (.text:xdc_runtime_Startup_rtsDone__E)
                  00009140    0000000a     drivers_MSP432P401R.aem4f : I2CMSP432.oem4f (.text:I2CMSP432_init)
                  0000914a    0000000a     tirtosport.aem4f : SemaphoreP_tirtos.oem4f (.text:SemaphoreP_post)
                  00009154    0000000a     Robot_pem4f.oem4f (.text:xdc_runtime_IHeap_alloc)
                  0000915e    0000000a     Robot_pem4f.oem4f (.text:xdc_runtime_IHeap_free)
                  00009168    00000008     msp432p4xx_driverlib.lib : i2c.o (.text:I2C_enableInterrupt)
                  00009170    00000008     MSP_EXP432P401R.obj (.text:MSP_EXP432P401R_initGPIO)
                  00009178    00000008     MSP_EXP432P401R.obj (.text:MSP_EXP432P401R_initGeneral)
                  00009180    00000008     msp432p4xx_driverlib.lib : pcm.o (.text:PCM_setPowerMode)
                  00009188    00000008                              : pcm.o (.text:PCM_setPowerState)
                  00009190    00000008     drivers_MSP432P401R.aem4f : PWMTimerMSP432.oem4f (.text:PWMTimerMSP432_init)
                  00009198    00000008     tirtosport.aem4f : SemaphoreP_tirtos.oem4f (.text:SemaphoreP_Params_init)
                  000091a0    00000008     msp432p4xx_driverlib.lib : timer_a.o (.text:Timer_A_startCounter)
                  000091a8    00000008     drivers_MSP432P401R.aem4f : I2CMSP432.oem4f (.text:blockingTransferCallback)
                  000091b0    00000008     sysbios.aem4f : BIOS.obj (.text:ti_sysbios_family_arm_m3_Hwi_doSwiRestore__I)
                  000091b8    00000008                   : BIOS.obj (.text:ti_sysbios_family_arm_m3_Hwi_startup__E)
                  000091c0    00000006     msp432p4xx_driverlib.lib : i2c.o (.text:I2C_getInterruptStatus)
                  000091c6    00000006                              : i2c.o (.text:I2C_masterReceiveMultiByteNext)
                  000091cc    00000006     drivers_MSP432P401R.aem4f : PWMTimerMSP432.oem4f (.text:PWMTimerMSP432_control)
                  000091d2    00000006     ti.targets.arm.rtsarm.aem4f : System.oem4f (.text:xdc_runtime_System_Module_startup__E)
                  000091d8    00000006     sysbios.aem4f : BIOS.obj (.text:ti_sysbios_family_arm_m3_Hwi_doTaskRestore__I)
                  000091de    00000002     --HOLE-- [fill = 0]
                  000091e0    00000006                   : BIOS.obj (.text:ti_sysbios_family_arm_m3_Hwi_restoreFxn__E)
                  000091e6    00000002     --HOLE-- [fill = 0]
                  000091e8    00000006                   : BIOS.obj (.text:ti_sysbios_gates_GateHwi_leave__E)
                  000091ee    00000002     --HOLE-- [fill = 0]
                  000091f0    00000006                   : BIOS.obj (.text:ti_sysbios_heaps_HeapMem_isBlocking__E)
                  000091f6    00000002     --HOLE-- [fill = 0]
                  000091f8    00000006                   : BIOS.obj (.text:ti_sysbios_knl_Queue_Instance_init__E)
                  000091fe    00000002     --HOLE-- [fill = 0]
                  00009200    00000006                   : BIOS.obj (.text:ti_sysbios_knl_Swi_startup__E)
                  00009206    00000002     --HOLE-- [fill = 0]
                  00009208    00000004                   : BIOS.obj (.text:ti_sysbios_gates_GateHwi_query__E)
                  0000920c    00000004     --HOLE-- [fill = 0]
                  00009210    00000004                   : BIOS.obj (.text:ti_sysbios_gates_GateMutex_query__E)
                  00009214    00000004     --HOLE-- [fill = 0]
                  00009218    00000004                   : BIOS.obj (.text:ti_sysbios_knl_Task_startup__E)
                  0000921c    00000004     --HOLE-- [fill = 0]
                  00009220    00000002                   : BIOS.obj (.text:ti_sysbios_BIOS_linkedWithIncorrectBootLibrary__E)
                  00009222    00000006     --HOLE-- [fill = 0]
                  00009228    00000002                   : BIOS.obj (.text:ti_sysbios_gates_GateHwi_Instance_init__E)
                  0000922a    00000006     --HOLE-- [fill = 0]
                  00009230    00000002                   : BIOS.obj (.text:ti_sysbios_knl_Clock_logTick__E)

.const     0    00009234    000029bd     
                  00009234    00001834     Robot_pem4f.oem4f (.const:xdc_runtime_Text_charTab__A)
                  0000aa68    0000094d     fontcm20b.obj (.const:.string:g_pucCm20bData)
                  0000b3b5    00000101     rtsv7M4_T_le_v4SPD16_eabi.lib : ctype.obj (.const:.string:_ctypes_)
                  0000b4b6    00000002     Robot_pem4f.oem4f (.const:ti_sysbios_family_arm_m3_Hwi_Module__id__C)
                  0000b4b8    000000c8     fontcm20b.obj (.const:g_sFontCm20b)
                  0000b580    000000b0     Robot_pem4f.oem4f (.const:xdc_runtime_Text_nodeTab__A)
                  0000b630    00000048     Robot_pem4f.oem4f (.const:.string)
                  0000b678    0000003c     MSP_EXP432P401R.obj (.const:PWM_config)
                  0000b6b4    00000030     MSP_EXP432P401R.obj (.const:I2C_config)
                  0000b6e4    00000030     Sharp96x96.obj (.const:g_sharp96x96LCD)
                  0000b714    00000030     MSP_EXP432P401R.obj (.const:i2cMSP432HWAttrs)
                  0000b744    00000030     MSP_EXP432P401R.obj (.const:pwmTimerMSP432HWAttrs)
                  0000b774    00000030     Robot_pem4f.oem4f (.const:ti_sysbios_family_arm_m3_Hwi_Object__PARAMS__C)
                  0000b7a4    00000028     drivers_MSP432P401R.aem4f : PWMTimerMSP432.oem4f (.const)
                  0000b7cc    00000028     Robot_pem4f.oem4f (.const:ti_sysbios_heaps_HeapMem_Module__FXNS__C)
                  0000b7f4    00000024     Robot_pem4f.oem4f (.const:ti_sysbios_gates_GateHwi_Module__FXNS__C)
                  0000b818    00000024     Robot_pem4f.oem4f (.const:ti_sysbios_gates_GateMutex_Module__FXNS__C)
                  0000b83c    00000024     Robot_pem4f.oem4f (.const:ti_sysbios_heaps_HeapMem_Object__PARAMS__C)
                  0000b860    00000024     Robot_pem4f.oem4f (.const:ti_sysbios_knl_Semaphore_Object__PARAMS__C)
                  0000b884    00000020     drivers_MSP432P401R.aem4f : I2CMSP432.oem4f (.const)
                  0000b8a4    00000020     Robot_pem4f.oem4f (.const:ti_sysbios_family_arm_m3_Hwi_Object__DESC__C)
                  0000b8c4    00000020     Robot_pem4f.oem4f (.const:ti_sysbios_gates_GateHwi_Object__DESC__C)
                  0000b8e4    00000020     Robot_pem4f.oem4f (.const:ti_sysbios_gates_GateMutex_Object__DESC__C)
                  0000b904    00000020     Robot_pem4f.oem4f (.const:ti_sysbios_heaps_HeapMem_Object__DESC__C)
                  0000b924    00000020     Robot_pem4f.oem4f (.const:ti_sysbios_knl_Queue_Object__DESC__C)
                  0000b944    00000020     Robot_pem4f.oem4f (.const:ti_sysbios_knl_Semaphore_Object__DESC__C)
                  0000b964    00000020     Robot_pem4f.oem4f (.const:xdc_runtime_Startup_sfxnTab__A)
                  0000b984    0000001c     Sharp96x96.obj (.const:$P$T0$1)
                  0000b9a0    00000018     Robot_pem4f.oem4f (.const:ti_sysbios_gates_GateHwi_Object__PARAMS__C)
                  0000b9b8    00000018     Robot_pem4f.oem4f (.const:ti_sysbios_gates_GateMutex_Object__PARAMS__C)
                  0000b9d0    00000018     Robot_pem4f.oem4f (.const:ti_sysbios_knl_Queue_Object__PARAMS__C)
                  0000b9e8    00000014     MSP_EXP432P401R.obj (.const:GPIOMSP432_config)
                  0000b9fc    00000010     MSP_EXP432P401R.obj (.const:PowerMSP432_config)
                  0000ba0c    00000010     Robot_pem4f.oem4f (.const:xdc_runtime_Startup_sfxnRts__A)
                  0000ba1c    0000000c     drivers_MSP432P401R.aem4f : GPIOMSP432.oem4f (.const:.string)
                  0000ba28    0000000c     Robot_pem4f.oem4f (.const:xdc_runtime_Startup_firstFxns__A)
                  0000ba34    00000008     MSP_EXP432P401R.obj (.const:.string:$P$T0$1)
                  0000ba3c    00000008     Robot_pem4f.oem4f (.const:ti_sysbios_family_arm_m3_Hwi_excHookFuncs__A)
                  0000ba44    00000008     Robot_pem4f.oem4f (.const:ti_sysbios_knl_Idle_funcList__A)
                  0000ba4c    00000008     Robot_pem4f.oem4f (.const:ti_sysbios_knl_Idle_funcList__C)
                  0000ba54    00000008     Robot_pem4f.oem4f (.const:xdc_runtime_Startup_firstFxns__C)
                  0000ba5c    00000008     Robot_pem4f.oem4f (.const:xdc_runtime_Startup_lastFxns__C)
                  0000ba64    00000004     Robot_pem4f.oem4f (.const:ti_sysbios_family_arm_m3_Hwi_E_NMI__C)
                  0000ba68    00000004     Robot_pem4f.oem4f (.const:ti_sysbios_family_arm_m3_Hwi_E_alreadyDefined__C)
                  0000ba6c    00000004     Robot_pem4f.oem4f (.const:ti_sysbios_family_arm_m3_Hwi_E_busFault__C)
                  0000ba70    00000004     Robot_pem4f.oem4f (.const:ti_sysbios_family_arm_m3_Hwi_E_debugMon__C)
                  0000ba74    00000004     Robot_pem4f.oem4f (.const:ti_sysbios_family_arm_m3_Hwi_E_hardFault__C)
                  0000ba78    00000004     Robot_pem4f.oem4f (.const:ti_sysbios_family_arm_m3_Hwi_E_memFault__C)
                  0000ba7c    00000004     Robot_pem4f.oem4f (.const:ti_sysbios_family_arm_m3_Hwi_E_noIsr__C)
                  0000ba80    00000004     Robot_pem4f.oem4f (.const:ti_sysbios_family_arm_m3_Hwi_E_reserved__C)
                  0000ba84    00000004     Robot_pem4f.oem4f (.const:ti_sysbios_family_arm_m3_Hwi_E_svCall__C)
                  0000ba88    00000004     Robot_pem4f.oem4f (.const:ti_sysbios_family_arm_m3_Hwi_E_usageFault__C)
                  0000ba8c    00000004     Robot_pem4f.oem4f (.const:ti_sysbios_family_arm_m3_Hwi_NUM_INTERRUPTS__C)
                  0000ba90    00000004     Robot_pem4f.oem4f (.const:ti_sysbios_family_arm_m3_Hwi_Object__count__C)
                  0000ba94    00000004     Robot_pem4f.oem4f (.const:ti_sysbios_family_arm_m3_Hwi_ccr__C)
                  0000ba98    00000004     Robot_pem4f.oem4f (.const:ti_sysbios_family_arm_m3_Hwi_excHandlerFunc__C)
                  0000ba9c    00000004     Robot_pem4f.oem4f (.const:ti_sysbios_family_arm_m3_Hwi_excHookFuncs__C)
                  0000baa0    00000004     Robot_pem4f.oem4f (.const:ti_sysbios_family_arm_m3_Hwi_nullIsrFunc__C)
                  0000baa4    00000004     Robot_pem4f.oem4f (.const:ti_sysbios_family_arm_m3_Hwi_priGroup__C)
                  0000baa8    00000004     Robot_pem4f.oem4f (.const:ti_sysbios_family_arm_msp432_Timer_numTimerDevices__C)
                  0000baac    00000004     Robot_pem4f.oem4f (.const:ti_sysbios_family_arm_msp432_Timer_startupNeeded__C)
                  0000bab0    00000004     Robot_pem4f.oem4f (.const:ti_sysbios_gates_GateMutex_A_badContext__C)
                  0000bab4    00000004     Robot_pem4f.oem4f (.const:ti_sysbios_gates_GateMutex_Instance_State_sem__O)
                  0000bab8    00000004     Robot_pem4f.oem4f (.const:ti_sysbios_gates_GateMutex_Module__diagsEnabled__C)
                  0000babc    00000004     Robot_pem4f.oem4f (.const:ti_sysbios_gates_GateMutex_Module__diagsIncluded__C)
                  0000bac0    00000004     Robot_pem4f.oem4f (.const:ti_sysbios_gates_GateMutex_Module__diagsMask__C)
                  0000bac4    00000004     Robot_pem4f.oem4f (.const:ti_sysbios_hal_Hwi_E_stackOverflow__C)
                  0000bac8    00000004     Robot_pem4f.oem4f (.const:ti_sysbios_heaps_HeapMem_A_align__C)
                  0000bacc    00000004     Robot_pem4f.oem4f (.const:ti_sysbios_heaps_HeapMem_A_heapSize__C)
                  0000bad0    00000004     Robot_pem4f.oem4f (.const:ti_sysbios_heaps_HeapMem_A_invalidFree__C)
                  0000bad4    00000004     Robot_pem4f.oem4f (.const:ti_sysbios_heaps_HeapMem_A_zeroBlock__C)
                  0000bad8    00000004     Robot_pem4f.oem4f (.const:ti_sysbios_heaps_HeapMem_E_memory__C)
                  0000badc    00000004     Robot_pem4f.oem4f (.const:ti_sysbios_heaps_HeapMem_Module__diagsEnabled__C)
                  0000bae0    00000004     Robot_pem4f.oem4f (.const:ti_sysbios_heaps_HeapMem_Module__diagsIncluded__C)
                  0000bae4    00000004     Robot_pem4f.oem4f (.const:ti_sysbios_heaps_HeapMem_Module__diagsMask__C)
                  0000bae8    00000004     Robot_pem4f.oem4f (.const:ti_sysbios_heaps_HeapMem_Module__gateObj__C)
                  0000baec    00000004     Robot_pem4f.oem4f (.const:ti_sysbios_heaps_HeapMem_Object__count__C)
                  0000baf0    00000004     Robot_pem4f.oem4f (.const:ti_sysbios_heaps_HeapMem_reqAlign__C)
                  0000baf4    00000004     Robot_pem4f.oem4f (.const:ti_sysbios_knl_Clock_Module_State_clockQ__O)
                  0000baf8    00000004     Robot_pem4f.oem4f (.const:ti_sysbios_knl_Semaphore_A_badContext__C)
                  0000bafc    00000004     Robot_pem4f.oem4f (.const:ti_sysbios_knl_Semaphore_A_noEvents__C)
                  0000bb00    00000004     Robot_pem4f.oem4f (.const:ti_sysbios_knl_Semaphore_A_overflow__C)
                  0000bb04    00000004     Robot_pem4f.oem4f (.const:ti_sysbios_knl_Semaphore_A_pendTaskDisabled__C)
                  0000bb08    00000004     Robot_pem4f.oem4f (.const:ti_sysbios_knl_Semaphore_Instance_State_pendQ__O)
                  0000bb0c    00000004     Robot_pem4f.oem4f (.const:ti_sysbios_knl_Semaphore_Module__diagsEnabled__C)
                  0000bb10    00000004     Robot_pem4f.oem4f (.const:ti_sysbios_knl_Semaphore_Module__diagsIncluded__C)
                  0000bb14    00000004     Robot_pem4f.oem4f (.const:ti_sysbios_knl_Semaphore_Module__diagsMask__C)
                  0000bb18    00000004     Robot_pem4f.oem4f (.const:ti_sysbios_knl_Swi_Object__count__C)
                  0000bb1c    00000004     Robot_pem4f.oem4f (.const:ti_sysbios_knl_Task_A_badTimeout__C)
                  0000bb20    00000004     Robot_pem4f.oem4f (.const:ti_sysbios_knl_Task_A_sleepTaskDisabled__C)
                  0000bb24    00000004     Robot_pem4f.oem4f (.const:ti_sysbios_knl_Task_E_spOutOfBounds__C)
                  0000bb28    00000004     Robot_pem4f.oem4f (.const:ti_sysbios_knl_Task_E_stackOverflow__C)
                  0000bb2c    00000004     Robot_pem4f.oem4f (.const:ti_sysbios_knl_Task_Module_State_inactiveQ__O)
                  0000bb30    00000004     Robot_pem4f.oem4f (.const:ti_sysbios_knl_Task_Module__diagsEnabled__C)
                  0000bb34    00000004     Robot_pem4f.oem4f (.const:ti_sysbios_knl_Task_Module__diagsIncluded__C)
                  0000bb38    00000004     Robot_pem4f.oem4f (.const:ti_sysbios_knl_Task_Module__diagsMask__C)
                  0000bb3c    00000004     Robot_pem4f.oem4f (.const:ti_sysbios_knl_Task_Object__count__C)
                  0000bb40    00000004     Robot_pem4f.oem4f (.const:ti_sysbios_knl_Task_allBlockedFunc__C)
                  0000bb44    00000004     Robot_pem4f.oem4f (.const:ti_sysbios_knl_Task_numConstructedTasks__C)
                  0000bb48    00000004     Robot_pem4f.oem4f (.const:xdc_runtime_Assert_E_assertFailed__C)
                  0000bb4c    00000004     Robot_pem4f.oem4f (.const:xdc_runtime_Core_A_initializedParams__C)
                  0000bb50    00000004     Robot_pem4f.oem4f (.const:xdc_runtime_Core_Module__diagsEnabled__C)
                  0000bb54    00000004     Robot_pem4f.oem4f (.const:xdc_runtime_Core_Module__diagsIncluded__C)
                  0000bb58    00000004     Robot_pem4f.oem4f (.const:xdc_runtime_Core_Module__diagsMask__C)
                  0000bb5c    00000004     Robot_pem4f.oem4f (.const:xdc_runtime_Error_E_memory__C)
                  0000bb60    00000004     Robot_pem4f.oem4f (.const:xdc_runtime_Error_Module__diagsEnabled__C)
                  0000bb64    00000004     Robot_pem4f.oem4f (.const:xdc_runtime_Error_Module__diagsIncluded__C)
                  0000bb68    00000004     Robot_pem4f.oem4f (.const:xdc_runtime_Error_Module__diagsMask__C)
                  0000bb6c    00000004     Robot_pem4f.oem4f (.const:xdc_runtime_Error_Module__loggerFxn8__C)
                  0000bb70    00000004     Robot_pem4f.oem4f (.const:xdc_runtime_Error_Module__loggerObj__C)
                  0000bb74    00000004     Robot_pem4f.oem4f (.const:xdc_runtime_Error_policyFxn__C)
                  0000bb78    00000004     Robot_pem4f.oem4f (.const:xdc_runtime_Error_raiseHook__C)
                  0000bb7c    00000004     Robot_pem4f.oem4f (.const:xdc_runtime_IGateProvider_Interface__BASE__C)
                  0000bb80    00000004     Robot_pem4f.oem4f (.const:xdc_runtime_IHeap_Interface__BASE__C)
                  0000bb84    00000004     Robot_pem4f.oem4f (.const:xdc_runtime_IModule_Interface__BASE__C)
                  0000bb88    00000004     Robot_pem4f.oem4f (.const:xdc_runtime_Log_L_error__C)
                  0000bb8c    00000004     Robot_pem4f.oem4f (.const:xdc_runtime_Memory_defaultHeapInstance__C)
                  0000bb90    00000004     Robot_pem4f.oem4f (.const:xdc_runtime_Startup_execImpl__C)
                  0000bb94    00000004     Robot_pem4f.oem4f (.const:xdc_runtime_Startup_maxPasses__C)
                  0000bb98    00000004     Robot_pem4f.oem4f (.const:xdc_runtime_Startup_sfxnRts__C)
                  0000bb9c    00000004     Robot_pem4f.oem4f (.const:xdc_runtime_Startup_sfxnTab__C)
                  0000bba0    00000004     Robot_pem4f.oem4f (.const:xdc_runtime_SysMin_bufSize__C)
                  0000bba4    00000004     Robot_pem4f.oem4f (.const:xdc_runtime_SysMin_outputFunc__C)
                  0000bba8    00000004     Robot_pem4f.oem4f (.const:xdc_runtime_System_Module__gateObj__C)
                  0000bbac    00000004     Robot_pem4f.oem4f (.const:xdc_runtime_System_abortFxn__C)
                  0000bbb0    00000004     Robot_pem4f.oem4f (.const:xdc_runtime_System_exitFxn__C)
                  0000bbb4    00000004     Robot_pem4f.oem4f (.const:xdc_runtime_System_extendFxn__C)
                  0000bbb8    00000004     Robot_pem4f.oem4f (.const:xdc_runtime_System_maxAtexitHandlers__C)
                  0000bbbc    00000004     Robot_pem4f.oem4f (.const:xdc_runtime_Text_charTab__C)
                  0000bbc0    00000004     Robot_pem4f.oem4f (.const:xdc_runtime_Text_nameEmpty__C)
                  0000bbc4    00000004     Robot_pem4f.oem4f (.const:xdc_runtime_Text_nameStatic__C)
                  0000bbc8    00000004     Robot_pem4f.oem4f (.const:xdc_runtime_Text_nameUnknown__C)
                  0000bbcc    00000004     Robot_pem4f.oem4f (.const:xdc_runtime_Text_nodeTab__C)
                  0000bbd0    00000004     Robot_pem4f.oem4f (.const:xdc_runtime_Text_visitRopeFxn__C)
                  0000bbd4    00000002     Robot_pem4f.oem4f (.const:ti_sysbios_gates_GateMutex_Module__id__C)
                  0000bbd6    00000002     Robot_pem4f.oem4f (.const:ti_sysbios_hal_Hwi_Module__id__C)
                  0000bbd8    00000002     Robot_pem4f.oem4f (.const:ti_sysbios_heaps_HeapMem_Module__id__C)
                  0000bbda    00000002     Robot_pem4f.oem4f (.const:ti_sysbios_knl_Semaphore_Module__id__C)
                  0000bbdc    00000002     Robot_pem4f.oem4f (.const:ti_sysbios_knl_Task_Module__id__C)
                  0000bbde    00000002     Robot_pem4f.oem4f (.const:xdc_runtime_Core_Module__id__C)
                  0000bbe0    00000002     Robot_pem4f.oem4f (.const:xdc_runtime_Error_Module__loggerDefined__C)
                  0000bbe2    00000002     Robot_pem4f.oem4f (.const:xdc_runtime_Error_maxDepth__C)
                  0000bbe4    00000002     Robot_pem4f.oem4f (.const:xdc_runtime_Memory_Module__id__C)
                  0000bbe6    00000002     Robot_pem4f.oem4f (.const:xdc_runtime_SysMin_flushAtExit__C)
                  0000bbe8    00000002     Robot_pem4f.oem4f (.const:xdc_runtime_Text_charCnt__C)
                  0000bbea    00000002     Robot_pem4f.oem4f (.const:xdc_runtime_Text_isLoaded__C)
                  0000bbec    00000002     Robot_pem4f.oem4f (.const:xdc_runtime_Text_registryModsLastId__C)
                  0000bbee    00000002     Robot_pem4f.oem4f (.const:xdc_runtime_Text_unnamedModsLastId__C)
                  0000bbf0    00000001     Robot_pem4f.oem4f (.const:xdc_runtime_Error_policy__C)

.cinit     0    0000bbf8    000002e8     
                  0000bbf8    000002b4     (.cinit..data.load) [load image, compression = lzss]
                  0000beac    0000000c     (__TI_handler_table)
                  0000beb8    00000008     (.cinit..bss.load) [load image, compression = zero_init]
                  0000bec0    00000008     (.cinit..vecs.load) [load image, compression = zero_init]
                  0000bec8    00000018     (__TI_cinit_table)

.resetVecs 
*          0    00000000    0000003c     
                  00000000    0000003c     Robot_pem4f.oem4f (.resetVecs)

.vecs      0    20000000    00000140     UNINITIALIZED
                  20000000    00000140     Robot_pem4f.oem4f (.vecs)

.bss       0    20000140    00004300     UNINITIALIZED
                  20000140    00002ee0     (.common:DisplayBuffer)
                  20003020    00000c00     Robot_pem4f.oem4f (.bss:taskStackSection)
                  20003c20    00000400     (.common:ti_sysbios_heaps_HeapMem_Instance_State_0_buf__A)
                  20004020    00000140     (.common:ti_sysbios_family_arm_m3_Hwi_dispatchTable)
                  20004160    00000120     rtsv7M4_T_le_v4SPD16_eabi.lib : trgmsg.obj (.bss:_CIOBUF_)
                  20004280    000000d8     (.common:i2cMSP432Objects)
                  20004358    00000080     (.common:xdc_runtime_SysMin_Module_State_0_outbuf__A)
                  200043d8    00000030     drivers_MSP432P401R.aem4f : GPIOMSP432.oem4f (.bss:gpioCallbackInfo)
                  20004408    00000030     (.common:pwmTimerMSP432Objects)
                  20004438    00000008     (.common:parmbuf)

.data      0    20004440    000006dc     UNINITIALIZED
                  20004440    000000e4     Robot_pem4f.oem4f (.data:ti_sysbios_knl_Task_Object__table__V)
                  20004524    0000009c     drivers_MSP432P401R.aem4f : PowerMSP432.oem4f (.data:PowerMSP432_perfLevels)
                  200045c0    00000080                               : PWMTimerMSP432.oem4f (.data:pwmTimerStatus)
                  20004640    00000080     Robot_pem4f.oem4f (.data:ti_sysbios_knl_Swi_Module_State_0_readyQ__A)
                  200046c0    00000080     Robot_pem4f.oem4f (.data:ti_sysbios_knl_Task_Module_State_0_readyQ__A)
                  20004740    0000006c     MSP_EXP432P401R.obj (.data:gpioCallbackFunctions)
                  200047ac    0000006c     MSP_EXP432P401R.obj (.data:gpioPinConfigs)
                  20004818    0000004c     Robot_pem4f.oem4f (.data:ti_sysbios_family_arm_msp432_Timer_Object__table__V)
                  20004864    00000044     Robot_pem4f.oem4f (.data:ti_sysbios_knl_Task_Module__state__V)
                  200048a8    00000038     Robot_pem4f.oem4f (.data:ti_sysbios_gates_GateMutex_Object__table__V)
                  200048e0    00000034     Robot_pem4f.oem4f (.data:ti_sysbios_family_arm_m3_Hwi_Module__state__V)
                  20004914    00000030     msp432p4xx_driverlib.lib : gpio.o (.data:GPIO_PORT_TO_BASE)
                  20004944    00000030     Robot_pem4f.oem4f (.data:ti_sysbios_knl_Swi_Object__table__V)
                  20004974    0000002c     Robot_pem4f.oem4f (.data:ti_sysbios_knl_Clock_Module__state__V)
                  200049a0    00000028     drivers_MSP432P401R.aem4f : PowerMSP432.oem4f (.data:PowerMSP432_module)
                  200049c8    00000024     Robot_pem4f.oem4f (.data:ti_sysbios_BIOS_Module__state__V)
                  200049ec    00000020     Robot_pem4f.oem4f (.data:ti_sysbios_family_arm_msp432_Timer_Module_State_0_device__A)
                  20004a0c    0000001c     Robot_pem4f.oem4f (.data:ti_sysbios_knl_Swi_Module__state__V)
                  20004a28    00000018     Robot_pem4f.oem4f (.data:ti_sysbios_family_arm_m3_Hwi_Object__table__V)
                  20004a40    00000018     Robot_pem4f.oem4f (.data:ti_sysbios_heaps_HeapMem_Object__table__V)
                  20004a58    00000010     Robot_pem4f.oem4f (.data:ti_sysbios_family_arm_msp432_Timer_Module_State_0_handles__A)
                  20004a68    0000000c     rtsv7M4_T_le_v4SPD16_eabi.lib : exit.obj (.data:$O1$$)
                  20004a74    0000000c     Robot_pem4f.oem4f (.data:ti_sysbios_family_arm_msp432_ClockFreqs_Module__state__V)
                  20004a80    0000000c     Robot_pem4f.oem4f (.data:ti_sysbios_family_arm_msp432_Timer_Module__state__V)
                  20004a8c    0000000c     Robot_pem4f.oem4f (.data:xdc_runtime_SysMin_Module__state__V)
                  20004a98    00000008     rtsv7M4_T_le_v4SPD16_eabi.lib : _lock.obj (.data:$O1$$)
                  20004aa0    00000008     Robot_pem4f.oem4f (.data:ti_sysbios_family_arm_m3_Hwi_Module__root__V)
                  20004aa8    00000008     Robot_pem4f.oem4f (.data:ti_sysbios_gates_GateHwi_Module__root__V)
                  20004ab0    00000008     Robot_pem4f.oem4f (.data:ti_sysbios_gates_GateMutex_Module__root__V)
                  20004ab8    00000008     Robot_pem4f.oem4f (.data:ti_sysbios_heaps_HeapMem_Module__root__V)
                  20004ac0    00000008     Robot_pem4f.oem4f (.data:ti_sysbios_knl_Queue_Module__root__V)
                  20004ac8    00000008     Robot_pem4f.oem4f (.data:ti_sysbios_knl_Semaphore_Module__root__V)
                  20004ad0    00000008     Robot_pem4f.oem4f (.data:xdc_runtime_Registry_Module__state__V)
                  20004ad8    00000008     Robot_pem4f.oem4f (.data:xdc_runtime_Startup_Module__state__V)
                  20004ae0    00000008     Robot_pem4f.oem4f (.data:xdc_runtime_System_Module_State_0_atexitHandlers__A)
                  20004ae8    00000008     Robot_pem4f.oem4f (.data:xdc_runtime_System_Module__state__V)
                  20004af0    00000004     drivers_MSP432P401R.aem4f : I2C.oem4f (.data)
                  20004af4    00000004                               : PWM.oem4f (.data)
                  20004af8    00000004     rtsv7M4_T_le_v4SPD16_eabi.lib : errno.obj (.data)
                  20004afc    00000004                                   : stkdepth_vars.obj (.data)
                  20004b00    00000004     Robot_pem4f.oem4f (.data:ti_sysbios_family_arm_m3_Hwi_Module_State_0_excContext__A)
                  20004b04    00000004     Robot_pem4f.oem4f (.data:ti_sysbios_family_arm_m3_Hwi_Module_State_0_excStack__A)
                  20004b08    00000004     Robot_pem4f.oem4f (.data:ti_sysbios_gates_GateHwi_Object__table__V)
                  20004b0c    00000004     Robot_pem4f.oem4f (.data:ti_sysbios_knl_Task_Module_State_0_idleTask__A)
                  20004b10    00000004     Robot_pem4f.oem4f (.data:xdc_runtime_Memory_Module__state__V)
                  20004b14    00000002     Sharp96x96.obj (.data)
                  20004b16    00000002     Robot_pem4f.oem4f (.data:ti_sysbios_family_arm_m3_Hwi_Module_State_0_excActive__A)
                  20004b18    00000002     Robot_pem4f.oem4f (.data:xdc_runtime_Error_Module__state__V)
                  20004b1a    00000001     drivers_MSP432P401R.aem4f : GPIOMSP432.oem4f (.data)
                  20004b1b    00000001     main.obj (.data)

.stack     0    2000fd00    00000300     UNINITIALIZED
                  2000fd00    00000300     --HOLE--

.bootVecs 
*          0    00000000    00000008     DSECT
                  00000000    00000008     boot.aem4f : boot.oem4f (.bootVecs)

xdc.meta   0    00000000    00000127     COPY SECTION
                  00000000    00000127     Robot_pem4f.oem4f (xdc.meta)

.binit     0    00000000    00000000     

MODULE SUMMARY

       Module                     code    ro data   rw data
       ------                     ----    -------   -------
    .\
       MSP_EXP432P401R.obj        144     248       480    
       screenTask.obj             484     0         0      
       main.obj                   212     0         1      
       buttons.obj                40      0         0      
       heartBeatTask.obj          18      0         0      
    +--+--------------------------+-------+---------+---------+
       Total:                     898     248       481    
                                                           
    .\LCDDriver\
       Sharp96x96.obj             1706    76        12002  
       Sharp96x96utils.obj        98      0         0      
    +--+--------------------------+-------+---------+---------+
       Total:                     1804    76        12002  
                                                           
    .\fonts\
       fontcm20b.obj              0       2581      0      
    +--+--------------------------+-------+---------+---------+
       Total:                     0       2581      0      
                                                           
    .\grlib\
       string.obj                 1234    0         0      
       line.obj                   164     0         0      
       context.obj                74      0         0      
    +--+--------------------------+-------+---------+---------+
       Total:                     1472    0         0      
                                                           
    C:\Users\shailes\OneDrive - University College London\Teaching\MScRobotics\Code\CSRobot\2017\CSRobot_01_2017\Debug\configPkg\package\cfg\
       Robot_pem4f.oem4f          1600    7499      5992   
    +--+--------------------------+-------+---------+---------+
       Total:                     1600    7499      5992   
                                                           
    C:/ti/tirtos_msp43x_2_20_00_06/products/msp432_driverlib_3_21_00_05/driverlib/MSP432P4xx/ccs/msp432p4xx_driverlib.lib
       pcm.o                      1214    0         0      
       gpio.o                     480     0         48     
       i2c.o                      330     0         0      
       spi.o                      302     0         0      
       timer_a.o                  284     0         0      
       cs.o                       260     0         0      
       flash.o                    156     0         0      
       rtc_c.o                    72      0         0      
       wdt_a.o                    44      0         0      
       cpu.o                      28      0         0      
    +--+--------------------------+-------+---------+---------+
       Total:                     3170    0         48     
                                                           
    C:/ti/tirtos_msp43x_2_20_00_06/products/tidrivers_msp43x_2_20_00_08/packages/ti/drivers/lib/drivers_MSP432P401R.aem4f
       I2CMSP432.oem4f            1378    32        0      
       PowerMSP432.oem4f          1212    0         196    
       PWMTimerMSP432.oem4f       1088    40        128    
       GPIOMSP432.oem4f           700     12        49     
       List.oem4f                 72      0         0      
       I2C.oem4f                  56      0         4      
       PWM.oem4f                  56      0         4      
    +--+--------------------------+-------+---------+---------+
       Total:                     4562    84        381    
                                                           
    C:/ti/tirtos_msp43x_2_20_00_06/products/tidrivers_msp43x_2_20_00_08/packages/ti/drivers/lib/power_tirtos_MSP432P401R.aem4f
       PowerMSP432_tirtos.oem4f   106     0         0      
    +--+--------------------------+-------+---------+---------+
       Total:                     106     0         0      
                                                           
    C:/ti/tirtos_msp43x_2_20_00_06/products/tidrivers_msp43x_2_20_00_08/packages/ti/drivers/ports/lib/tirtosport.aem4f
       SemaphoreP_tirtos.oem4f    146     0         0      
       HwiP_tirtos.oem4f          138     0         0      
    +--+--------------------------+-------+---------+---------+
       Total:                     284     0         0      
                                                           
    C:\Users\shailes\OneDrive - University College London\Teaching\MScRobotics\Code\CSRobot\2017\CSRobot_01_2017\src\sysbios\sysbios.aem4f
       BIOS.obj                   10534   0         0      
       m3_Hwi_asm.obj             306     0         0      
       m3_TaskSupport_asm.obj     180     0         0      
       m3_Hwi_asm_switch.obj      118     0         0      
    +--+--------------------------+-------+---------+---------+
       Total:                     11138   0         0      
                                                           
    C:\ti\ccsv7\tools\compiler\ti-cgt-arm_16.9.4.LTS\lib\rtsv7M4_T_le_v4SPD16_eabi.lib
       _printfi.obj               4414    0         0      
       ull_div_t2.obj             500     0         0      
       fd_add_t2.obj              438     0         0      
       trgmsg.obj                 104     0         288    
       fd_div_t2.obj              310     0         0      
       fd_cmp_t2.obj              268     0         0      
       ctype.obj                  0       257       0      
       fd_mul_t2.obj              252     0         0      
       s_scalbn.obj               252     0         0      
       memcpy_t2.obj              156     0         0      
       memset_t2.obj              122     0         0      
       copy_decompress_lzss.obj   104     0         0      
       s_frexp.obj                100     0         0      
       exit.obj                   84      0         12     
       sprintf.obj                96      0         0      
       hostwrite.obj              88      0         0      
       ltoa.obj                   84      0         0      
       atoi.obj                   76      0         0      
       cpy_tbl.obj                76      0         0      
       fd_toi_t2.obj              72      0         0      
       u_divt2.obj                64      0         0      
       i_tofd_t2.obj              46      0         0      
       _lock.obj                  20      0         8      
       memccpy.obj                28      0         0      
       args_main.obj              24      0         0      
[...]
00009065  PCM_getPowerState                                           
00009071  Power_getConstraintMask                                     
0000907d  Power_getPerformanceLevel                                   
00009089  Timer_A_stopTimer                                           
00009095  __TI_zero_init                                              
000090a1  ti_sysbios_family_arm_m3_Hwi_Params__init__S                
000090a1  ti_sysbios_hal_Hwi_HwiProxy_Params__init__S                 
000090b1  ti_sysbios_family_arm_m3_Hwi_disableFxn__E                  
000090b1  ti_sysbios_hal_Hwi_HwiProxy_disable__E                      
000090c1  ti_sysbios_family_arm_m3_TaskSupport_checkStack__E          
000090c1  ti_sysbios_knl_Task_SupportProxy_checkStack__E              
000090d1  ti_sysbios_family_arm_msp432_Timer_getMaxTicks__E           
000090e1  ti_sysbios_gates_GateHwi_enter__E                           
000090ed  ti_sysbios_knl_Queue_Object__get__S                         
000090f9  ti_sysbios_knl_Semaphore_Params__init__S                    
00009105  xdc_runtime_Error_init__E                                   
00009111  xdc_runtime_Gate_enterSystem__E                             
0000911d  xdc_runtime_Memory_calloc__E                                
00009129  xdc_runtime_Memory_getMaxDefaultTypeAlign__E                
00009135  xdc_runtime_Startup_rtsDone__E                              
00009141  I2CMSP432_init                                              
0000914b  SemaphoreP_post                                             
0000914b  SemaphoreP_postFromClock                                    
0000914b  SemaphoreP_postFromISR                                      
00009155  xdc_runtime_Memory_HeapProxy_alloc__E                       
0000915f  xdc_runtime_Memory_HeapProxy_free__E                        
00009169  I2C_enableInterrupt                                         
00009171  MSP_EXP432P401R_initGPIO                                    
00009179  MSP_EXP432P401R_initGeneral                                 
00009181  PCM_setPowerMode                                            
00009189  PCM_setPowerState                                           
00009191  PWMTimerMSP432_init                                         
00009199  SemaphoreP_Params_init                                      
000091a1  Timer_A_startCounter                                        
000091b1  ti_sysbios_family_arm_m3_Hwi_doSwiRestore__I                
000091b9  ti_sysbios_family_arm_m3_Hwi_startup__E                     
000091b9  ti_sysbios_hal_Hwi_HwiProxy_startup__E                      
000091c1  I2C_getInterruptStatus                                      
000091c7  I2C_masterReceiveMultiByteNext                              
000091cd  PWMTimerMSP432_control                                      
000091d3  xdc_runtime_System_Module_startup__E                        
000091d9  ti_sysbios_family_arm_m3_Hwi_doTaskRestore__I               
000091e1  HwiP_restore                                                
000091e1  ti_sysbios_family_arm_m3_Hwi_restoreFxn__E                  
000091e1  ti_sysbios_hal_Hwi_HwiProxy_restore__E                      
000091e9  ti_sysbios_gates_GateHwi_leave__E                           
000091f1  ti_sysbios_heaps_HeapMem_isBlocking__E                      
000091f9  ti_sysbios_knl_Queue_Instance_init__E                       
00009201  ti_sysbios_knl_Swi_startup__E                               
00009209  ti_sysbios_gates_GateHwi_query__E                           
00009209  xdc_runtime_Main_Module_GateProxy_query__E                  
00009209  xdc_runtime_System_Module_GateProxy_query__E                
00009211  ti_sysbios_BIOS_RtsGateProxy_query__E                       
00009211  ti_sysbios_gates_GateMutex_query__E                         
00009211  ti_sysbios_heaps_HeapMem_Module_GateProxy_query__E          
00009219  ti_sysbios_knl_Task_startup__E                              
00009221  ti_sysbios_BIOS_linkedWithIncorrectBootLibrary__E           
00009229  ti_sysbios_gates_GateHwi_Instance_init__E                   
00009231  ti_sysbios_knl_Clock_logTick__E                             
00009234  xdc_runtime_Text_charTab__A                                 
0000b3b5  _ctypes_                                                    
0000b4b6  ti_sysbios_family_arm_m3_Hwi_Module__id__C                  
0000b4b8  g_sFontCm20b                                                
0000b580  xdc_runtime_Text_nodeTab__A                                 
0000b678  PWM_config                                                  
0000b6b4  I2C_config                                                  
0000b6e4  g_sharp96x96LCD                                             
0000b714  i2cMSP432HWAttrs                                            
0000b744  pwmTimerMSP432HWAttrs                                       
0000b774  ti_sysbios_family_arm_m3_Hwi_Object__PARAMS__C              
0000b7a4  PWMTimerMSP432_fxnTable                                     
0000b7cc  ti_sysbios_heaps_HeapMem_Module__FXNS__C                    
0000b7f4  ti_sysbios_gates_GateHwi_Module__FXNS__C                    
0000b818  ti_sysbios_gates_GateMutex_Module__FXNS__C                  
0000b83c  ti_sysbios_heaps_HeapMem_Object__PARAMS__C                  
0000b860  ti_sysbios_knl_Semaphore_Object__PARAMS__C                  
0000b884  I2CMSP432_fxnTable                                          
0000b8a4  ti_sysbios_family_arm_m3_Hwi_Object__DESC__C                
0000b8c4  ti_sysbios_gates_GateHwi_Object__DESC__C                    
0000b8e4  ti_sysbios_gates_GateMutex_Object__DESC__C                  
0000b904  ti_sysbios_heaps_HeapMem_Object__DESC__C                    
0000b924  ti_sysbios_knl_Queue_Object__DESC__C                        
0000b944  ti_sysbios_knl_Semaphore_Object__DESC__C                    
0000b964  xdc_runtime_Startup_sfxnTab__A                              
0000b9a0  ti_sysbios_gates_GateHwi_Object__PARAMS__C                  
0000b9b8  ti_sysbios_gates_GateMutex_Object__PARAMS__C                
0000b9d0  ti_sysbios_knl_Queue_Object__PARAMS__C                      
0000b9e8  GPIOMSP432_config                                           
0000b9fc  PowerMSP432_config                                          
0000ba0c  xdc_runtime_Startup_sfxnRts__A                              
0000ba28  xdc_runtime_Startup_firstFxns__A                            
0000ba3c  ti_sysbios_family_arm_m3_Hwi_excHookFuncs__A                
0000ba44  ti_sysbios_knl_Idle_funcList__A                             
0000ba4c  ti_sysbios_knl_Idle_funcList__C                             
0000ba54  xdc_runtime_Startup_firstFxns__C                            
0000ba5c  xdc_runtime_Startup_lastFxns__C                             
0000ba64  ti_sysbios_family_arm_m3_Hwi_E_NMI__C                       
0000ba68  ti_sysbios_family_arm_m3_Hwi_E_alreadyDefined__C            
0000ba6c  ti_sysbios_family_arm_m3_Hwi_E_busFault__C                  
0000ba70  ti_sysbios_family_arm_m3_Hwi_E_debugMon__C                  
0000ba74  ti_sysbios_family_arm_m3_Hwi_E_hardFault__C                 
0000ba78  ti_sysbios_family_arm_m3_Hwi_E_memFault__C                  
0000ba7c  ti_sysbios_family_arm_m3_Hwi_E_noIsr__C                     
0000ba80  ti_sysbios_family_arm_m3_Hwi_E_reserved__C                  
0000ba84  ti_sysbios_family_arm_m3_Hwi_E_svCall__C                    
0000ba88  ti_sysbios_family_arm_m3_Hwi_E_usageFault__C                
0000ba8c  ti_sysbios_family_arm_m3_Hwi_NUM_INTERRUPTS__C              
0000ba90  ti_sysbios_family_arm_m3_Hwi_Object__count__C               
0000ba94  ti_sysbios_family_arm_m3_Hwi_ccr__C                         
0000ba98  ti_sysbios_family_arm_m3_Hwi_excHandlerFunc__C              
0000ba9c  ti_sysbios_family_arm_m3_Hwi_excHookFuncs__C                
0000baa0  ti_sysbios_family_arm_m3_Hwi_nullIsrFunc__C                 
0000baa4  ti_sysbios_family_arm_m3_Hwi_priGroup__C                    
0000baa8  ti_sysbios_family_arm_msp432_Timer_numTimerDevices__C       
0000baac  ti_sysbios_family_arm_msp432_Timer_startupNeeded__C         
0000bab0  ti_sysbios_gates_GateMutex_A_badContext__C                  
0000bab4  ti_sysbios_gates_GateMutex_Instance_State_sem__O            
0000bab8  ti_sysbios_gates_GateMutex_Module__diagsEnabled__C          
0000babc  ti_sysbios_gates_GateMutex_Module__diagsIncluded__C         
0000bac0  ti_sysbios_gates_GateMutex_Module__diagsMask__C             
0000bac4  ti_sysbios_hal_Hwi_E_stackOverflow__C                       
0000bac8  ti_sysbios_heaps_HeapMem_A_align__C                         
0000bacc  ti_sysbios_heaps_HeapMem_A_heapSize__C                      
0000bad0  ti_sysbios_heaps_HeapMem_A_invalidFree__C                   
0000bad4  ti_sysbios_heaps_HeapMem_A_zeroBlock__C                     
0000bad8  ti_sysbios_heaps_HeapMem_E_memory__C                        
0000badc  ti_sysbios_heaps_HeapMem_Module__diagsEnabled__C            
0000bae0  ti_sysbios_heaps_HeapMem_Module__diagsIncluded__C           
0000bae4  ti_sysbios_heaps_HeapMem_Module__diagsMask__C               
0000bae8  ti_sysbios_heaps_HeapMem_Module__gateObj__C                 
0000baec  ti_sysbios_heaps_HeapMem_Object__count__C                   
0000baf0  ti_sysbios_heaps_HeapMem_reqAlign__C                        
0000baf4  ti_sysbios_knl_Clock_Module_State_clockQ__O                 
0000baf8  ti_sysbios_knl_Semaphore_A_badContext__C                    
0000bafc  ti_sysbios_knl_Semaphore_A_noEvents__C                      
0000bb00  ti_sysbios_knl_Semaphore_A_overflow__C                      
0000bb04  ti_sysbios_knl_Semaphore_A_pendTaskDisabled__C              
0000bb08  ti_sysbios_knl_Semaphore_Instance_State_pendQ__O            
0000bb0c  ti_sysbios_knl_Semaphore_Module__diagsEnabled__C            
0000bb10  ti_sysbios_knl_Semaphore_Module__diagsIncluded__C           
0000bb14  ti_sysbios_knl_Semaphore_Module__diagsMask__C               
0000bb18  ti_sysbios_knl_Swi_Object__count__C                         
0000bb1c  ti_sysbios_knl_Task_A_badTimeout__C                         
0000bb20  ti_sysbios_knl_Task_A_sleepTaskDisabled__C                  
0000bb24  ti_sysbios_knl_Task_E_spOutOfBounds__C                      
0000bb28  ti_sysbios_knl_Task_E_stackOverflow__C                      
0000bb2c  ti_sysbios_knl_Task_Module_State_inactiveQ__O               
0000bb30  ti_sysbios_knl_Task_Module__diagsEnabled__C                 
0000bb34  ti_sysbios_knl_Task_Module__diagsIncluded__C                
0000bb38  ti_sysbios_knl_Task_Module__diagsMask__C                    
0000bb3c  ti_sysbios_knl_Task_Object__count__C                        
0000bb40  ti_sysbios_knl_Task_allBlockedFunc__C                       
0000bb44  ti_sysbios_knl_Task_numConstructedTasks__C                  
0000bb48  xdc_runtime_Assert_E_assertFailed__C                        
0000bb4c  xdc_runtime_Core_A_initializedParams__C                     
0000bb50  xdc_runtime_Core_Module__diagsEnabled__C                    
0000bb54  xdc_runtime_Core_Module__diagsIncluded__C                   
0000bb58  xdc_runtime_Core_Module__diagsMask__C                       
0000bb5c  xdc_runtime_Error_E_memory__C                               
0000bb60  xdc_runtime_Error_Module__diagsEnabled__C                   
0000bb64  xdc_runtime_Error_Module__diagsIncluded__C                  
0000bb68  xdc_runtime_Error_Module__diagsMask__C                      
0000bb6c  xdc_runtime_Error_Module__loggerFxn8__C                     
0000bb70  xdc_runtime_Error_Module__loggerObj__C                      
0000bb74  xdc_runtime_Error_policyFxn__C                              
0000bb78  xdc_runtime_Error_raiseHook__C                              
0000bb7c  xdc_runtime_IGateProvider_Interface__BASE__C                
0000bb80  xdc_runtime_IHeap_Interface__BASE__C                        
0000bb84  xdc_runtime_IModule_Interface__BASE__C                      
0000bb88  xdc_runtime_Log_L_error__C                                  
0000bb8c  xdc_runtime_Memory_defaultHeapInstance__C                   
0000bb90  xdc_runtime_Startup_execImpl__C                             
0000bb94  xdc_runtime_Startup_maxPasses__C                            
0000bb98  xdc_runtime_Startup_sfxnRts__C                              
0000bb9c  xdc_runtime_Startup_sfxnTab__C                              
0000bba0  xdc_runtime_SysMin_bufSize__C                               
0000bba4  xdc_runtime_SysMin_outputFunc__C                            
0000bba8  xdc_runtime_System_Module__gateObj__C                       
0000bbac  xdc_runtime_System_abortFxn__C                              
0000bbb0  xdc_runtime_System_exitFxn__C                               
0000bbb4  xdc_runtime_System_extendFxn__C                             
0000bbb8  xdc_runtime_System_maxAtexitHandlers__C                     
0000bbbc  xdc_runtime_Text_charTab__C                                 
0000bbc0  xdc_runtime_Text_nameEmpty__C                               
0000bbc4  xdc_runtime_Text_nameStatic__C                              
0000bbc8  xdc_runtime_Text_nameUnknown__C                             
0000bbcc  xdc_runtime_Text_nodeTab__C                                 
0000bbd0  xdc_runtime_Text_visitRopeFxn__C                            
0000bbd4  ti_sysbios_gates_GateMutex_Module__id__C                    
0000bbd6  ti_sysbios_hal_Hwi_Module__id__C                            
0000bbd8  ti_sysbios_heaps_HeapMem_Module__id__C                      
0000bbda  ti_sysbios_knl_Semaphore_Module__id__C                      
0000bbdc  ti_sysbios_knl_Task_Module__id__C                           
0000bbde  xdc_runtime_Core_Module__id__C                              
0000bbe0  xdc_runtime_Error_Module__loggerDefined__C                  
0000bbe2  xdc_runtime_Error_maxDepth__C                               
0000bbe4  xdc_runtime_Memory_Module__id__C                            
0000bbe6  xdc_runtime_SysMin_flushAtExit__C                           
0000bbe8  xdc_runtime_Text_charCnt__C                                 
0000bbea  xdc_runtime_Text_isLoaded__C                                
0000bbec  xdc_runtime_Text_registryModsLastId__C                      
0000bbee  xdc_runtime_Text_unnamedModsLastId__C                       
0000bbf0  xdc_runtime_Error_policy__C                                 
0000bbf8  __TI_static_base__                                          
0000beac  __TI_Handler_Table_Base                                     
0000beb8  __TI_Handler_Table_Limit                                    
0000bec8  __TI_CINIT_Base                                             
0000bee0  __TI_CINIT_Limit                                            
20000000  ti_sysbios_family_arm_m3_Hwi_ramVectors                     
20000140  DisplayBuffer                                               
20003020  ti_sysbios_knl_Task_Instance_State_0_stack__A               
20003220  ti_sysbios_knl_Task_Instance_State_1_stack__A               
20003a20  ti_sysbios_knl_Task_Instance_State_2_stack__A               
20003c20  ti_sysbios_heaps_HeapMem_Instance_State_0_buf__A            
20004020  ti_sysbios_family_arm_m3_Hwi_dispatchTable                  
20004160  __CIOBUF_                                                   
20004280  i2cMSP432Objects                                            
20004358  xdc_runtime_SysMin_Module_State_0_outbuf__A                 
20004408  pwmTimerMSP432Objects                                       
20004438  parmbuf                                                     
20004440  ti_sysbios_knl_Task_Object__table__V                        
20004524  PowerMSP432_perfLevels                                      
20004640  ti_sysbios_knl_Swi_Module_State_0_readyQ__A                 
200046c0  ti_sysbios_knl_Task_Module_State_0_readyQ__A                
20004740  gpioCallbackFunctions                                       
200047ac  gpioPinConfigs                                              
20004818  ti_sysbios_family_arm_msp432_Timer_Object__table__V         
20004864  ti_sysbios_knl_Task_Module__state__V                        
200048a8  ti_sysbios_gates_GateMutex_Object__table__V                 
200048e0  ti_sysbios_family_arm_m3_Hwi_Module__state__V               
20004944  ti_sysbios_knl_Swi_Object__table__V                         
20004974  ti_sysbios_knl_Clock_Module__state__V                       
200049a0  PowerMSP432_module                                          
200049c8  ti_sysbios_BIOS_Module__state__V                            
200049ec  ti_sysbios_family_arm_msp432_Timer_Module_State_0_device__A 
20004a0c  ti_sysbios_knl_Swi_Module__state__V                         
20004a28  ti_sysbios_family_arm_m3_Hwi_Object__table__V               
20004a40  ti_sysbios_heaps_HeapMem_Object__table__V                   
20004a58  ti_sysbios_family_arm_msp432_Timer_Module_State_0_handles__A
20004a68  __TI_cleanup_ptr                                            
20004a6c  __TI_dtors_ptr                                              
20004a70  __TI_enable_exit_profile_output                             
20004a74  ti_sysbios_family_arm_msp432_ClockFreqs_Module__state__V    
20004a80  ti_sysbios_family_arm_msp432_Timer_Module__state__V         
20004a8c  xdc_runtime_SysMin_Module__state__V                         
20004a98  _lock                                                       
20004a9c  _unlock                                                     
20004aa0  ti_sysbios_family_arm_m3_Hwi_Module__root__V                
20004aa8  ti_sysbios_gates_GateHwi_Module__root__V                    
20004ab0  ti_sysbios_gates_GateMutex_Module__root__V                  
20004ab8  ti_sysbios_heaps_HeapMem_Module__root__V                    
20004ac0  ti_sysbios_knl_Queue_Module__root__V                        
20004ac8  ti_sysbios_knl_Semaphore_Module__root__V                    
20004ad0  xdc_runtime_Registry_Module__state__V                       
20004ad8  xdc_runtime_Startup_Module__state__V                        
20004ae0  xdc_runtime_System_Module_State_0_atexitHandlers__A         
20004ae8  xdc_runtime_System_Module__state__V                         
20004af8  errno                                                       
20004afc  main_func_sp                                                
20004b00  ti_sysbios_family_arm_m3_Hwi_Module_State_0_excContext__A   
20004b04  ti_sysbios_family_arm_m3_Hwi_Module_State_0_excStack__A     
20004b08  ti_sysbios_gates_GateHwi_Object__table__V                   
20004b0c  ti_sysbios_knl_Task_Module_State_0_idleTask__A              
20004b10  xdc_runtime_Memory_Module__state__V                         
20004b14  VCOMbit                                                     
20004b15  flagSendToggleVCOMCommand                                   
20004b16  ti_sysbios_family_arm_m3_Hwi_Module_State_0_excActive__A    
20004b18  xdc_runtime_Error_Module__state__V                          
20004b1b  state                                                       
2000fd00  __stack                                                     
20010000  __STACK_END                                                 
4000480c  WDTCTL_SYM                                                  
e000e000  ti_sysbios_family_arm_m3_Hwi_nvic                           
ffffffff  __TI_pprof_out_hndl                                         
ffffffff  __TI_prof_data_size                                         
ffffffff  __TI_prof_data_start                                        
ffffffff  __binit__                                                   
ffffffff  __c_args__                                                  
ffffffff  binit                                                       
UNDEFED   SHT$$INIT_ARRAY$$Base                                       
UNDEFED   SHT$$INIT_ARRAY$$Limit                                      

[679 symbols]
